
Memory Configuration

Name             Origin             Length             Attributes
Flash            0x00000000         0x20000000         xr
SRAM             0x20000000         0x20000000         xrw
*default*        0x00000000         0xffffffff

Linker script and memory map


.text           0x00000000      0x19c
 *(.vectors*)
 .vectors       0x00000000       0x10 startup.o
                0x00000000                fun_to_vectors
                0x00000010                . = ALIGN (0x4)
 *(.text*)
 .text          0x00000010       0xd0 main.o
                0x00000010                main
 .text          0x000000e0       0xbc startup.o
                0x000000e0                reset_handler
                0x00000190                default_handler
                0x00000190                H_fault_handler
                0x00000190                NMI_handler
                0x0000019c                . = ALIGN (0x4)
 *(.rodata*)
                0x0000019c                . = ALIGN (0x4)
                0x0000019c                _E_TEXT = .

.glue_7         0x0000019c        0x0
 .glue_7        0x00000000        0x0 linker stubs

.glue_7t        0x0000019c        0x0
 .glue_7t       0x00000000        0x0 linker stubs

.vfp11_veneer   0x0000019c        0x0
 .vfp11_veneer  0x00000000        0x0 linker stubs

.v4_bx          0x0000019c        0x0
 .v4_bx         0x00000000        0x0 linker stubs

.iplt           0x0000019c        0x0
 .iplt          0x00000000        0x0 main.o

.rel.dyn        0x0000019c        0x0
 .rel.iplt      0x00000000        0x0 main.o

.data           0x20000000        0x0 load address 0x0000019c
                0x20000000                _S_DATA = .
 *(.data*)
 .data          0x20000000        0x0 main.o
 .data          0x20000000        0x0 startup.o
                0x20000000                . = ALIGN (0x4)
                0x20000000                _E_DATA = .

.igot.plt       0x20000000        0x0 load address 0x0000019c
 .igot.plt      0x00000000        0x0 main.o

.bss            0x20000000      0x400 load address 0x0000019c
                0x20000000                _S_bss = .
 *(.bss*)
 .bss           0x20000000        0x0 main.o
 .bss           0x20000000      0x400 startup.o
                0x20000400                . = ALIGN (0x4)
                0x20000400                _E_bss = .
LOAD main.o
LOAD startup.o
OUTPUT(unit3_lab3_cortex_m4.elf elf32-littlearm)

.debug_info     0x00000000      0x22a
 .debug_info    0x00000000       0xa8 main.o
 .debug_info    0x000000a8      0x182 startup.o

.debug_abbrev   0x00000000      0x12d
 .debug_abbrev  0x00000000       0x67 main.o
 .debug_abbrev  0x00000067       0xc6 startup.o

.debug_loc      0x00000000       0x9c
 .debug_loc     0x00000000       0x38 main.o
 .debug_loc     0x00000038       0x64 startup.o

.debug_aranges  0x00000000       0x40
 .debug_aranges
                0x00000000       0x20 main.o
 .debug_aranges
                0x00000020       0x20 startup.o

.debug_line     0x00000000      0x11e
 .debug_line    0x00000000       0xa8 main.o
 .debug_line    0x000000a8       0x76 startup.o

.debug_str      0x00000000      0x150
 .debug_str     0x00000000       0xc1 main.o
                                 0xf5 (size before relaxing)
 .debug_str     0x000000c1       0x8f startup.o
                                0x163 (size before relaxing)

.comment        0x00000000       0x11
 .comment       0x00000000       0x11 main.o
                                 0x12 (size before relaxing)
 .comment       0x00000000       0x12 startup.o

.ARM.attributes
                0x00000000       0x33
 .ARM.attributes
                0x00000000       0x33 main.o
 .ARM.attributes
                0x00000033       0x33 startup.o

.debug_frame    0x00000000       0x78
 .debug_frame   0x00000000       0x2c main.o
 .debug_frame   0x0000002c       0x4c startup.o
