stm32_f103c6_driver_USART.c:32:6:MCAL_UART_Init	24	static
stm32_f103c6_driver_USART.c:110:6:MCAL_UART_Deinit	16	static
stm32_f103c6_driver_USART.c:139:6:MCAL_UART_SendData	24	static
stm32_f103c6_driver_USART.c:163:6:MCAL_UART_WAIT_TC	16	static
stm32_f103c6_driver_USART.c:179:6:MCAL_UART_ReceiveData	24	static
stm32_f103c6_driver_USART.c:219:6:MCAL_UART_GPIO_Sett_Pins	24	static
stm32_f103c6_driver_USART.c:327:6:USART1_IRQHandler	8	static
stm32_f103c6_driver_USART.c:333:6:USART2_IRQHandler	8	static
stm32_f103c6_driver_USART.c:338:6:USART3_IRQHandler	8	static
