stm32_f103c6_driver_EXTI.c:31:6:Enable_NVIC	16	static
stm32_f103c6_driver_EXTI.c:68:6:Disable_NVIC	16	static
stm32_f103c6_driver_EXTI.c:109:6:Update_EXTI	24	static
stm32_f103c6_driver_EXTI.c:171:6:MCAL_EXTI_GPIO_DeInit	4	static
stm32_f103c6_driver_EXTI.c:201:6:MCAL_EXTI_GPIO_Init	16	static
stm32_f103c6_driver_EXTI.c:213:6:MCAL_EXTI_GPIO_Update	16	static
stm32_f103c6_driver_EXTI.c:224:6:EXTI0_IRQHandler	8	static
stm32_f103c6_driver_EXTI.c:231:6:EXTI1_IRQHandler	8	static
stm32_f103c6_driver_EXTI.c:237:6:EXTI2_IRQHandler	8	static
stm32_f103c6_driver_EXTI.c:243:6:EXTI3_IRQHandler	8	static
stm32_f103c6_driver_EXTI.c:249:6:EXTI4_IRQHandler	8	static
stm32_f103c6_driver_EXTI.c:256:6:EXTI9_5_IRQHandler	8	static
stm32_f103c6_driver_EXTI.c:267:6:EXTI15_10_IRQHandler	8	static
