Archive member included to satisfy reference by file (symbol)

c:/st/stm32cubeide_1.4.0/stm32cubeide/plugins/com.st.stm32cube.ide.mcu.externaltools.gnu-tools-for-stm32.7-2018-q2-update.win32_1.4.0.202007081208/tools/bin/../lib/gcc/arm-none-eabi/7.3.1/../../../../arm-none-eabi/lib/thumb/v7e-m/fpv4-sp/hard\libc_nano.a(lib_a-errno.o)
                              Src/syscalls.o (__errno)
c:/st/stm32cubeide_1.4.0/stm32cubeide/plugins/com.st.stm32cube.ide.mcu.externaltools.gnu-tools-for-stm32.7-2018-q2-update.win32_1.4.0.202007081208/tools/bin/../lib/gcc/arm-none-eabi/7.3.1/../../../../arm-none-eabi/lib/thumb/v7e-m/fpv4-sp/hard\libc_nano.a(lib_a-exit.o)
                              c:/st/stm32cubeide_1.4.0/stm32cubeide/plugins/com.st.stm32cube.ide.mcu.externaltools.gnu-tools-for-stm32.7-2018-q2-update.win32_1.4.0.202007081208/tools/bin/../lib/gcc/arm-none-eabi/7.3.1/../../../../arm-none-eabi/lib/thumb/v7e-m/fpv4-sp/hard/crt0.o (exit)
c:/st/stm32cubeide_1.4.0/stm32cubeide/plugins/com.st.stm32cube.ide.mcu.externaltools.gnu-tools-for-stm32.7-2018-q2-update.win32_1.4.0.202007081208/tools/bin/../lib/gcc/arm-none-eabi/7.3.1/../../../../arm-none-eabi/lib/thumb/v7e-m/fpv4-sp/hard\libc_nano.a(lib_a-impure.o)
                              c:/st/stm32cubeide_1.4.0/stm32cubeide/plugins/com.st.stm32cube.ide.mcu.externaltools.gnu-tools-for-stm32.7-2018-q2-update.win32_1.4.0.202007081208/tools/bin/../lib/gcc/arm-none-eabi/7.3.1/../../../../arm-none-eabi/lib/thumb/v7e-m/fpv4-sp/hard\libc_nano.a(lib_a-exit.o) (_global_impure_ptr)
c:/st/stm32cubeide_1.4.0/stm32cubeide/plugins/com.st.stm32cube.ide.mcu.externaltools.gnu-tools-for-stm32.7-2018-q2-update.win32_1.4.0.202007081208/tools/bin/../lib/gcc/arm-none-eabi/7.3.1/../../../../arm-none-eabi/lib/thumb/v7e-m/fpv4-sp/hard\libc_nano.a(lib_a-init.o)
                              c:/st/stm32cubeide_1.4.0/stm32cubeide/plugins/com.st.stm32cube.ide.mcu.externaltools.gnu-tools-for-stm32.7-2018-q2-update.win32_1.4.0.202007081208/tools/bin/../lib/gcc/arm-none-eabi/7.3.1/../../../../arm-none-eabi/lib/thumb/v7e-m/fpv4-sp/hard/crt0.o (__libc_init_array)
c:/st/stm32cubeide_1.4.0/stm32cubeide/plugins/com.st.stm32cube.ide.mcu.externaltools.gnu-tools-for-stm32.7-2018-q2-update.win32_1.4.0.202007081208/tools/bin/../lib/gcc/arm-none-eabi/7.3.1/../../../../arm-none-eabi/lib/thumb/v7e-m/fpv4-sp/hard\libc_nano.a(lib_a-memset.o)
                              c:/st/stm32cubeide_1.4.0/stm32cubeide/plugins/com.st.stm32cube.ide.mcu.externaltools.gnu-tools-for-stm32.7-2018-q2-update.win32_1.4.0.202007081208/tools/bin/../lib/gcc/arm-none-eabi/7.3.1/../../../../arm-none-eabi/lib/thumb/v7e-m/fpv4-sp/hard/crt0.o (memset)
c:/st/stm32cubeide_1.4.0/stm32cubeide/plugins/com.st.stm32cube.ide.mcu.externaltools.gnu-tools-for-stm32.7-2018-q2-update.win32_1.4.0.202007081208/tools/bin/../lib/gcc/arm-none-eabi/7.3.1/thumb/v7e-m/fpv4-sp/hard\libgcc.a(_arm_addsubdf3.o)
                              Inc/HAL/US/US.o (__aeabi_dadd)
c:/st/stm32cubeide_1.4.0/stm32cubeide/plugins/com.st.stm32cube.ide.mcu.externaltools.gnu-tools-for-stm32.7-2018-q2-update.win32_1.4.0.202007081208/tools/bin/../lib/gcc/arm-none-eabi/7.3.1/thumb/v7e-m/fpv4-sp/hard\libgcc.a(_arm_muldivdf3.o)
                              Inc/HAL/US/US.o (__aeabi_dmul)
c:/st/stm32cubeide_1.4.0/stm32cubeide/plugins/com.st.stm32cube.ide.mcu.externaltools.gnu-tools-for-stm32.7-2018-q2-update.win32_1.4.0.202007081208/tools/bin/../lib/gcc/arm-none-eabi/7.3.1/thumb/v7e-m/fpv4-sp/hard\libgcc.a(_arm_fixunsdfsi.o)
                              Inc/HAL/US/US.o (__aeabi_d2uiz)

Allocating common symbols
Common symbol       size              file

arr                 0x190             Src/main.o
kSum                0x4               Src/main.o
j                   0x1               Src/main.o
iSum                0x4               Src/main.o
GlobalP2F_TIM17     0x10              Inc/MCAL/ICU/ICU_program.o
GlobalP2F_TIM4      0x10              Inc/MCAL/ICU/ICU_program.o
l                   0x1               Src/main.o
k                   0x1               Src/main.o
jAvg                0x1               Src/main.o
GlobalP2F_TIM2      0x10              Inc/MCAL/ICU/ICU_program.o
i                   0x1               Src/main.o
lsum                0x4               Src/main.o
jSum                0x4               Src/main.o
kAvg                0x1               Src/main.o
iAvg                0x1               Src/main.o
STK_u8ModeOfInterval
                    0x1               Inc/MCAL/STK/STK_program.o
lAvg                0x1               Src/main.o

Discarded input sections

 .text          0x0000000000000000        0x0 c:/st/stm32cubeide_1.4.0/stm32cubeide/plugins/com.st.stm32cube.ide.mcu.externaltools.gnu-tools-for-stm32.7-2018-q2-update.win32_1.4.0.202007081208/tools/bin/../lib/gcc/arm-none-eabi/7.3.1/thumb/v7e-m/fpv4-sp/hard/crti.o
[...]
Memory Configuration

Name             Origin             Length             Attributes
RAM              0x0000000020000000 0x0000000000010000 xrw
ROM              0x0000000008000000 0x0000000000080000 xr
*default*        0x0000000000000000 0xffffffffffffffff

Linker script and memory map

LOAD c:/st/stm32cubeide_1.4.0/stm32cubeide/plugins/com.st.stm32cube.ide.mcu.externaltools.gnu-tools-for-stm32.7-2018-q2-update.win32_1.4.0.202007081208/tools/bin/../lib/gcc/arm-none-eabi/7.3.1/thumb/v7e-m/fpv4-sp/hard/crti.o
LOAD c:/st/stm32cubeide_1.4.0/stm32cubeide/plugins/com.st.stm32cube.ide.mcu.externaltools.gnu-tools-for-stm32.7-2018-q2-update.win32_1.4.0.202007081208/tools/bin/../lib/gcc/arm-none-eabi/7.3.1/thumb/v7e-m/fpv4-sp/hard/crtbegin.o
LOAD c:/st/stm32cubeide_1.4.0/stm32cubeide/plugins/com.st.stm32cube.ide.mcu.externaltools.gnu-tools-for-stm32.7-2018-q2-update.win32_1.4.0.202007081208/tools/bin/../lib/gcc/arm-none-eabi/7.3.1/../../../../arm-none-eabi/lib/thumb/v7e-m/fpv4-sp/hard/crt0.o
LOAD Inc/HAL/DCMOTOR/DCMOTOR.o
LOAD Inc/HAL/US/US.o
LOAD Inc/LIB/SW_Delay.o
LOAD Inc/MCAL/GPIO/GPIO_program.o
LOAD Inc/MCAL/ICU/ICU_program.o
LOAD Inc/MCAL/NVIC/nvic.o
LOAD Inc/MCAL/PWM/PWM_program.o
LOAD Inc/MCAL/RCC/RCC_program.o
LOAD Inc/MCAL/STK/STK_program.o
LOAD Inc/SERVICES/C1_US_SLCT/C1_US_SLCT.o
LOAD Inc/SERVICES/C2_VCLE_CNTRL/C2_VCLE_CNTRL.o
LOAD Inc/SERVICES/C3_VCLE_ALIGN/C3_VCLE_ALIGN.o
LOAD Inc/SERVICES/C4_SLOT_FIND/C4_SLOT_FIND.o
LOAD Inc/SERVICES/C5_PARKING/C5_PARKING.o
LOAD Inc/SERVICES/SYS_DIG_Mng/SYS_DIG_MNG.o
LOAD Src/main.o
LOAD Src/syscalls.o
LOAD Src/sysmem.o
LOAD Startup/startup_stm32f303retx.o
START GROUP
LOAD c:/st/stm32cubeide_1.4.0/stm32cubeide/plugins/com.st.stm32cube.ide.mcu.externaltools.gnu-tools-for-stm32.7-2018-q2-update.win32_1.4.0.202007081208/tools/bin/../lib/gcc/arm-none-eabi/7.3.1/../../../../arm-none-eabi/lib/thumb/v7e-m/fpv4-sp/hard\libc_nano.a
LOAD c:/st/stm32cubeide_1.4.0/stm32cubeide/plugins/com.st.stm32cube.ide.mcu.externaltools.gnu-tools-for-stm32.7-2018-q2-update.win32_1.4.0.202007081208/tools/bin/../lib/gcc/arm-none-eabi/7.3.1/../../../../arm-none-eabi/lib/thumb/v7e-m/fpv4-sp/hard\libm.a
END GROUP
START GROUP
LOAD c:/st/stm32cubeide_1.4.0/stm32cubeide/plugins/com.st.stm32cube.ide.mcu.externaltools.gnu-tools-for-stm32.7-2018-q2-update.win32_1.4.0.202007081208/tools/bin/../lib/gcc/arm-none-eabi/7.3.1/thumb/v7e-m/fpv4-sp/hard\libgcc.a
LOAD c:/st/stm32cubeide_1.4.0/stm32cubeide/plugins/com.st.stm32cube.ide.mcu.externaltools.gnu-tools-for-stm32.7-2018-q2-update.win32_1.4.0.202007081208/tools/bin/../lib/gcc/arm-none-eabi/7.3.1/../../../../arm-none-eabi/lib/thumb/v7e-m/fpv4-sp/hard\libc_nano.a
END GROUP
START GROUP
LOAD c:/st/stm32cubeide_1.4.0/stm32cubeide/plugins/com.st.stm32cube.ide.mcu.externaltools.gnu-tools-for-stm32.7-2018-q2-update.win32_1.4.0.202007081208/tools/bin/../lib/gcc/arm-none-eabi/7.3.1/thumb/v7e-m/fpv4-sp/hard\libgcc.a
LOAD c:/st/stm32cubeide_1.4.0/stm32cubeide/plugins/com.st.stm32cube.ide.mcu.externaltools.gnu-tools-for-stm32.7-2018-q2-update.win32_1.4.0.202007081208/tools/bin/../lib/gcc/arm-none-eabi/7.3.1/../../../../arm-none-eabi/lib/thumb/v7e-m/fpv4-sp/hard\libc_nano.a
LOAD c:/st/stm32cubeide_1.4.0/stm32cubeide/plugins/com.st.stm32cube.ide.mcu.externaltools.gnu-tools-for-stm32.7-2018-q2-update.win32_1.4.0.202007081208/tools/bin/../lib/gcc/arm-none-eabi/7.3.1/../../../../arm-none-eabi/lib/thumb/v7e-m/fpv4-sp/hard\libnosys.a
END GROUP
START GROUP
LOAD c:/st/stm32cubeide_1.4.0/stm32cubeide/plugins/com.st.stm32cube.ide.mcu.externaltools.gnu-tools-for-stm32.7-2018-q2-update.win32_1.4.0.202007081208/tools/bin/../lib/gcc/arm-none-eabi/7.3.1/thumb/v7e-m/fpv4-sp/hard\libgcc.a
LOAD c:/st/stm32cubeide_1.4.0/stm32cubeide/plugins/com.st.stm32cube.ide.mcu.externaltools.gnu-tools-for-stm32.7-2018-q2-update.win32_1.4.0.202007081208/tools/bin/../lib/gcc/arm-none-eabi/7.3.1/../../../../arm-none-eabi/lib/thumb/v7e-m/fpv4-sp/hard\libc_nano.a
LOAD c:/st/stm32cubeide_1.4.0/stm32cubeide/plugins/com.st.stm32cube.ide.mcu.externaltools.gnu-tools-for-stm32.7-2018-q2-update.win32_1.4.0.202007081208/tools/bin/../lib/gcc/arm-none-eabi/7.3.1/../../../../arm-none-eabi/lib/thumb/v7e-m/fpv4-sp/hard\libnosys.a
END GROUP
LOAD c:/st/stm32cubeide_1.4.0/stm32cubeide/plugins/com.st.stm32cube.ide.mcu.externaltools.gnu-tools-for-stm32.7-2018-q2-update.win32_1.4.0.202007081208/tools/bin/../lib/gcc/arm-none-eabi/7.3.1/thumb/v7e-m/fpv4-sp/hard/crtend.o
LOAD c:/st/stm32cubeide_1.4.0/stm32cubeide/plugins/com.st.stm32cube.ide.mcu.externaltools.gnu-tools-for-stm32.7-2018-q2-update.win32_1.4.0.202007081208/tools/bin/../lib/gcc/arm-none-eabi/7.3.1/thumb/v7e-m/fpv4-sp/hard/crtn.o
                0x0000000020010000                _estack = (ORIGIN (RAM) + LENGTH (RAM))
                0x0000000000000200                _Min_Heap_Size = 0x200
                0x0000000000000400                _Min_Stack_Size = 0x400

.isr_vector     0x0000000008000000      0x194
                0x0000000008000000                . = ALIGN (0x4)
 *(.isr_vector)
 .isr_vector    0x0000000008000000      0x194 Startup/startup_stm32f303retx.o
                0x0000000008000000                g_pfnVectors
                0x0000000008000194                . = ALIGN (0x4)

.text           0x0000000008000198     0x2b1c
                0x0000000008000198                . = ALIGN (0x4)
 *(.text)
 .text          0x0000000008000198       0x40 c:/st/stm32cubeide_1.4.0/stm32cubeide/plugins/com.st.stm32cube.ide.mcu.externaltools.gnu-tools-for-stm32.7-2018-q2-update.win32_1.4.0.202007081208/tools/bin/../lib/gcc/arm-none-eabi/7.3.1/thumb/v7e-m/fpv4-sp/hard/crtbegin.o
 .text          0x00000000080001d8      0x378 c:/st/stm32cubeide_1.4.0/stm32cubeide/plugins/com.st.stm32cube.ide.mcu.externaltools.gnu-tools-for-stm32.7-2018-q2-update.win32_1.4.0.202007081208/tools/bin/../lib/gcc/arm-none-eabi/7.3.1/thumb/v7e-m/fpv4-sp/hard\libgcc.a(_arm_addsubdf3.o)
                0x00000000080001d8                __aeabi_drsub
                0x00000000080001e0                __aeabi_dsub
                0x00000000080001e0                __subdf3
                0x00000000080001e4                __aeabi_dadd
                0x00000000080001e4                __adddf3
                0x000000000800045c                __floatunsidf
                0x000000000800045c                __aeabi_ui2d
                0x000000000800047c                __floatsidf
                0x000000000800047c                __aeabi_i2d
                0x00000000080004a0                __aeabi_f2d
                0x00000000080004a0                __extendsfdf2
                0x00000000080004e4                __floatundidf
                0x00000000080004e4                __aeabi_ul2d
                0x00000000080004f4                __floatdidf
                0x00000000080004f4                __aeabi_l2d
 .text          0x0000000008000550      0x424 c:/st/stm32cubeide_1.4.0/stm32cubeide/plugins/com.st.stm32cube.ide.mcu.externaltools.gnu-tools-for-stm32.7-2018-q2-update.win32_1.4.0.202007081208/tools/bin/../lib/gcc/arm-none-eabi/7.3.1/thumb/v7e-m/fpv4-sp/hard\libgcc.a(_arm_muldivdf3.o)
                0x0000000008000550                __aeabi_dmul
                0x0000000008000550                __muldf3
                0x00000000080007a4                __divdf3
                0x00000000080007a4                __aeabi_ddiv
 .text          0x0000000008000974       0x40 c:/st/stm32cubeide_1.4.0/stm32cubeide/plugins/com.st.stm32cube.ide.mcu.externaltools.gnu-tools-for-stm32.7-2018-q2-update.win32_1.4.0.202007081208/tools/bin/../lib/gcc/arm-none-eabi/7.3.1/thumb/v7e-m/fpv4-sp/hard\libgcc.a(_arm_fixunsdfsi.o)
                0x0000000008000974                __aeabi_d2uiz
                0x0000000008000974                __fixunsdfsi
 *(.text*)
 .text.DCMOTOR_voidInit
                0x00000000080009b4       0xf4 Inc/HAL/DCMOTOR/DCMOTOR.o
                0x00000000080009b4                DCMOTOR_voidInit
 .text.DCMOTOR_voidSetDirection
                0x0000000008000aa8       0x94 Inc/HAL/DCMOTOR/DCMOTOR.o
                0x0000000008000aa8                DCMOTOR_voidSetDirection
 .text.DCMOTOR_voidSetSpeed
                0x0000000008000b3c       0x38 Inc/HAL/DCMOTOR/DCMOTOR.o
                0x0000000008000b3c                DCMOTOR_voidSetSpeed
 *fill*         0x0000000008000b74        0x4 
 .text.ICU_TIM2_EdgeCallback
                0x0000000008000b78      0x12c Inc/HAL/US/US.o
 .text.US_voidInit
                0x0000000008000ca4      0x100 Inc/HAL/US/US.o
                0x0000000008000ca4                US_voidInit
 *fill*         0x0000000008000da4        0x4 
 .text.US_voidGetDistanceSynch
                0x0000000008000da8      0x15c Inc/HAL/US/US.o
                0x0000000008000da8                US_voidGetDistanceSynch
 .text.delay_init
                0x0000000008000f04        0xc Inc/LIB/SW_Delay.o
                0x0000000008000f04                delay_init
 .text.delay_us
                0x0000000008000f10       0x1a Inc/LIB/SW_Delay.o
                0x0000000008000f10                delay_us
 .text.delay_ms
                0x0000000008000f2a       0x1a Inc/LIB/SW_Delay.o
                0x0000000008000f2a                delay_ms
 .text.GPIO_voidSetPinDirection
                0x0000000008000f44      0x41c Inc/MCAL/GPIO/GPIO_program.o
                0x0000000008000f44                GPIO_voidSetPinDirection
 .text.GPIO_voidSetPinValue
                0x0000000008001360       0xe8 Inc/MCAL/GPIO/GPIO_program.o
                0x0000000008001360                GPIO_voidSetPinValue
 .text.GPIO_voidSetAFIO
                0x0000000008001448      0x160 Inc/MCAL/GPIO/GPIO_program.o
                0x0000000008001448                GPIO_voidSetAFIO
 .text.ICU_voidInit
                0x00000000080015a8      0x7a0 Inc/MCAL/ICU/ICU_program.o
                0x00000000080015a8                ICU_voidInit
 .text.ICU_voidGetCapturedValueSynch
                0x0000000008001d48      0x120 Inc/MCAL/ICU/ICU_program.o
                0x0000000008001d48                ICU_voidGetCapturedValueSynch
 .text.ICU_voidGetCapturedValueAsynch
                0x0000000008001e68       0x60 Inc/MCAL/ICU/ICU_program.o
                0x0000000008001e68                ICU_voidGetCapturedValueAsynch
 .text.ICU_voidDisableChannelIRQ
                0x0000000008001ec8      0x138 Inc/MCAL/ICU/ICU_program.o
                0x0000000008001ec8                ICU_voidDisableChannelIRQ
 .text.ICU_voidResetTimer
                0x0000000008002000       0x4c Inc/MCAL/ICU/ICU_program.o
                0x0000000008002000                ICU_voidResetTimer
 .text.TIM2_IRQHandler
                0x000000000800204c       0xb0 Inc/MCAL/ICU/ICU_program.o
                0x000000000800204c                TIM2_IRQHandler
 .text.TIM4_IRQHandler
                0x00000000080020fc       0x3c Inc/MCAL/ICU/ICU_program.o
                0x00000000080020fc                TIM4_IRQHandler
 .text.nvic_enableInterrupt
                0x0000000008002138       0x48 Inc/MCAL/NVIC/nvic.o
                0x0000000008002138                nvic_enableInterrupt
 .text.PWM_voidInit
                0x0000000008002180      0x18c Inc/MCAL/PWM/PWM_program.o
                0x0000000008002180                PWM_voidInit
 .text.PWM_voidSetDutyCycle
                0x000000000800230c       0x38 Inc/MCAL/PWM/PWM_program.o
                0x000000000800230c                PWM_voidSetDutyCycle
 .text.RCC_voidEnableClock
                0x0000000008002344       0x80 Inc/MCAL/RCC/RCC_program.o
                0x0000000008002344                RCC_voidEnableClock
 .text.RCC_voidInitSysClocks
                0x00000000080023c4       0x50 Inc/MCAL/RCC/RCC_program.o
                0x00000000080023c4                RCC_voidInitSysClocks
 .text.STK_u32ConfigInterval
                0x0000000008002414       0x28 Inc/MCAL/STK/STK_program.o
 .text.STK_voidInit
                0x000000000800243c       0x20 Inc/MCAL/STK/STK_program.o
                0x000000000800243c                STK_voidInit
 .text.STK_voidSetBusyWait_MS
                0x000000000800245c       0x68 Inc/MCAL/STK/STK_program.o
                0x000000000800245c                STK_voidSetBusyWait_MS
 .text.STK_voidSetBusyWait_US
                0x00000000080024c4       0x6c Inc/MCAL/STK/STK_program.o
                0x00000000080024c4                STK_voidSetBusyWait_US
 .text.SysTick_Handler
                0x0000000008002530       0x60 Inc/MCAL/STK/STK_program.o
                0x0000000008002530                SysTick_Handler
 .text.APPC1_Init
                0x0000000008002590       0x54 Inc/SERVICES/C1_US_SLCT/C1_US_SLCT.o
                0x0000000008002590                APPC1_Init
 .text.APPC1_SelectUltrasonc
                0x00000000080025e4       0x7c Inc/SERVICES/C1_US_SLCT/C1_US_SLCT.o
                0x00000000080025e4                APPC1_SelectUltrasonc
 .text.C4_StaticGetFourDistance
                0x0000000008002660      0x11c Inc/SERVICES/C1_US_SLCT/C1_US_SLCT.o
                0x0000000008002660                C4_StaticGetFourDistance
 .text.C2VCONTROL_voidInit
                0x000000000800277c       0x64 Inc/SERVICES/C2_VCLE_CNTRL/C2_VCLE_CNTRL.o
                0x000000000800277c                C2VCONTROL_voidInit
 .text.C2VCONTROL_voidChangeDirection
                0x00000000080027e0      0x124 Inc/SERVICES/C2_VCLE_CNTRL/C2_VCLE_CNTRL.o
                0x00000000080027e0                C2VCONTROL_voidChangeDirection
 .text.C4SLTFIND_voidInit
                0x0000000008002904        0xe Inc/SERVICES/C4_SLOT_FIND/C4_SLOT_FIND.o
                0x0000000008002904                C4SLTFIND_voidInit
 .text.C5VCLEPRK_voidInitParking
                0x0000000008002912        0xc Inc/SERVICES/C5_PARKING/C5_PARKING.o
                0x0000000008002912                C5VCLEPRK_voidInitParking
 .text.C5VCLEPRK_voidStartParking3
                0x000000000800291e      0x162 Inc/SERVICES/C5_PARKING/C5_PARKING.o
                0x000000000800291e                C5VCLEPRK_voidStartParking3
 .text.DIGMngr_voidInit
                0x0000000008002a80        0xe Inc/SERVICES/SYS_DIG_Mng/SYS_DIG_MNG.o
                0x0000000008002a80                DIGMngr_voidInit
 *fill*         0x0000000008002a8e        0x2 
 .text.main     0x0000000008002a90      0x170 Src/main.o
                0x0000000008002a90                main
 .text.Reset_Handler
                0x0000000008002c00       0x50 Startup/startup_stm32f303retx.o
                0x0000000008002c00                Reset_Handler
 .text.Default_Handler
                0x0000000008002c50        0x2 Startup/startup_stm32f303retx.o
                0x0000000008002c50                TIM8_TRG_COM_IRQHandler
                0x0000000008002c50                TIM8_CC_IRQHandler
                0x0000000008002c50                DebugMon_Handler
                0x0000000008002c50                DMA1_CH4_IRQHandler
                0x0000000008002c50                SPI4_IRQHandler
                0x0000000008002c50                TIM1_CC_IRQHandler
                0x0000000008002c50                HardFault_Handler
                0x0000000008002c50                USB_HP_IRQHandler
                0x0000000008002c50                I2C2_EV_EXTI24_IRQHandler
                0x0000000008002c50                USB_WKUP_EXTI_IRQHandler
                0x0000000008002c50                PVD_IRQHandler
                0x0000000008002c50                UART4_EXTI34_IRQHandler
                0x0000000008002c50                TAMP_STAMP_IRQHandler
                0x0000000008002c50                PendSV_Handler
                0x0000000008002c50                NMI_Handler
                0x0000000008002c50                EXTI3_IRQHandler
                0x0000000008002c50                I2C3_ER_IRQHandler
                0x0000000008002c50                TIM6_DACUNDER_IRQHandler
                0x0000000008002c50                USB_HP_CAN_TX_IRQHandler
                0x0000000008002c50                EXTI0_IRQHandler
                0x0000000008002c50                DMA2_CH1_IRQHandler
                0x0000000008002c50                FPU_IRQHandler
                0x0000000008002c50                TIM1_UP_TIM16_IRQHandler
                0x0000000008002c50                UsageFault_Handler
                0x0000000008002c50                ADC1_2_IRQHandler
                0x0000000008002c50                SPI1_IRQHandler
                0x0000000008002c50                CAN_SCE_IRQHandler
                0x0000000008002c50                DMA1_CH7_IRQHandler
                0x0000000008002c50                TIM8_UP_IRQHandler
                0x0000000008002c50                COMP456_IRQHandler
                0x0000000008002c50                DMA1_CH6_IRQHandler
                0x0000000008002c50                TIM20_TRG_COM_IRQHandler
                0x0000000008002c50                ADC3_IRQHandler
                0x0000000008002c50                CAN_RX1_IRQHandler
                0x0000000008002c50                USART1_EXTI25_IRQHandler
                0x0000000008002c50                DMA2_CH5_IRQHandler
                0x0000000008002c50                I2C1_EV_EXTI23_IRQHandler
                0x0000000008002c50                DMA1_CH3_IRQHandler
                0x0000000008002c50                TIM3_IRQHandler
                0x0000000008002c50                RCC_IRQHandler
                0x0000000008002c50                TIM20_UP_IRQHandler
                0x0000000008002c50                Default_Handler
                0x0000000008002c50                EXTI15_10_IRQHandler
                0x0000000008002c50                USART2_EXTI26_IRQHandler
                0x0000000008002c50                USART3_EXTI28_IRQHandler
                0x0000000008002c50                TIM7_IRQHandler
                0x0000000008002c50                I2C3_EV_IRQHandler
                0x0000000008002c50                EXTI9_5_IRQHandler
                0x0000000008002c50                DMA1_CH2_IRQHandler
                0x0000000008002c50                RTC_WKUP_IRQHandler
                0x0000000008002c50                SPI2_IRQHandler
                0x0000000008002c50                DMA1_CH1_IRQHandler
                0x0000000008002c50                USB_LP_CAN_RX0_IRQHandler
                0x0000000008002c50                MemManage_Handler
                0x0000000008002c50                COMP123_IRQHandler
                0x0000000008002c50                SVC_Handler
                0x0000000008002c50                USB_LP_IRQHandler
                0x0000000008002c50                EXTI4_IRQHandler
                0x0000000008002c50                TIM1_TRG_COM_TIM17_IRQHandler
                0x0000000008002c50                ADC4_IRQHandler
                0x0000000008002c50                WWDG_IRQHandler
                0x0000000008002c50                COMP7_IRQHandler
                0x0000000008002c50                EXTI1_IRQHandler
                0x0000000008002c50                RTCAlarm_IRQHandler
                0x0000000008002c50                UART5_EXTI35_IRQHandler
                0x0000000008002c50                TIM20_BRK_IRQHandler
                0x0000000008002c50                I2C2_ER_IRQHandler
                0x0000000008002c50                TIM8_BRK_IRQHandler
                0x0000000008002c50                FLASH_IRQHandler
                0x0000000008002c50                TIM20_CC_IRQHandler
                0x0000000008002c50                BusFault_Handler
                0x0000000008002c50                SPI3_IRQHandler
                0x0000000008002c50                DMA2_CH3_IRQHandler
                0x0000000008002c50                DMA2_CH2_IRQHandler
                0x0000000008002c50                I2C1_ER_IRQHandler
                0x0000000008002c50                FMC_IRQHandler
                0x0000000008002c50                DMA1_CH5_IRQHandler
                0x0000000008002c50                DMA2_CH4_IRQHandler
                0x0000000008002c50                USB_WKUP_IRQHandler
                0x0000000008002c50                EXTI2_TSC_IRQHandler
                0x0000000008002c50                TIM1_BRK_TIM15_IRQHandler
 *fill*         0x0000000008002c52        0x2 
 .text.__libc_init_array
                0x0000000008002c54       0x48 c:/st/stm32cubeide_1.4.0/stm32cubeide/plugins/com.st.stm32cube.ide.mcu.externaltools.gnu-tools-for-stm32.7-2018-q2-update.win32_1.4.0.202007081208/tools/bin/../lib/gcc/arm-none-eabi/7.3.1/../../../../arm-none-eabi/lib/thumb/v7e-m/fpv4-sp/hard\libc_nano.a(lib_a-init.o)
                0x0000000008002c54                __libc_init_array
 *(.glue_7)
 .glue_7        0x0000000008002c9c        0x0 linker stubs
 *(.glue_7t)
 .glue_7t       0x0000000008002c9c        0x0 linker stubs
 *(.eh_frame)
 .eh_frame      0x0000000008002c9c        0x0 c:/st/stm32cubeide_1.4.0/stm32cubeide/plugins/com.st.stm32cube.ide.mcu.externaltools.gnu-tools-for-stm32.7-2018-q2-update.win32_1.4.0.202007081208/tools/bin/../lib/gcc/arm-none-eabi/7.3.1/thumb/v7e-m/fpv4-sp/hard/crtbegin.o
 *(.init)
 .init          0x0000000008002c9c        0x4 c:/st/stm32cubeide_1.4.0/stm32cubeide/plugins/com.st.stm32cube.ide.mcu.externaltools.gnu-tools-for-stm32.7-2018-q2-update.win32_1.4.0.202007081208/tools/bin/../lib/gcc/arm-none-eabi/7.3.1/thumb/v7e-m/fpv4-sp/hard/crti.o
                0x0000000008002c9c                _init
 .init          0x0000000008002ca0        0x8 c:/st/stm32cubeide_1.4.0/stm32cubeide/plugins/com.st.stm32cube.ide.mcu.externaltools.gnu-tools-for-stm32.7-2018-q2-update.win32_1.4.0.202007081208/tools/bin/../lib/gcc/arm-none-eabi/7.3.1/thumb/v7e-m/fpv4-sp/hard/crtn.o
 *(.fini)
 .fini          0x0000000008002ca8        0x4 c:/st/stm32cubeide_1.4.0/stm32cubeide/plugins/com.st.stm32cube.ide.mcu.externaltools.gnu-tools-for-stm32.7-2018-q2-update.win32_1.4.0.202007081208/tools/bin/../lib/gcc/arm-none-eabi/7.3.1/thumb/v7e-m/fpv4-sp/hard/crti.o
                0x0000000008002ca8                _fini
 .fini          0x0000000008002cac        0x8 c:/st/stm32cubeide_1.4.0/stm32cubeide/plugins/com.st.stm32cube.ide.mcu.externaltools.gnu-tools-for-stm32.7-2018-q2-update.win32_1.4.0.202007081208/tools/bin/../lib/gcc/arm-none-eabi/7.3.1/thumb/v7e-m/fpv4-sp/hard/crtn.o
                0x0000000008002cb4                . = ALIGN (0x4)
                0x0000000008002cb4                _etext = .

.vfp11_veneer   0x0000000008002cb4        0x0
 .vfp11_veneer  0x0000000008002cb4        0x0 linker stubs

.v4_bx          0x0000000008002cb4        0x0
 .v4_bx         0x0000000008002cb4        0x0 linker stubs

.iplt           0x0000000008002cb4        0x0
 .iplt          0x0000000008002cb4        0x0 c:/st/stm32cubeide_1.4.0/stm32cubeide/plugins/com.st.stm32cube.ide.mcu.externaltools.gnu-tools-for-stm32.7-2018-q2-update.win32_1.4.0.202007081208/tools/bin/../lib/gcc/arm-none-eabi/7.3.1/thumb/v7e-m/fpv4-sp/hard/crtbegin.o

.rel.dyn        0x0000000008002cb4        0x0
 .rel.iplt      0x0000000008002cb4        0x0 c:/st/stm32cubeide_1.4.0/stm32cubeide/plugins/com.st.stm32cube.ide.mcu.externaltools.gnu-tools-for-stm32.7-2018-q2-update.win32_1.4.0.202007081208/tools/bin/../lib/gcc/arm-none-eabi/7.3.1/thumb/v7e-m/fpv4-sp/hard/crtbegin.o

.rodata         0x0000000008002cb4        0x0
                0x0000000008002cb4                . = ALIGN (0x4)
 *(.rodata)
 *(.rodata*)
                0x0000000008002cb4                . = ALIGN (0x4)

.ARM.extab      0x0000000008002cb4        0x0
                0x0000000008002cb4                . = ALIGN (0x4)
 *(.ARM.extab* .gnu.linkonce.armextab.*)
                0x0000000008002cb4                . = ALIGN (0x4)

.ARM            0x0000000008002cb4        0x0
                0x0000000008002cb4                . = ALIGN (0x4)
                0x0000000008002cb4                __exidx_start = .
 *(.ARM.exidx*)
                0x0000000008002cb4                __exidx_end = .
                0x0000000008002cb4                . = ALIGN (0x4)

.preinit_array  0x0000000008002cb4        0x0
                0x0000000008002cb4                . = ALIGN (0x4)
                0x0000000008002cb4                PROVIDE (__preinit_array_start = .)
 *(.preinit_array*)
                0x0000000008002cb4                PROVIDE (__preinit_array_end = .)
                0x0000000008002cb4                . = ALIGN (0x4)

.init_array     0x0000000008002cb4        0x4
                0x0000000008002cb4                . = ALIGN (0x4)
                0x0000000008002cb4                PROVIDE (__init_array_start = .)
 *(SORT_BY_NAME(.init_array.*))
 *(.init_array*)
 .init_array    0x0000000008002cb4        0x4 c:/st/stm32cubeide_1.4.0/stm32cubeide/plugins/com.st.stm32cube.ide.mcu.externaltools.gnu-tools-for-stm32.7-2018-q2-update.win32_1.4.0.202007081208/tools/bin/../lib/gcc/arm-none-eabi/7.3.1/thumb/v7e-m/fpv4-sp/hard/crtbegin.o
                0x0000000008002cb8                PROVIDE (__init_array_end = .)
                0x0000000008002cb8                . = ALIGN (0x4)

.fini_array     0x0000000008002cb8        0x4
                0x0000000008002cb8                . = ALIGN (0x4)
                [!provide]                        PROVIDE (__fini_array_start = .)
 *(SORT_BY_NAME(.fini_array.*))
 *(.fini_array*)
 .fini_array    0x0000000008002cb8        0x4 c:/st/stm32cubeide_1.4.0/stm32cubeide/plugins/com.st.stm32cube.ide.mcu.externaltools.gnu-tools-for-stm32.7-2018-q2-update.win32_1.4.0.202007081208/tools/bin/../lib/gcc/arm-none-eabi/7.3.1/thumb/v7e-m/fpv4-sp/hard/crtbegin.o
                [!provide]                        PROVIDE (__fini_array_end = .)
                0x0000000008002cbc                . = ALIGN (0x4)
                0x0000000008002cbc                _sidata = LOADADDR (.data)

.data           0x0000000020000000        0x0 load address 0x0000000008002cbc
                0x0000000020000000                . = ALIGN (0x4)
                0x0000000020000000                _sdata = .
 *(.data)
 *(.data*)
                0x0000000020000000                . = ALIGN (0x4)
                0x0000000020000000                _edata = .

.igot.plt       0x0000000020000000        0x0 load address 0x0000000008002cbc
 .igot.plt      0x0000000020000000        0x0 c:/st/stm32cubeide_1.4.0/stm32cubeide/plugins/com.st.stm32cube.ide.mcu.externaltools.gnu-tools-for-stm32.7-2018-q2-update.win32_1.4.0.202007081208/tools/bin/../lib/gcc/arm-none-eabi/7.3.1/thumb/v7e-m/fpv4-sp/hard/crtbegin.o
                0x0000000020000000                . = ALIGN (0x4)

.bss            0x0000000020000000      0x290 load address 0x0000000008002cbc
                0x0000000020000000                _sbss = .
                0x0000000020000000                __bss_start__ = _sbss
 *(.bss)
 .bss           0x0000000020000000       0x1c c:/st/stm32cubeide_1.4.0/stm32cubeide/plugins/com.st.stm32cube.ide.mcu.externaltools.gnu-tools-for-stm32.7-2018-q2-update.win32_1.4.0.202007081208/tools/bin/../lib/gcc/arm-none-eabi/7.3.1/thumb/v7e-m/fpv4-sp/hard/crtbegin.o
 *(.bss*)
 .bss._Global_PWM_Timer3_Inst
                0x000000002000001c        0xc Inc/HAL/DCMOTOR/DCMOTOR.o
 .bss.Global_ICU_TIMx
                0x0000000020000028       0x10 Inc/HAL/US/US.o
 .bss.Global_US_Config
                0x0000000020000038       0x40 Inc/HAL/US/US.o
 .bss.Is_Timer_Busy
                0x0000000020000078        0x4 Inc/HAL/US/US.o
 .bss.Is_First_Captured.5580
                0x000000002000007c        0x1 Inc/HAL/US/US.o
 *fill*         0x000000002000007d        0x3 
 .bss.IC_Val1.5577
                0x0000000020000080        0x4 Inc/HAL/US/US.o
 .bss.IC_Val2.5578
                0x0000000020000084        0x4 Inc/HAL/US/US.o
 .bss.Difference.5579
                0x0000000020000088        0x4 Inc/HAL/US/US.o
 .bss.Glob_STKCallback
                0x000000002000008c        0x4 Inc/MCAL/STK/STK_program.o
                0x000000002000008c                Glob_STKCallback
 .bss.Global_UltraSonics
                0x0000000020000090       0x10 Inc/SERVICES/C1_US_SLCT/C1_US_SLCT.o
 .bss._Global_Back_Motor
                0x00000000200000a0        0x6 Inc/SERVICES/C2_VCLE_CNTRL/C2_VCLE_CNTRL.o
 *fill*         0x00000000200000a6        0x2 
 .bss._Global_Front_Motor
                0x00000000200000a8        0x6 Inc/SERVICES/C2_VCLE_CNTRL/C2_VCLE_CNTRL.o
 *(COMMON)
 *fill*         0x00000000200000ae        0x2 
 COMMON         0x00000000200000b0       0x30 Inc/MCAL/ICU/ICU_program.o
                0x00000000200000b0                GlobalP2F_TIM17
                0x00000000200000c0                GlobalP2F_TIM4
                0x00000000200000d0                GlobalP2F_TIM2
 COMMON         0x00000000200000e0        0x1 Inc/MCAL/STK/STK_program.o
                0x00000000200000e0                STK_u8ModeOfInterval
 *fill*         0x00000000200000e1        0x3 
 COMMON         0x00000000200000e4      0x1ab Src/main.o
                0x00000000200000e4                arr
                0x0000000020000274                kSum
                0x0000000020000278                j
                0x000000002000027c                iSum
                0x0000000020000280                l
                0x0000000020000281                k
                0x0000000020000282                jAvg
                0x0000000020000283                i
                0x0000000020000284                lsum
                0x0000000020000288                jSum
                0x000000002000028c                kAvg
                0x000000002000028d                iAvg
                0x000000002000028e                lAvg
                0x0000000020000290                . = ALIGN (0x4)
 *fill*         0x000000002000028f        0x1 
                0x0000000020000290                _ebss = .
                0x0000000020000290                __bss_end__ = _ebss

._user_heap_stack
                0x0000000020000290      0x600 load address 0x0000000008002cbc
                0x0000000020000290                . = ALIGN (0x8)
                [!provide]                        PROVIDE (end = .)
                0x0000000020000290                PROVIDE (_end = .)
                0x0000000020000490                . = (. + _Min_Heap_Size)
 *fill*         0x0000000020000290      0x200 
                0x0000000020000890                . = (. + _Min_Stack_Size)
 *fill*         0x0000000020000490      0x400 
                0x0000000020000890                . = ALIGN (0x8)

/DISCARD/
 libc.a(*)
 libm.a(*)
 libgcc.a(*)

.ARM.attributes
                0x0000000000000000       0x30
 *(.ARM.attributes)
 .ARM.attributes
                0x0000000000000000       0x22 c:/st/stm32cubeide_1.4.0/stm32cubeide/plugins/com.st.stm32cube.ide.mcu.externaltools.gnu-tools-for-stm32.7-2018-q2-update.win32_1.4.0.202007081208/tools/bin/../lib/gcc/arm-none-eabi/7.3.1/thumb/v7e-m/fpv4-sp/hard/crti.o
 .ARM.attributes
                0x0000000000000022       0x34 c:/st/stm32cubeide_1.4.0/stm32cubeide/plugins/com.st.stm32cube.ide.mcu.externaltools.gnu-tools-for-stm32.7-2018-q2-update.win32_1.4.0.202007081208/tools/bin/../lib/gcc/arm-none-eabi/7.3.1/thumb/v7e-m/fpv4-sp/hard/crtbegin.o
 .ARM.attributes
                0x0000000000000056       0x39 Inc/HAL/DCMOTOR/DCMOTOR.o
 .ARM.attributes
                0x000000000000008f       0x39 Inc/HAL/US/US.o
 .ARM.attributes
                0x00000000000000c8       0x39 Inc/LIB/SW_Delay.o
 .ARM.attributes
                0x0000000000000101       0x39 Inc/MCAL/GPIO/GPIO_program.o
 .ARM.attributes
                0x000000000000013a       0x39 Inc/MCAL/ICU/ICU_program.o
 .ARM.attributes
                0x0000000000000173       0x39 Inc/MCAL/NVIC/nvic.o
 .ARM.attributes
                0x00000000000001ac       0x39 Inc/MCAL/PWM/PWM_program.o
 .ARM.attributes
                0x00000000000001e5       0x39 Inc/MCAL/RCC/RCC_program.o
 .ARM.attributes
                0x000000000000021e       0x39 Inc/MCAL/STK/STK_program.o
 .ARM.attributes
                0x0000000000000257       0x39 Inc/SERVICES/C1_US_SLCT/C1_US_SLCT.o
 .ARM.attributes
                0x0000000000000290       0x39 Inc/SERVICES/C2_VCLE_CNTRL/C2_VCLE_CNTRL.o
 .ARM.attributes
                0x00000000000002c9       0x39 Inc/SERVICES/C4_SLOT_FIND/C4_SLOT_FIND.o
 .ARM.attributes
                0x0000000000000302       0x39 Inc/SERVICES/C5_PARKING/C5_PARKING.o
 .ARM.attributes
                0x000000000000033b       0x39 Inc/SERVICES/SYS_DIG_Mng/SYS_DIG_MNG.o
 .ARM.attributes
                0x0000000000000374       0x39 Src/main.o
 .ARM.attributes
                0x00000000000003ad       0x21 Startup/startup_stm32f303retx.o
 .ARM.attributes
                0x00000000000003ce       0x34 c:/st/stm32cubeide_1.4.0/stm32cubeide/plugins/com.st.stm32cube.ide.mcu.externaltools.gnu-tools-for-stm32.7-2018-q2-update.win32_1.4.0.202007081208/tools/bin/../lib/gcc/arm-none-eabi/7.3.1/../../../../arm-none-eabi/lib/thumb/v7e-m/fpv4-sp/hard\libc_nano.a(lib_a-init.o)
 .ARM.attributes
                0x0000000000000402       0x22 c:/st/stm32cubeide_1.4.0/stm32cubeide/plugins/com.st.stm32cube.ide.mcu.externaltools.gnu-tools-for-stm32.7-2018-q2-update.win32_1.4.0.202007081208/tools/bin/../lib/gcc/arm-none-eabi/7.3.1/thumb/v7e-m/fpv4-sp/hard\libgcc.a(_arm_addsubdf3.o)
 .ARM.attributes
                0x0000000000000424       0x22 c:/st/stm32cubeide_1.4.0/stm32cubeide/plugins/com.st.stm32cube.ide.mcu.externaltools.gnu-tools-for-stm32.7-2018-q2-update.win32_1.4.0.202007081208/tools/bin/../lib/gcc/arm-none-eabi/7.3.1/thumb/v7e-m/fpv4-sp/hard\libgcc.a(_arm_muldivdf3.o)
 .ARM.attributes
                0x0000000000000446       0x22 c:/st/stm32cubeide_1.4.0/stm32cubeide/plugins/com.st.stm32cube.ide.mcu.externaltools.gnu-tools-for-stm32.7-2018-q2-update.win32_1.4.0.202007081208/tools/bin/../lib/gcc/arm-none-eabi/7.3.1/thumb/v7e-m/fpv4-sp/hard\libgcc.a(_arm_fixunsdfsi.o)
 .ARM.attributes
                0x0000000000000468       0x22 c:/st/stm32cubeide_1.4.0/stm32cubeide/plugins/com.st.stm32cube.ide.mcu.externaltools.gnu-tools-for-stm32.7-2018-q2-update.win32_1.4.0.202007081208/tools/bin/../lib/gcc/arm-none-eabi/7.3.1/thumb/v7e-m/fpv4-sp/hard/crtn.o
OUTPUT(Auto_Parking.elf elf32-littlearm)

.debug_info     0x0000000000000000     0x2d5d
 .debug_info    0x0000000000000000      0x3b8 Inc/HAL/DCMOTOR/DCMOTOR.o
 .debug_info    0x00000000000003b8      0x611 Inc/HAL/US/US.o
 .debug_info    0x00000000000009c9       0xd1 Inc/LIB/SW_Delay.o
 .debug_info    0x0000000000000a9a      0x495 Inc/MCAL/GPIO/GPIO_program.o
 .debug_info    0x0000000000000f2f      0x5b2 Inc/MCAL/ICU/ICU_program.o
 .debug_info    0x00000000000014e1      0x15e Inc/MCAL/NVIC/nvic.o
 .debug_info    0x000000000000163f      0x30c Inc/MCAL/PWM/PWM_program.o
 .debug_info    0x000000000000194b      0x113 Inc/MCAL/RCC/RCC_program.o
 .debug_info    0x0000000000001a5e      0x496 Inc/MCAL/STK/STK_program.o
 .debug_info    0x0000000000001ef4      0x3d4 Inc/SERVICES/C1_US_SLCT/C1_US_SLCT.o
 .debug_info    0x00000000000022c8      0x27d Inc/SERVICES/C2_VCLE_CNTRL/C2_VCLE_CNTRL.o
 .debug_info    0x0000000000002545      0x1b1 Inc/SERVICES/C4_SLOT_FIND/C4_SLOT_FIND.o
 .debug_info    0x00000000000026f6      0x2c8 Inc/SERVICES/C5_PARKING/C5_PARKING.o
 .debug_info    0x00000000000029be      0x142 Inc/SERVICES/SYS_DIG_Mng/SYS_DIG_MNG.o
 .debug_info    0x0000000000002b00      0x23b Src/main.o
 .debug_info    0x0000000000002d3b       0x22 Startup/startup_stm32f303retx.o

.debug_abbrev   0x0000000000000000      0xe78
 .debug_abbrev  0x0000000000000000       0xdd Inc/HAL/DCMOTOR/DCMOTOR.o
 .debug_abbrev  0x00000000000000dd      0x14f Inc/HAL/US/US.o
 .debug_abbrev  0x000000000000022c       0x70 Inc/LIB/SW_Delay.o
 .debug_abbrev  0x000000000000029c      0x150 Inc/MCAL/GPIO/GPIO_program.o
 .debug_abbrev  0x00000000000003ec      0x183 Inc/MCAL/ICU/ICU_program.o
 .debug_abbrev  0x000000000000056f       0xc2 Inc/MCAL/NVIC/nvic.o
 .debug_abbrev  0x0000000000000631      0x103 Inc/MCAL/PWM/PWM_program.o
 .debug_abbrev  0x0000000000000734       0xaf Inc/MCAL/RCC/RCC_program.o
 .debug_abbrev  0x00000000000007e3      0x1ba Inc/MCAL/STK/STK_program.o
 .debug_abbrev  0x000000000000099d       0xfe Inc/SERVICES/C1_US_SLCT/C1_US_SLCT.o
 .debug_abbrev  0x0000000000000a9b       0xc2 Inc/SERVICES/C2_VCLE_CNTRL/C2_VCLE_CNTRL.o
 .debug_abbrev  0x0000000000000b5d       0x99 Inc/SERVICES/C4_SLOT_FIND/C4_SLOT_FIND.o
 .debug_abbrev  0x0000000000000bf6       0xc4 Inc/SERVICES/C5_PARKING/C5_PARKING.o
 .debug_abbrev  0x0000000000000cba       0xd4 Inc/SERVICES/SYS_DIG_Mng/SYS_DIG_MNG.o
 .debug_abbrev  0x0000000000000d8e       0xd8 Src/main.o
 .debug_abbrev  0x0000000000000e66       0x12 Startup/startup_stm32f303retx.o

.debug_aranges  0x0000000000000000      0x3c8
 .debug_aranges
                0x0000000000000000       0x30 Inc/HAL/DCMOTOR/DCMOTOR.o
 .debug_aranges
                0x0000000000000030       0x38 Inc/HAL/US/US.o
 .debug_aranges
                0x0000000000000068       0x30 Inc/LIB/SW_Delay.o
 .debug_aranges
                0x0000000000000098       0x50 Inc/MCAL/GPIO/GPIO_program.o
 .debug_aranges
                0x00000000000000e8       0x68 Inc/MCAL/ICU/ICU_program.o
 .debug_aranges
                0x0000000000000150       0x40 Inc/MCAL/NVIC/nvic.o
 .debug_aranges
                0x0000000000000190       0x28 Inc/MCAL/PWM/PWM_program.o
 .debug_aranges
                0x00000000000001b8       0x30 Inc/MCAL/RCC/RCC_program.o
 .debug_aranges
                0x00000000000001e8       0xa8 Inc/MCAL/STK/STK_program.o
 .debug_aranges
                0x0000000000000290       0x38 Inc/SERVICES/C1_US_SLCT/C1_US_SLCT.o
 .debug_aranges
                0x00000000000002c8       0x28 Inc/SERVICES/C2_VCLE_CNTRL/C2_VCLE_CNTRL.o
 .debug_aranges
                0x00000000000002f0       0x28 Inc/SERVICES/C4_SLOT_FIND/C4_SLOT_FIND.o
 .debug_aranges
                0x0000000000000318       0x38 Inc/SERVICES/C5_PARKING/C5_PARKING.o
 .debug_aranges
                0x0000000000000350       0x30 Inc/SERVICES/SYS_DIG_Mng/SYS_DIG_MNG.o
 .debug_aranges
                0x0000000000000380       0x20 Src/main.o
 .debug_aranges
                0x00000000000003a0       0x28 Startup/startup_stm32f303retx.o

.debug_ranges   0x0000000000000000      0x2d0
 .debug_ranges  0x0000000000000000       0x20 Inc/HAL/DCMOTOR/DCMOTOR.o
 .debug_ranges  0x0000000000000020       0x28 Inc/HAL/US/US.o
 .debug_ranges  0x0000000000000048       0x20 Inc/LIB/SW_Delay.o
 .debug_ranges  0x0000000000000068       0x40 Inc/MCAL/GPIO/GPIO_program.o
 .debug_ranges  0x00000000000000a8       0x58 Inc/MCAL/ICU/ICU_program.o
 .debug_ranges  0x0000000000000100       0x30 Inc/MCAL/NVIC/nvic.o
 .debug_ranges  0x0000000000000130       0x18 Inc/MCAL/PWM/PWM_program.o
 .debug_ranges  0x0000000000000148       0x20 Inc/MCAL/RCC/RCC_program.o
 .debug_ranges  0x0000000000000168       0x98 Inc/MCAL/STK/STK_program.o
 .debug_ranges  0x0000000000000200       0x28 Inc/SERVICES/C1_US_SLCT/C1_US_SLCT.o
 .debug_ranges  0x0000000000000228       0x18 Inc/SERVICES/C2_VCLE_CNTRL/C2_VCLE_CNTRL.o
 .debug_ranges  0x0000000000000240       0x18 Inc/SERVICES/C4_SLOT_FIND/C4_SLOT_FIND.o
 .debug_ranges  0x0000000000000258       0x28 Inc/SERVICES/C5_PARKING/C5_PARKING.o
 .debug_ranges  0x0000000000000280       0x20 Inc/SERVICES/SYS_DIG_Mng/SYS_DIG_MNG.o
 .debug_ranges  0x00000000000002a0       0x10 Src/main.o
 .debug_ranges  0x00000000000002b0       0x20 Startup/startup_stm32f303retx.o

.debug_macro    0x0000000000000000     0x1973
 .debug_macro   0x0000000000000000       0x5b Inc/HAL/DCMOTOR/DCMOTOR.o
 .debug_macro   0x000000000000005b      0xa66 Inc/HAL/DCMOTOR/DCMOTOR.o
 .debug_macro   0x0000000000000ac1       0x2e Inc/HAL/DCMOTOR/DCMOTOR.o
 .debug_macro   0x0000000000000aef       0x16 Inc/HAL/DCMOTOR/DCMOTOR.o
 .debug_macro   0x0000000000000b05       0x2e Inc/HAL/DCMOTOR/DCMOTOR.o
 .debug_macro   0x0000000000000b33       0xc4 Inc/HAL/DCMOTOR/DCMOTOR.o
 .debug_macro   0x0000000000000bf7       0x68 Inc/HAL/US/US.o
 .debug_macro   0x0000000000000c5f       0xc4 Inc/HAL/US/US.o
 .debug_macro   0x0000000000000d23       0x10 Inc/HAL/US/US.o
 .debug_macro   0x0000000000000d33       0x22 Inc/HAL/US/US.o
 .debug_macro   0x0000000000000d55       0x1c Inc/HAL/US/US.o
 .debug_macro   0x0000000000000d71       0x43 Inc/LIB/SW_Delay.o
 .debug_macro   0x0000000000000db4       0x16 Inc/LIB/SW_Delay.o
 .debug_macro   0x0000000000000dca       0x48 Inc/MCAL/GPIO/GPIO_program.o
 .debug_macro   0x0000000000000e12       0x3a Inc/MCAL/GPIO/GPIO_program.o
 .debug_macro   0x0000000000000e4c       0x64 Inc/MCAL/ICU/ICU_program.o
 .debug_macro   0x0000000000000eb0      0x175 Inc/MCAL/ICU/ICU_program.o
 .debug_macro   0x0000000000001025       0x2c Inc/MCAL/NVIC/nvic.o
 .debug_macro   0x0000000000001051       0x70 Inc/MCAL/NVIC/nvic.o
 .debug_macro   0x00000000000010c1       0x16 Inc/MCAL/NVIC/nvic.o
 .debug_macro   0x00000000000010d7       0x2e Inc/MCAL/NVIC/nvic.o
 .debug_macro   0x0000000000001105       0x49 Inc/MCAL/PWM/PWM_program.o
 .debug_macro   0x000000000000114e       0x4c Inc/MCAL/RCC/RCC_program.o
 .debug_macro   0x000000000000119a       0x34 Inc/MCAL/RCC/RCC_program.o
 .debug_macro   0x00000000000011ce      0x304 Inc/MCAL/RCC/RCC_program.o
 .debug_macro   0x00000000000014d2       0x47 Inc/MCAL/STK/STK_program.o
 .debug_macro   0x0000000000001519       0x16 Inc/MCAL/STK/STK_program.o
 .debug_macro   0x000000000000152f       0x34 Inc/MCAL/STK/STK_program.o
 .debug_macro   0x0000000000001563       0x5b Inc/SERVICES/C1_US_SLCT/C1_US_SLCT.o
 .debug_macro   0x00000000000015be       0x22 Inc/SERVICES/C1_US_SLCT/C1_US_SLCT.o
 .debug_macro   0x00000000000015e0       0x3a Inc/SERVICES/C1_US_SLCT/C1_US_SLCT.o
 .debug_macro   0x000000000000161a       0x22 Inc/SERVICES/C1_US_SLCT/C1_US_SLCT.o
 .debug_macro   0x000000000000163c       0x76 Inc/SERVICES/C2_VCLE_CNTRL/C2_VCLE_CNTRL.o
 .debug_macro   0x00000000000016b2       0x3a Inc/SERVICES/C2_VCLE_CNTRL/C2_VCLE_CNTRL.o
 .debug_macro   0x00000000000016ec       0x75 Inc/SERVICES/C4_SLOT_FIND/C4_SLOT_FIND.o
 .debug_macro   0x0000000000001761       0x9f Inc/SERVICES/C5_PARKING/C5_PARKING.o
 .debug_macro   0x0000000000001800       0x3a Inc/SERVICES/C5_PARKING/C5_PARKING.o
 .debug_macro   0x000000000000183a       0x10 Inc/SERVICES/C5_PARKING/C5_PARKING.o
 .debug_macro   0x000000000000184a       0x3a Inc/SERVICES/C5_PARKING/C5_PARKING.o
 .debug_macro   0x0000000000001884       0x2c Inc/SERVICES/SYS_DIG_Mng/SYS_DIG_MNG.o
 .debug_macro   0x00000000000018b0       0x10 Inc/SERVICES/SYS_DIG_Mng/SYS_DIG_MNG.o
 .debug_macro   0x00000000000018c0       0xa3 Src/main.o
 .debug_macro   0x0000000000001963       0x10 Src/main.o

.debug_line     0x0000000000000000     0x21ca
 .debug_line    0x0000000000000000      0x1f7 Inc/HAL/DCMOTOR/DCMOTOR.o
 .debug_line    0x00000000000001f7      0x2a1 Inc/HAL/US/US.o
 .debug_line    0x0000000000000498      0x15e Inc/LIB/SW_Delay.o
 .debug_line    0x00000000000005f6      0x2ad Inc/MCAL/GPIO/GPIO_program.o
 .debug_line    0x00000000000008a3      0x3cd Inc/MCAL/ICU/ICU_program.o
 .debug_line    0x0000000000000c70      0x12f Inc/MCAL/NVIC/nvic.o
 .debug_line    0x0000000000000d9f      0x110 Inc/MCAL/PWM/PWM_program.o
 .debug_line    0x0000000000000eaf      0x150 Inc/MCAL/RCC/RCC_program.o
 .debug_line    0x0000000000000fff      0x270 Inc/MCAL/STK/STK_program.o
 .debug_line    0x000000000000126f      0x274 Inc/SERVICES/C1_US_SLCT/C1_US_SLCT.o
 .debug_line    0x00000000000014e3      0x245 Inc/SERVICES/C2_VCLE_CNTRL/C2_VCLE_CNTRL.o
 .debug_line    0x0000000000001728      0x283 Inc/SERVICES/C4_SLOT_FIND/C4_SLOT_FIND.o
 .debug_line    0x00000000000019ab      0x341 Inc/SERVICES/C5_PARKING/C5_PARKING.o
 .debug_line    0x0000000000001cec       0xda Inc/SERVICES/SYS_DIG_Mng/SYS_DIG_MNG.o
 .debug_line    0x0000000000001dc6      0x380 Src/main.o
 .debug_line    0x0000000000002146       0x84 Startup/startup_stm32f303retx.o

.debug_str      0x0000000000000000     0x65bd
 .debug_str     0x0000000000000000     0x3604 Inc/HAL/DCMOTOR/DCMOTOR.o
                                       0x3698 (size before relaxing)
 .debug_str     0x0000000000003604      0x420 Inc/HAL/US/US.o
                                       0x391a (size before relaxing)
 .debug_str     0x0000000000003a24       0x8b Inc/LIB/SW_Delay.o
                                       0x2ea1 (size before relaxing)
 .debug_str     0x0000000000003aaf      0x28e Inc/MCAL/GPIO/GPIO_program.o
                                       0x36e5 (size before relaxing)
 .debug_str     0x0000000000003d3d      0x60c Inc/MCAL/ICU/ICU_program.o
                                       0x36c2 (size before relaxing)
 .debug_str     0x0000000000004349      0x3b9 Inc/MCAL/NVIC/nvic.o
                                       0x323c (size before relaxing)
 .debug_str     0x0000000000004702       0x60 Inc/MCAL/PWM/PWM_program.o
                                       0x33ef (size before relaxing)
 .debug_str     0x0000000000004762      0xef8 Inc/MCAL/RCC/RCC_program.o
                                       0x3de1 (size before relaxing)
 .debug_str     0x000000000000565a      0x428 Inc/MCAL/STK/STK_program.o
                                       0x3331 (size before relaxing)
 .debug_str     0x0000000000005a82      0x2d1 Inc/SERVICES/C1_US_SLCT/C1_US_SLCT.o
                                       0x3749 (size before relaxing)
 .debug_str     0x0000000000005d53      0x20e Inc/SERVICES/C2_VCLE_CNTRL/C2_VCLE_CNTRL.o
                                       0x36d1 (size before relaxing)
 .debug_str     0x0000000000005f61      0x199 Inc/SERVICES/C4_SLOT_FIND/C4_SLOT_FIND.o
                                       0x3302 (size before relaxing)
 .debug_str     0x00000000000060fa      0x276 Inc/SERVICES/C5_PARKING/C5_PARKING.o
                                       0x34ca (size before relaxing)
 .debug_str     0x0000000000006370       0xdb Inc/SERVICES/SYS_DIG_Mng/SYS_DIG_MNG.o
                                       0x2f2e (size before relaxing)
 .debug_str     0x000000000000644b      0x141 Src/main.o
                                       0x3334 (size before relaxing)
 .debug_str     0x000000000000658c       0x31 Startup/startup_stm32f303retx.o
                                         0x5d (size before relaxing)

.comment        0x0000000000000000       0x7b
 .comment       0x0000000000000000       0x7b Inc/HAL/DCMOTOR/DCMOTOR.o
                                         0x7c (size before relaxing)
 .comment       0x000000000000007b       0x7c Inc/HAL/US/US.o
 .comment       0x000000000000007b       0x7c Inc/LIB/SW_Delay.o
 .comment       0x000000000000007b       0x7c Inc/MCAL/GPIO/GPIO_program.o
 .comment       0x000000000000007b       0x7c Inc/MCAL/ICU/ICU_program.o
 .comment       0x000000000000007b       0x7c Inc/MCAL/NVIC/nvic.o
 .comment       0x000000000000007b       0x7c Inc/MCAL/PWM/PWM_program.o
 .comment       0x000000000000007b       0x7c Inc/MCAL/RCC/RCC_program.o
 .comment       0x000000000000007b       0x7c Inc/MCAL/STK/STK_program.o
 .comment       0x000000000000007b       0x7c Inc/SERVICES/C1_US_SLCT/C1_US_SLCT.o
 .comment       0x000000000000007b       0x7c Inc/SERVICES/C2_VCLE_CNTRL/C2_VCLE_CNTRL.o
 .comment       0x000000000000007b       0x7c Inc/SERVICES/C4_SLOT_FIND/C4_SLOT_FIND.o
 .comment       0x000000000000007b       0x7c Inc/SERVICES/C5_PARKING/C5_PARKING.o
 .comment       0x000000000000007b       0x7c Inc/SERVICES/SYS_DIG_Mng/SYS_DIG_MNG.o
 .comment       0x000000000000007b       0x7c Src/main.o

.debug_frame    0x0000000000000000      0xc90
 .debug_frame   0x0000000000000000       0x7c Inc/HAL/DCMOTOR/DCMOTOR.o
 .debug_frame   0x000000000000007c       0xa8 Inc/HAL/US/US.o
 .debug_frame   0x0000000000000124       0x74 Inc/LIB/SW_Delay.o
 .debug_frame   0x0000000000000198      0x128 Inc/MCAL/GPIO/GPIO_program.o
 .debug_frame   0x00000000000002c0      0x194 Inc/MCAL/ICU/ICU_program.o
 .debug_frame   0x0000000000000454       0xd8 Inc/MCAL/NVIC/nvic.o
 .debug_frame   0x000000000000052c       0x60 Inc/MCAL/PWM/PWM_program.o
 .debug_frame   0x000000000000058c       0x80 Inc/MCAL/RCC/RCC_program.o
 .debug_frame   0x000000000000060c      0x2b4 Inc/MCAL/STK/STK_program.o
 .debug_frame   0x00000000000008c0       0x98 Inc/SERVICES/C1_US_SLCT/C1_US_SLCT.o
 .debug_frame   0x0000000000000958       0x50 Inc/SERVICES/C2_VCLE_CNTRL/C2_VCLE_CNTRL.o
 .debug_frame   0x00000000000009a8       0x54 Inc/SERVICES/C4_SLOT_FIND/C4_SLOT_FIND.o
 .debug_frame   0x00000000000009fc       0x98 Inc/SERVICES/C5_PARKING/C5_PARKING.o
 .debug_frame   0x0000000000000a94       0x80 Inc/SERVICES/SYS_DIG_Mng/SYS_DIG_MNG.o
 .debug_frame   0x0000000000000b14       0x30 Src/main.o
 .debug_frame   0x0000000000000b44       0x2c c:/st/stm32cubeide_1.4.0/stm32cubeide/plugins/com.st.stm32cube.ide.mcu.externaltools.gnu-tools-for-stm32.7-2018-q2-update.win32_1.4.0.202007081208/tools/bin/../lib/gcc/arm-none-eabi/7.3.1/../../../../arm-none-eabi/lib/thumb/v7e-m/fpv4-sp/hard\libc_nano.a(lib_a-init.o)
 .debug_frame   0x0000000000000b70       0xac c:/st/stm32cubeide_1.4.0/stm32cubeide/plugins/com.st.stm32cube.ide.mcu.externaltools.gnu-tools-for-stm32.7-2018-q2-update.win32_1.4.0.202007081208/tools/bin/../lib/gcc/arm-none-eabi/7.3.1/thumb/v7e-m/fpv4-sp/hard\libgcc.a(_arm_addsubdf3.o)
 .debug_frame   0x0000000000000c1c       0x50 c:/st/stm32cubeide_1.4.0/stm32cubeide/plugins/com.st.stm32cube.ide.mcu.externaltools.gnu-tools-for-stm32.7-2018-q2-update.win32_1.4.0.202007081208/tools/bin/../lib/gcc/arm-none-eabi/7.3.1/thumb/v7e-m/fpv4-sp/hard\libgcc.a(_arm_muldivdf3.o)
 .debug_frame   0x0000000000000c6c       0x24 c:/st/stm32cubeide_1.4.0/stm32cubeide/plugins/com.st.stm32cube.ide.mcu.externaltools.gnu-tools-for-stm32.7-2018-q2-update.win32_1.4.0.202007081208/tools/bin/../lib/gcc/arm-none-eabi/7.3.1/thumb/v7e-m/fpv4-sp/hard\libgcc.a(_arm_fixunsdfsi.o)
