Archive member included to satisfy reference by file (symbol)

c:/st/stm32cubeide_1.4.0/stm32cubeide/plugins/com.st.stm32cube.ide.mcu.externaltools.gnu-tools-for-stm32.7-2018-q2-update.win32_1.4.0.202007081208/tools/bin/../lib/gcc/arm-none-eabi/7.3.1/../../../../arm-none-eabi/lib/thumb/v7e-m/fpv4-sp/hard\libc_nano.a(lib_a-errno.o)
                              Src/syscalls.o (__errno)
c:/st/stm32cubeide_1.4.0/stm32cubeide/plugins/com.st.stm32cube.ide.mcu.externaltools.gnu-tools-for-stm32.7-2018-q2-update.win32_1.4.0.202007081208/tools/bin/../lib/gcc/arm-none-eabi/7.3.1/../../../../arm-none-eabi/lib/thumb/v7e-m/fpv4-sp/hard\libc_nano.a(lib_a-exit.o)
                              c:/st/stm32cubeide_1.4.0/stm32cubeide/plugins/com.st.stm32cube.ide.mcu.externaltools.gnu-tools-for-stm32.7-2018-q2-update.win32_1.4.0.202007081208/tools/bin/../lib/gcc/arm-none-eabi/7.3.1/../../../../arm-none-eabi/lib/thumb/v7e-m/fpv4-sp/hard/crt0.o (exit)
c:/st/stm32cubeide_1.4.0/stm32cubeide/plugins/com.st.stm32cube.ide.mcu.externaltools.gnu-tools-for-stm32.7-2018-q2-update.win32_1.4.0.202007081208/tools/bin/../lib/gcc/arm-none-eabi/7.3.1/../../../../arm-none-eabi/lib/thumb/v7e-m/fpv4-sp/hard\libc_nano.a(lib_a-impure.o)
                              c:/st/stm32cubeide_1.4.0/stm32cubeide/plugins/com.st.stm32cube.ide.mcu.externaltools.gnu-tools-for-stm32.7-2018-q2-update.win32_1.4.0.202007081208/tools/bin/../lib/gcc/arm-none-eabi/7.3.1/../../../../arm-none-eabi/lib/thumb/v7e-m/fpv4-sp/hard\libc_nano.a(lib_a-exit.o) (_global_impure_ptr)
c:/st/stm32cubeide_1.4.0/stm32cubeide/plugins/com.st.stm32cube.ide.mcu.externaltools.gnu-tools-for-stm32.7-2018-q2-update.win32_1.4.0.202007081208/tools/bin/../lib/gcc/arm-none-eabi/7.3.1/../../../../arm-none-eabi/lib/thumb/v7e-m/fpv4-sp/hard\libc_nano.a(lib_a-init.o)
                              c:/st/stm32cubeide_1.4.0/stm32cubeide/plugins/com.st.stm32cube.ide.mcu.externaltools.gnu-tools-for-stm32.7-2018-q2-update.win32_1.4.0.202007081208/tools/bin/../lib/gcc/arm-none-eabi/7.3.1/../../../../arm-none-eabi/lib/thumb/v7e-m/fpv4-sp/hard/crt0.o (__libc_init_array)
c:/st/stm32cubeide_1.4.0/stm32cubeide/plugins/com.st.stm32cube.ide.mcu.externaltools.gnu-tools-for-stm32.7-2018-q2-update.win32_1.4.0.202007081208/tools/bin/../lib/gcc/arm-none-eabi/7.3.1/../../../../arm-none-eabi/lib/thumb/v7e-m/fpv4-sp/hard\libc_nano.a(lib_a-memset.o)
                              c:/st/stm32cubeide_1.4.0/stm32cubeide/plugins/com.st.stm32cube.ide.mcu.externaltools.gnu-tools-for-stm32.7-2018-q2-update.win32_1.4.0.202007081208/tools/bin/../lib/gcc/arm-none-eabi/7.3.1/../../../../arm-none-eabi/lib/thumb/v7e-m/fpv4-sp/hard/crt0.o (memset)
c:/st/stm32cubeide_1.4.0/stm32cubeide/plugins/com.st.stm32cube.ide.mcu.externaltools.gnu-tools-for-stm32.7-2018-q2-update.win32_1.4.0.202007081208/tools/bin/../lib/gcc/arm-none-eabi/7.3.1/thumb/v7e-m/fpv4-sp/hard\libgcc.a(_arm_addsubdf3.o)
                              Inc/HAL/US/US.o (__aeabi_dadd)
c:/st/stm32cubeide_1.4.0/stm32cubeide/plugins/com.st.stm32cube.ide.mcu.externaltools.gnu-tools-for-stm32.7-2018-q2-update.win32_1.4.0.202007081208/tools/bin/../lib/gcc/arm-none-eabi/7.3.1/thumb/v7e-m/fpv4-sp/hard\libgcc.a(_arm_muldivdf3.o)
                              Inc/HAL/US/US.o (__aeabi_dmul)
c:/st/stm32cubeide_1.4.0/stm32cubeide/plugins/com.st.stm32cube.ide.mcu.externaltools.gnu-tools-for-stm32.7-2018-q2-update.win32_1.4.0.202007081208/tools/bin/../lib/gcc/arm-none-eabi/7.3.1/thumb/v7e-m/fpv4-sp/hard\libgcc.a(_arm_fixunsdfsi.o)
                              Inc/HAL/US/US.o (__aeabi_d2uiz)

Allocating common symbols
Common symbol       size              file

arr                 0x190             Src/main.o
kSum                0x4               Src/main.o
j                   0x1               Src/main.o
iSum                0x4               Src/main.o
GlobalP2F_TIM17     0x10              Inc/MCAL/ICU/ICU.o
GlobalP2F_TIM4      0x10              Inc/MCAL/ICU/ICU.o
l                   0x1               Src/main.o
k                   0x1               Src/main.o
jAvg                0x1               Src/main.o
GlobalP2F_TIM2      0x10              Inc/MCAL/ICU/ICU.o
i                   0x1               Src/main.o
lsum                0x4               Src/main.o
jSum                0x4               Src/main.o
kAvg                0x1               Src/main.o
iAvg                0x1               Src/main.o
STK_u8ModeOfInterval
                    0x1               Inc/MCAL/STK/STK.o
lAvg                0x1               Src/main.o

Discarded input sections

 .text          0x0000000000000000        0x0 c:/st/stm32cubeide_1.4.0/stm32cubeide/plugins/com.st.stm32cube.ide.mcu.externaltools.gnu-tools-for-stm32.7-2018-q2-update.win32_1.4.0.202007081208/tools/bin/../lib/gcc/arm-none-eabi/7.3.1/thumb/v7e-m/fpv4-sp/hard/crti.o
 .data          0x0000000000000000        0x0 c:/st/stm32cubeide_1.4.0/stm32cubeide/plugins/com.st.stm32cube.ide.mcu.externaltools.gnu-tools-for-stm32.7-2018-q2-update.win32_1.4.0.202007081208/tools/bin/../lib/gcc/arm-none-eabi/7.3.1/thumb/v7e-m/fpv4-sp/hard/crti.o
 .bss           0x0000000000000000        0x0 c:/st/stm32cubeide_1.4.0/stm32cubeide/plugins/com.st.stm32cube.ide.mcu.externaltools.gnu-tools-for-stm32.7-2018-q2-update.win32_1.4.0.202007081208/tools/bin/../lib/gcc/arm-none-eabi/7.3.1/thumb/v7e-m/fpv4-sp/hard/crti.o
 .data          0x0000000000000000        0x4 c:/st/stm32cubeide_1.4.0/stm32cubeide/plugins/com.st.stm32cube.ide.mcu.externaltools.gnu-tools-for-stm32.7-2018-q2-update.win32_1.4.0.202007081208/tools/bin/../lib/gcc/arm-none-eabi/7.3.1/thumb/v7e-m/fpv4-sp/hard/crtbegin.o
 .text          0x0000000000000000       0x74 c:/st/stm32cubeide_1.4.0/stm32cubeide/plugins/com.st.stm32cube.ide.mcu.externaltools.gnu-tools-for-stm32.7-2018-q2-update.win32_1.4.0.202007081208/tools/bin/../lib/gcc/arm-none-eabi/7.3.1/../../../../arm-none-eabi/lib/thumb/v7e-m/fpv4-sp/hard/crt0.o
 .data          0x0000000000000000        0x0 c:/st/stm32cubeide_1.4.0/stm32cubeide/plugins/com.st.stm32cube.ide.mcu.externaltools.gnu-tools-for-stm32.7-2018-q2-update.win32_1.4.0.202007081208/tools/bin/../lib/gcc/arm-none-eabi/7.3.1/../../../../arm-none-eabi/lib/thumb/v7e-m/fpv4-sp/hard/crt0.o
 .bss           0x0000000000000000        0x0 c:/st/stm32cubeide_1.4.0/stm32cubeide/plugins/com.st.stm32cube.ide.mcu.externaltools.gnu-tools-for-stm32.7-2018-q2-update.win32_1.4.0.202007081208/tools/bin/../lib/gcc/arm-none-eabi/7.3.1/../../../../arm-none-eabi/lib/thumb/v7e-m/fpv4-sp/hard/crt0.o
 .ARM.extab     0x0000000000000000        0x0 c:/st/stm32cubeide_1.4.0/stm32cubeide/plugins/com.st.stm32cube.ide.mcu.externaltools.gnu-tools-for-stm32.7-2018-q2-update.win32_1.4.0.202007081208/tools/bin/../lib/gcc/arm-none-eabi/7.3.1/../../../../arm-none-eabi/lib/thumb/v7e-m/fpv4-sp/hard/crt0.o
 .ARM.exidx     0x0000000000000000        0x8 c:/st/stm32cubeide_1.4.0/stm32cubeide/plugins/com.st.stm32cube.ide.mcu.externaltools.gnu-tools-for-stm32.7-2018-q2-update.win32_1.4.0.202007081208/tools/bin/../lib/gcc/arm-none-eabi/7.3.1/../../../../arm-none-eabi/lib/thumb/v7e-m/fpv4-sp/hard/crt0.o
 .ARM.attributes
                0x0000000000000000       0x20 c:/st/stm32cubeide_1.4.0/stm32cubeide/plugins/com.st.stm32cube.ide.mcu.externaltools.gnu-tools-for-stm32.7-2018-q2-update.win32_1.4.0.202007081208/tools/bin/../lib/gcc/arm-none-eabi/7.3.1/../../../../arm-none-eabi/lib/thumb/v7e-m/fpv4-sp/hard/crt0.o
 .group         0x0000000000000000        0xc Inc/HAL/DC/DC.o
 .group         0x0000000000000000        0xc Inc/HAL/DC/DC.o
 .group         0x0000000000000000        0xc Inc/HAL/DC/DC.o
 .group         0x0000000000000000        0xc Inc/HAL/DC/DC.o
 .group         0x0000000000000000        0xc Inc/HAL/DC/DC.o
 .text          0x0000000000000000        0x0 Inc/HAL/DC/DC.o
 .data          0x0000000000000000        0x0 Inc/HAL/DC/DC.o
 .bss           0x0000000000000000        0x0 Inc/HAL/DC/DC.o
 .group         0x0000000000000000        0xc Inc/HAL/US/US.o
 .group         0x0000000000000000        0xc Inc/HAL/US/US.o
 .group         0x0000000000000000        0xc Inc/HAL/US/US.o
 .group         0x0000000000000000        0xc Inc/HAL/US/US.o
 .group         0x0000000000000000        0xc Inc/HAL/US/US.o
 .group         0x0000000000000000        0xc Inc/HAL/US/US.o
 .group         0x0000000000000000        0xc Inc/HAL/US/US.o
 .group         0x0000000000000000        0xc Inc/HAL/US/US.o
 .group         0x0000000000000000        0xc Inc/HAL/US/US.o
 .text          0x0000000000000000        0x0 Inc/HAL/US/US.o
 .data          0x0000000000000000        0x0 Inc/HAL/US/US.o
 .bss           0x0000000000000000        0x0 Inc/HAL/US/US.o
 .text.US_voidGetDistanceAsynch
                0x0000000000000000       0x70 Inc/HAL/US/US.o
 .debug_macro   0x0000000000000000      0xa60 Inc/HAL/US/US.o
 .debug_macro   0x0000000000000000       0x16 Inc/HAL/US/US.o
 .debug_macro   0x0000000000000000       0x2e Inc/HAL/US/US.o
 .debug_macro   0x0000000000000000       0x2e Inc/HAL/US/US.o
 .group         0x0000000000000000        0xc Inc/LIB/SW_DELAY.o
 .group         0x0000000000000000        0xc Inc/LIB/SW_DELAY.o
 .group         0x0000000000000000        0xc Inc/LIB/SW_DELAY.o
 .group         0x0000000000000000        0xc Inc/LIB/SW_DELAY.o
 .group         0x0000000000000000        0xc Inc/LIB/SW_DELAY.o
 .text          0x0000000000000000        0x0 Inc/LIB/SW_DELAY.o
 .data          0x0000000000000000        0x0 Inc/LIB/SW_DELAY.o
 .bss           0x0000000000000000        0x0 Inc/LIB/SW_DELAY.o
 .text.delay_init
                0x0000000000000000        0xc Inc/LIB/SW_DELAY.o
 .debug_macro   0x0000000000000000      0xa60 Inc/LIB/SW_DELAY.o
 .debug_macro   0x0000000000000000       0x16 Inc/LIB/SW_DELAY.o
 .debug_macro   0x0000000000000000       0x2e Inc/LIB/SW_DELAY.o
 .debug_macro   0x0000000000000000       0x1c Inc/LIB/SW_DELAY.o
 .group         0x0000000000000000        0xc Inc/MCAL/GPIO/GPIO.o
 .group         0x0000000000000000        0xc Inc/MCAL/GPIO/GPIO.o
 .group         0x0000000000000000        0xc Inc/MCAL/GPIO/GPIO.o
 .group         0x0000000000000000        0xc Inc/MCAL/GPIO/GPIO.o
 .group         0x0000000000000000        0xc Inc/MCAL/GPIO/GPIO.o
 .group         0x0000000000000000        0xc Inc/MCAL/GPIO/GPIO.o
 .text          0x0000000000000000        0x0 Inc/MCAL/GPIO/GPIO.o
 .data          0x0000000000000000        0x0 Inc/MCAL/GPIO/GPIO.o
 .bss           0x0000000000000000        0x0 Inc/MCAL/GPIO/GPIO.o
 .text.GPIO_voidSetPortDirection
                0x0000000000000000      0x43c Inc/MCAL/GPIO/GPIO.o
 .text.GPIO_voidSetPortValue
                0x0000000000000000       0xd0 Inc/MCAL/GPIO/GPIO.o
 .text.GPIO_voidTogglePinValue
                0x0000000000000000       0xa8 Inc/MCAL/GPIO/GPIO.o
 .text.GPIO_u8GetPinValue
                0x0000000000000000       0xa4 Inc/MCAL/GPIO/GPIO.o
 .debug_macro   0x0000000000000000      0xa60 Inc/MCAL/GPIO/GPIO.o
 .debug_macro   0x0000000000000000       0x16 Inc/MCAL/GPIO/GPIO.o
 .debug_macro   0x0000000000000000       0x2e Inc/MCAL/GPIO/GPIO.o
 .debug_macro   0x0000000000000000       0x2e Inc/MCAL/GPIO/GPIO.o
 .debug_macro   0x0000000000000000       0xc4 Inc/MCAL/GPIO/GPIO.o
 .group         0x0000000000000000        0xc Inc/MCAL/ICU/ICU.o
 .group         0x0000000000000000        0xc Inc/MCAL/ICU/ICU.o
 .group         0x0000000000000000        0xc Inc/MCAL/ICU/ICU.o
 .group         0x0000000000000000        0xc Inc/MCAL/ICU/ICU.o
 .group         0x0000000000000000        0xc Inc/MCAL/ICU/ICU.o
 .group         0x0000000000000000        0xc Inc/MCAL/ICU/ICU.o
 .text          0x0000000000000000        0x0 Inc/MCAL/ICU/ICU.o
 .data          0x0000000000000000        0x0 Inc/MCAL/ICU/ICU.o
 .bss           0x0000000000000000        0x0 Inc/MCAL/ICU/ICU.o
 .text.ICU_voidChangeCaptureEdge
                0x0000000000000000      0x284 Inc/MCAL/ICU/ICU.o
 .text.ICU_voidEnableChannelIRQ
                0x0000000000000000      0x138 Inc/MCAL/ICU/ICU.o
 .text.TIM17_IRQHandler
                0x0000000000000000       0x40 Inc/MCAL/ICU/ICU.o
 .debug_macro   0x0000000000000000      0xa60 Inc/MCAL/ICU/ICU.o
 .debug_macro   0x0000000000000000       0x16 Inc/MCAL/ICU/ICU.o
 .debug_macro   0x0000000000000000       0x2e Inc/MCAL/ICU/ICU.o
 .debug_macro   0x0000000000000000       0x2e Inc/MCAL/ICU/ICU.o
 .debug_macro   0x0000000000000000       0x10 Inc/MCAL/ICU/ICU.o
 .group         0x0000000000000000        0xc Inc/MCAL/NVIC/NVIC.o
 .group         0x0000000000000000        0xc Inc/MCAL/NVIC/NVIC.o
 .group         0x0000000000000000        0xc Inc/MCAL/NVIC/NVIC.o
 .group         0x0000000000000000        0xc Inc/MCAL/NVIC/NVIC.o
 .text          0x0000000000000000        0x0 Inc/MCAL/NVIC/NVIC.o
 .data          0x0000000000000000        0x0 Inc/MCAL/NVIC/NVIC.o
 .bss           0x0000000000000000        0x0 Inc/MCAL/NVIC/NVIC.o
 .text.nvic_disableInterrupt
                0x0000000000000000       0x48 Inc/MCAL/NVIC/NVIC.o
 .text.nvic_setPendingFlag
                0x0000000000000000       0x48 Inc/MCAL/NVIC/NVIC.o
 .text.nvic_clearPendingFlag
                0x0000000000000000       0x44 Inc/MCAL/NVIC/NVIC.o
 .text.nvic_readActiveFlag
                0x0000000000000000       0x60 Inc/MCAL/NVIC/NVIC.o
 .debug_macro   0x0000000000000000      0xa60 Inc/MCAL/NVIC/NVIC.o
 .debug_macro   0x0000000000000000       0x16 Inc/MCAL/NVIC/NVIC.o
 .debug_macro   0x0000000000000000       0x70 Inc/MCAL/NVIC/NVIC.o
 .debug_macro   0x0000000000000000       0x2e Inc/MCAL/NVIC/NVIC.o
 .group         0x0000000000000000        0xc Inc/MCAL/PWM/PWM.o
 .group         0x0000000000000000        0xc Inc/MCAL/PWM/PWM.o
 .group         0x0000000000000000        0xc Inc/MCAL/PWM/PWM.o
 .group         0x0000000000000000        0xc Inc/MCAL/PWM/PWM.o
 .group         0x0000000000000000        0xc Inc/MCAL/PWM/PWM.o
 .text          0x0000000000000000        0x0 Inc/MCAL/PWM/PWM.o
 .data          0x0000000000000000        0x0 Inc/MCAL/PWM/PWM.o
 .bss           0x0000000000000000        0x0 Inc/MCAL/PWM/PWM.o
 .debug_macro   0x0000000000000000      0xa60 Inc/MCAL/PWM/PWM.o
 .debug_macro   0x0000000000000000       0x2e Inc/MCAL/PWM/PWM.o
 .debug_macro   0x0000000000000000       0x16 Inc/MCAL/PWM/PWM.o
 .debug_macro   0x0000000000000000       0x2e Inc/MCAL/PWM/PWM.o
 .debug_macro   0x0000000000000000      0x175 Inc/MCAL/PWM/PWM.o
 .group         0x0000000000000000        0xc Inc/MCAL/RCC/RCC.o
 .group         0x0000000000000000        0xc Inc/MCAL/RCC/RCC.o
 .group         0x0000000000000000        0xc Inc/MCAL/RCC/RCC.o
 .group         0x0000000000000000        0xc Inc/MCAL/RCC/RCC.o
 .group         0x0000000000000000        0xc Inc/MCAL/RCC/RCC.o
 .group         0x0000000000000000        0xc Inc/MCAL/RCC/RCC.o
 .text          0x0000000000000000        0x0 Inc/MCAL/RCC/RCC.o
 .data          0x0000000000000000        0x0 Inc/MCAL/RCC/RCC.o
 .bss           0x0000000000000000        0x0 Inc/MCAL/RCC/RCC.o
 .text.RCC_voidDisableClock
                0x0000000000000000       0x88 Inc/MCAL/RCC/RCC.o
 .debug_macro   0x0000000000000000      0xa60 Inc/MCAL/RCC/RCC.o
 .debug_macro   0x0000000000000000       0x2e Inc/MCAL/RCC/RCC.o
 .debug_macro   0x0000000000000000       0x16 Inc/MCAL/RCC/RCC.o
 .debug_macro   0x0000000000000000       0x2e Inc/MCAL/RCC/RCC.o
 .group         0x0000000000000000        0xc Inc/MCAL/STK/STK.o
 .group         0x0000000000000000        0xc Inc/MCAL/STK/STK.o
 .group         0x0000000000000000        0xc Inc/MCAL/STK/STK.o
 .group         0x0000000000000000        0xc Inc/MCAL/STK/STK.o
 .group         0x0000000000000000        0xc Inc/MCAL/STK/STK.o
 .group         0x0000000000000000        0xc Inc/MCAL/STK/STK.o
 .group         0x0000000000000000        0xc Inc/MCAL/STK/STK.o
 .text          0x0000000000000000        0x0 Inc/MCAL/STK/STK.o
 .data          0x0000000000000000        0x0 Inc/MCAL/STK/STK.o
 .bss           0x0000000000000000        0x0 Inc/MCAL/STK/STK.o
 .text.STK_u32ConfigInterval
                0x0000000000000000       0x28 Inc/MCAL/STK/STK.o
 .text.STK_voidInit
                0x0000000000000000       0x20 Inc/MCAL/STK/STK.o
 .text.STK_voidSetBusyWait
                0x0000000000000000       0x64 Inc/MCAL/STK/STK.o
 .text.STK_voidSetBusyWait_MS
                0x0000000000000000       0x68 Inc/MCAL/STK/STK.o
 .text.STK_voidSetBusyWait_US
                0x0000000000000000       0x6c Inc/MCAL/STK/STK.o
 .text.STK_voidSetIntervalSingle
                0x0000000000000000       0x60 Inc/MCAL/STK/STK.o
 .text.STK_voidSetIntervalSingle_MS
                0x0000000000000000       0x64 Inc/MCAL/STK/STK.o
 .text.STK_voidSetIntervalSingle_US
                0x0000000000000000       0x64 Inc/MCAL/STK/STK.o
 .text.STK_voidSetIntervalPeriodic
                0x0000000000000000       0x60 Inc/MCAL/STK/STK.o
 .text.STK_voidSetIntervalPeriodic_MS
                0x0000000000000000       0x64 Inc/MCAL/STK/STK.o
 .text.STK_voidSetIntervalPeriodic_US
                0x0000000000000000       0x64 Inc/MCAL/STK/STK.o
 .text.STK_u32GetElapsedTicks
                0x0000000000000000       0x28 Inc/MCAL/STK/STK.o
 .text.STK_u32GetElapsedTime_MS
                0x0000000000000000       0x38 Inc/MCAL/STK/STK.o
 .text.STK_u32GetElapsedTime_US
                0x0000000000000000       0x38 Inc/MCAL/STK/STK.o
 .text.STK_u32GetRemainingTicks
                0x0000000000000000       0x24 Inc/MCAL/STK/STK.o
 .text.STK_u32GetRemainingTime_MS
                0x0000000000000000       0x2c Inc/MCAL/STK/STK.o
 .text.STK_u32GetRemainingTime_US
                0x0000000000000000       0x30 Inc/MCAL/STK/STK.o
 .debug_macro   0x0000000000000000      0xa60 Inc/MCAL/STK/STK.o
 .debug_macro   0x0000000000000000       0x16 Inc/MCAL/STK/STK.o
 .debug_macro   0x0000000000000000       0x2e Inc/MCAL/STK/STK.o
 .debug_macro   0x0000000000000000       0x2e Inc/MCAL/STK/STK.o
 .debug_macro   0x0000000000000000       0x16 Inc/MCAL/STK/STK.o
 .group         0x0000000000000000        0xc Inc/MCAL/USART/USART.o
 .group         0x0000000000000000        0xc Inc/MCAL/USART/USART.o
 .group         0x0000000000000000        0xc Inc/MCAL/USART/USART.o
 .group         0x0000000000000000        0xc Inc/MCAL/USART/USART.o
 .group         0x0000000000000000        0xc Inc/MCAL/USART/USART.o
 .group         0x0000000000000000        0xc Inc/MCAL/USART/USART.o
 .group         0x0000000000000000        0xc Inc/MCAL/USART/USART.o
 .text          0x0000000000000000        0x0 Inc/MCAL/USART/USART.o
 .data          0x0000000000000000        0x0 Inc/MCAL/USART/USART.o
 .bss           0x0000000000000000        0x0 Inc/MCAL/USART/USART.o
 .text.USART_voidInit
                0x0000000000000000       0xd0 Inc/MCAL/USART/USART.o
 .text.USART_voidSendDataSynch
                0x0000000000000000       0x80 Inc/MCAL/USART/USART.o
 .text.USART_voidSendDataAsynch
                0x0000000000000000       0x50 Inc/MCAL/USART/USART.o
 .text.USART_voidReceiveDataSynch
                0x0000000000000000       0x7c Inc/MCAL/USART/USART.o
 .text.USART_voidReceiveDataAsynch
                0x0000000000000000       0x16 Inc/MCAL/USART/USART.o
 .text.USART_voidBuadRateCalc
                0x0000000000000000       0xb8 Inc/MCAL/USART/USART.o
 .text.USART_voidSetPins
                0x0000000000000000       0xb8 Inc/MCAL/USART/USART.o
 .text.USART_voidGetDMA_PeripheralAddress
                0x0000000000000000       0x30 Inc/MCAL/USART/USART.o
 .text.USART_voidSendStringWithFixedSizeSynch
                0x0000000000000000       0x40 Inc/MCAL/USART/USART.o
 .text.USART_voidSendStringWithDelimiterSynch
                0x0000000000000000       0x42 Inc/MCAL/USART/USART.o
 .debug_macro   0x0000000000000000      0xa60 Inc/MCAL/USART/USART.o
 .debug_macro   0x0000000000000000       0x16 Inc/MCAL/USART/USART.o
 .debug_macro   0x0000000000000000       0x2e Inc/MCAL/USART/USART.o
 .debug_macro   0x0000000000000000       0x2e Inc/MCAL/USART/USART.o
 .debug_macro   0x0000000000000000       0xc4 Inc/MCAL/USART/USART.o
 .group         0x0000000000000000        0xc Inc/SERVICE/ALIG_CAR/ALIG_CAR.o
 .group         0x0000000000000000        0xc Inc/SERVICE/ALIG_CAR/ALIG_CAR.o
 .group         0x0000000000000000        0xc Inc/SERVICE/ALIG_CAR/ALIG_CAR.o
 .group         0x0000000000000000        0xc Inc/SERVICE/ALIG_CAR/ALIG_CAR.o
 .group         0x0000000000000000        0xc Inc/SERVICE/ALIG_CAR/ALIG_CAR.o
 .text          0x0000000000000000        0x0 Inc/SERVICE/ALIG_CAR/ALIG_CAR.o
 .data          0x0000000000000000        0x0 Inc/SERVICE/ALIG_CAR/ALIG_CAR.o
 .bss           0x0000000000000000        0x0 Inc/SERVICE/ALIG_CAR/ALIG_CAR.o
 .text.C3_voidIsVehicleAlignment
                0x0000000000000000       0x4e Inc/SERVICE/ALIG_CAR/ALIG_CAR.o
 .debug_info    0x0000000000000000       0xe5 Inc/SERVICE/ALIG_CAR/ALIG_CAR.o
 .debug_abbrev  0x0000000000000000       0x8e Inc/SERVICE/ALIG_CAR/ALIG_CAR.o
 .debug_aranges
                0x0000000000000000       0x20 Inc/SERVICE/ALIG_CAR/ALIG_CAR.o
 .debug_ranges  0x0000000000000000       0x10 Inc/SERVICE/ALIG_CAR/ALIG_CAR.o
 .debug_macro   0x0000000000000000       0x35 Inc/SERVICE/ALIG_CAR/ALIG_CAR.o
 .debug_macro   0x0000000000000000      0xa60 Inc/SERVICE/ALIG_CAR/ALIG_CAR.o
 .debug_macro   0x0000000000000000       0x16 Inc/SERVICE/ALIG_CAR/ALIG_CAR.o
 .debug_macro   0x0000000000000000       0x2e Inc/SERVICE/ALIG_CAR/ALIG_CAR.o
 .debug_macro   0x0000000000000000       0x2e Inc/SERVICE/ALIG_CAR/ALIG_CAR.o
 .debug_macro   0x0000000000000000       0x10 Inc/SERVICE/ALIG_CAR/ALIG_CAR.o
 .debug_line    0x0000000000000000       0xb9 Inc/SERVICE/ALIG_CAR/ALIG_CAR.o
 .debug_str     0x0000000000000000     0x2fbd Inc/SERVICE/ALIG_CAR/ALIG_CAR.o
 .comment       0x0000000000000000       0x7c Inc/SERVICE/ALIG_CAR/ALIG_CAR.o
 .debug_frame   0x0000000000000000       0x38 Inc/SERVICE/ALIG_CAR/ALIG_CAR.o
 .ARM.attributes
                0x0000000000000000       0x39 Inc/SERVICE/ALIG_CAR/ALIG_CAR.o
 .group         0x0000000000000000        0xc Inc/SERVICE/CAR_PARK/CAR_PARK.o
 .group         0x0000000000000000        0xc Inc/SERVICE/CAR_PARK/CAR_PARK.o
 .group         0x0000000000000000        0xc Inc/SERVICE/CAR_PARK/CAR_PARK.o
 .group         0x0000000000000000        0xc Inc/SERVICE/CAR_PARK/CAR_PARK.o
 .group         0x0000000000000000        0xc Inc/SERVICE/CAR_PARK/CAR_PARK.o
 .group         0x0000000000000000        0xc Inc/SERVICE/CAR_PARK/CAR_PARK.o
 .group         0x0000000000000000        0xc Inc/SERVICE/CAR_PARK/CAR_PARK.o
 .group         0x0000000000000000        0xc Inc/SERVICE/CAR_PARK/CAR_PARK.o
 .group         0x0000000000000000        0xc Inc/SERVICE/CAR_PARK/CAR_PARK.o
 .text          0x0000000000000000        0x0 Inc/SERVICE/CAR_PARK/CAR_PARK.o
 .data          0x0000000000000000        0x0 Inc/SERVICE/CAR_PARK/CAR_PARK.o
 .bss           0x0000000000000000        0x0 Inc/SERVICE/CAR_PARK/CAR_PARK.o
 .text.C5VCLEPRK_voidInitParking
                0x0000000000000000        0xc Inc/SERVICE/CAR_PARK/CAR_PARK.o
 .text.C5VCLEPRK_voidStartParking
                0x0000000000000000      0x228 Inc/SERVICE/CAR_PARK/CAR_PARK.o
 .debug_info    0x0000000000000000      0x186 Inc/SERVICE/CAR_PARK/CAR_PARK.o
 .debug_abbrev  0x0000000000000000       0x99 Inc/SERVICE/CAR_PARK/CAR_PARK.o
 .debug_aranges
                0x0000000000000000       0x28 Inc/SERVICE/CAR_PARK/CAR_PARK.o
 .debug_ranges  0x0000000000000000       0x18 Inc/SERVICE/CAR_PARK/CAR_PARK.o
 .debug_macro   0x0000000000000000       0x8d Inc/SERVICE/CAR_PARK/CAR_PARK.o
 .debug_macro   0x0000000000000000      0xa60 Inc/SERVICE/CAR_PARK/CAR_PARK.o
 .debug_macro   0x0000000000000000       0x16 Inc/SERVICE/CAR_PARK/CAR_PARK.o
 .debug_macro   0x0000000000000000       0x2e Inc/SERVICE/CAR_PARK/CAR_PARK.o
 .debug_macro   0x0000000000000000       0x1c Inc/SERVICE/CAR_PARK/CAR_PARK.o
 .debug_macro   0x0000000000000000       0x2e Inc/SERVICE/CAR_PARK/CAR_PARK.o
 .debug_macro   0x0000000000000000       0x22 Inc/SERVICE/CAR_PARK/CAR_PARK.o
 .debug_macro   0x0000000000000000       0x3a Inc/SERVICE/CAR_PARK/CAR_PARK.o
 .debug_macro   0x0000000000000000       0x10 Inc/SERVICE/CAR_PARK/CAR_PARK.o
 .debug_macro   0x0000000000000000       0x52 Inc/SERVICE/CAR_PARK/CAR_PARK.o
 .debug_line    0x0000000000000000      0x1ff Inc/SERVICE/CAR_PARK/CAR_PARK.o
 .debug_str     0x0000000000000000     0x340a Inc/SERVICE/CAR_PARK/CAR_PARK.o
 .comment       0x0000000000000000       0x7c Inc/SERVICE/CAR_PARK/CAR_PARK.o
 .debug_frame   0x0000000000000000       0x54 Inc/SERVICE/CAR_PARK/CAR_PARK.o
 .ARM.attributes
                0x0000000000000000       0x39 Inc/SERVICE/CAR_PARK/CAR_PARK.o
 .group         0x0000000000000000        0xc Inc/SERVICE/CTRL_CAR/CTRL_CAR.o
 .group         0x0000000000000000        0xc Inc/SERVICE/CTRL_CAR/CTRL_CAR.o
 .group         0x0000000000000000        0xc Inc/SERVICE/CTRL_CAR/CTRL_CAR.o
 .group         0x0000000000000000        0xc Inc/SERVICE/CTRL_CAR/CTRL_CAR.o
 .group         0x0000000000000000        0xc Inc/SERVICE/CTRL_CAR/CTRL_CAR.o
 .group         0x0000000000000000        0xc Inc/SERVICE/CTRL_CAR/CTRL_CAR.o
 .text          0x0000000000000000        0x0 Inc/SERVICE/CTRL_CAR/CTRL_CAR.o
 .data          0x0000000000000000        0x0 Inc/SERVICE/CTRL_CAR/CTRL_CAR.o
 .bss           0x0000000000000000        0x0 Inc/SERVICE/CTRL_CAR/CTRL_CAR.o
 .debug_macro   0x0000000000000000      0xa60 Inc/SERVICE/CTRL_CAR/CTRL_CAR.o
 .debug_macro   0x0000000000000000       0x16 Inc/SERVICE/CTRL_CAR/CTRL_CAR.o
 .debug_macro   0x0000000000000000       0x2e Inc/SERVICE/CTRL_CAR/CTRL_CAR.o
 .debug_macro   0x0000000000000000       0x2e Inc/SERVICE/CTRL_CAR/CTRL_CAR.o
 .debug_macro   0x0000000000000000       0xc4 Inc/SERVICE/CTRL_CAR/CTRL_CAR.o
 .debug_macro   0x0000000000000000       0x52 Inc/SERVICE/CTRL_CAR/CTRL_CAR.o
 .group         0x0000000000000000        0xc Inc/SERVICE/FIND_PARKING/FIND_PARKING.o
 .group         0x0000000000000000        0xc Inc/SERVICE/FIND_PARKING/FIND_PARKING.o
 .group         0x0000000000000000        0xc Inc/SERVICE/FIND_PARKING/FIND_PARKING.o
 .group         0x0000000000000000        0xc Inc/SERVICE/FIND_PARKING/FIND_PARKING.o
 .group         0x0000000000000000        0xc Inc/SERVICE/FIND_PARKING/FIND_PARKING.o
 .group         0x0000000000000000        0xc Inc/SERVICE/FIND_PARKING/FIND_PARKING.o
 .group         0x0000000000000000        0xc Inc/SERVICE/FIND_PARKING/FIND_PARKING.o
 .group         0x0000000000000000        0xc Inc/SERVICE/FIND_PARKING/FIND_PARKING.o
 .group         0x0000000000000000        0xc Inc/SERVICE/FIND_PARKING/FIND_PARKING.o
 .text          0x0000000000000000        0x0 Inc/SERVICE/FIND_PARKING/FIND_PARKING.o
 .data          0x0000000000000000        0x0 Inc/SERVICE/FIND_PARKING/FIND_PARKING.o
 .bss           0x0000000000000000        0x0 Inc/SERVICE/FIND_PARKING/FIND_PARKING.o
 .text.C4SLTFIND_voidInit
                0x0000000000000000        0xe Inc/SERVICE/FIND_PARKING/FIND_PARKING.o
 .text.C4SLTFIND_voidSearchingforSlotFull
                0x0000000000000000       0xfe Inc/SERVICE/FIND_PARKING/FIND_PARKING.o
 .text.C4SLTFIND_voidSearchingforSlot
                0x0000000000000000      0x128 Inc/SERVICE/FIND_PARKING/FIND_PARKING.o
 .debug_info    0x0000000000000000      0x22a Inc/SERVICE/FIND_PARKING/FIND_PARKING.o
 .debug_abbrev  0x0000000000000000       0x99 Inc/SERVICE/FIND_PARKING/FIND_PARKING.o
 .debug_aranges
                0x0000000000000000       0x30 Inc/SERVICE/FIND_PARKING/FIND_PARKING.o
 .debug_ranges  0x0000000000000000       0x20 Inc/SERVICE/FIND_PARKING/FIND_PARKING.o
 .debug_macro   0x0000000000000000       0x87 Inc/SERVICE/FIND_PARKING/FIND_PARKING.o
 .debug_macro   0x0000000000000000      0xa60 Inc/SERVICE/FIND_PARKING/FIND_PARKING.o
 .debug_macro   0x0000000000000000       0x2e Inc/SERVICE/FIND_PARKING/FIND_PARKING.o
 .debug_macro   0x0000000000000000       0x16 Inc/SERVICE/FIND_PARKING/FIND_PARKING.o
 .debug_macro   0x0000000000000000       0x1c Inc/SERVICE/FIND_PARKING/FIND_PARKING.o
 .debug_macro   0x0000000000000000       0x22 Inc/SERVICE/FIND_PARKING/FIND_PARKING.o
 .debug_macro   0x0000000000000000       0x3a Inc/SERVICE/FIND_PARKING/FIND_PARKING.o
 .debug_macro   0x0000000000000000       0x52 Inc/SERVICE/FIND_PARKING/FIND_PARKING.o
 .debug_macro   0x0000000000000000       0x10 Inc/SERVICE/FIND_PARKING/FIND_PARKING.o
 .debug_macro   0x0000000000000000       0x22 Inc/SERVICE/FIND_PARKING/FIND_PARKING.o
 .debug_line    0x0000000000000000      0x274 Inc/SERVICE/FIND_PARKING/FIND_PARKING.o
 .debug_str     0x0000000000000000     0x34e4 Inc/SERVICE/FIND_PARKING/FIND_PARKING.o
 .comment       0x0000000000000000       0x7c Inc/SERVICE/FIND_PARKING/FIND_PARKING.o
 .debug_frame   0x0000000000000000       0x78 Inc/SERVICE/FIND_PARKING/FIND_PARKING.o
 .ARM.attributes
                0x0000000000000000       0x39 Inc/SERVICE/FIND_PARKING/FIND_PARKING.o
 .group         0x0000000000000000        0xc Inc/SERVICE/SELECT_US/SELECT_US.o
 .group         0x0000000000000000        0xc Inc/SERVICE/SELECT_US/SELECT_US.o
 .group         0x0000000000000000        0xc Inc/SERVICE/SELECT_US/SELECT_US.o
 .group         0x0000000000000000        0xc Inc/SERVICE/SELECT_US/SELECT_US.o
 .group         0x0000000000000000        0xc Inc/SERVICE/SELECT_US/SELECT_US.o
 .group         0x0000000000000000        0xc Inc/SERVICE/SELECT_US/SELECT_US.o
 .group         0x0000000000000000        0xc Inc/SERVICE/SELECT_US/SELECT_US.o
 .text          0x0000000000000000        0x0 Inc/SERVICE/SELECT_US/SELECT_US.o
 .data          0x0000000000000000        0x0 Inc/SERVICE/SELECT_US/SELECT_US.o
 .bss           0x0000000000000000        0x0 Inc/SERVICE/SELECT_US/SELECT_US.o
 .text.APPC1_xGetAllUSData
                0x0000000000000000       0xb8 Inc/SERVICE/SELECT_US/SELECT_US.o
 .debug_macro   0x0000000000000000      0xa60 Inc/SERVICE/SELECT_US/SELECT_US.o
 .debug_macro   0x0000000000000000       0x16 Inc/SERVICE/SELECT_US/SELECT_US.o
 .debug_macro   0x0000000000000000       0x2e Inc/SERVICE/SELECT_US/SELECT_US.o
 .debug_macro   0x0000000000000000       0xc4 Inc/SERVICE/SELECT_US/SELECT_US.o
 .debug_macro   0x0000000000000000       0x3a Inc/SERVICE/SELECT_US/SELECT_US.o
 .debug_macro   0x0000000000000000       0x22 Inc/SERVICE/SELECT_US/SELECT_US.o
 .group         0x0000000000000000        0xc Src/main.o
 .group         0x0000000000000000        0xc Src/main.o
 .group         0x0000000000000000        0xc Src/main.o
 .group         0x0000000000000000        0xc Src/main.o
 .group         0x0000000000000000        0xc Src/main.o
 .group         0x0000000000000000        0xc Src/main.o
 .group         0x0000000000000000        0xc Src/main.o
 .group         0x0000000000000000        0xc Src/main.o
 .group         0x0000000000000000        0xc Src/main.o
 .group         0x0000000000000000        0xc Src/main.o
 .group         0x0000000000000000        0xc Src/main.o
 .text          0x0000000000000000        0x0 Src/main.o
 .data          0x0000000000000000        0x0 Src/main.o
 .bss           0x0000000000000000        0x0 Src/main.o
 .debug_macro   0x0000000000000000      0xa60 Src/main.o
 .debug_macro   0x0000000000000000       0x16 Src/main.o
 .debug_macro   0x0000000000000000       0x10 Src/main.o
 .debug_macro   0x0000000000000000       0x2e Src/main.o
 .debug_macro   0x0000000000000000       0x22 Src/main.o
 .debug_macro   0x0000000000000000       0x22 Src/main.o
 .debug_macro   0x0000000000000000       0x3a Src/main.o
 .debug_macro   0x0000000000000000       0xc4 Src/main.o
 COMMON         0x0000000000000000      0x1ab Src/main.o
 .group         0x0000000000000000        0xc Src/syscalls.o
 .group         0x0000000000000000        0xc Src/syscalls.o
 .group         0x0000000000000000        0xc Src/syscalls.o
 .group         0x0000000000000000        0xc Src/syscalls.o
 .group         0x0000000000000000        0xc Src/syscalls.o
 .group         0x0000000000000000        0xc Src/syscalls.o
 .group         0x0000000000000000        0xc Src/syscalls.o
 .group         0x0000000000000000        0xc Src/syscalls.o
 .group         0x0000000000000000        0xc Src/syscalls.o
 .group         0x0000000000000000        0xc Src/syscalls.o
 .group         0x0000000000000000        0xc Src/syscalls.o
 .group         0x0000000000000000        0xc Src/syscalls.o
 .group         0x0000000000000000        0xc Src/syscalls.o
 .group         0x0000000000000000        0xc Src/syscalls.o
 .group         0x0000000000000000        0xc Src/syscalls.o
 .group         0x0000000000000000        0xc Src/syscalls.o
 .group         0x0000000000000000        0xc Src/syscalls.o
 .group         0x0000000000000000        0xc Src/syscalls.o
 .group         0x0000000000000000        0xc Src/syscalls.o
 .group         0x0000000000000000        0xc Src/syscalls.o
 .group         0x0000000000000000        0xc Src/syscalls.o
 .group         0x0000000000000000        0xc Src/syscalls.o
 .group         0x0000000000000000        0xc Src/syscalls.o
 .group         0x0000000000000000        0xc Src/syscalls.o
 .group         0x0000000000000000        0xc Src/syscalls.o
 .group         0x0000000000000000        0xc Src/syscalls.o
 .group         0x0000000000000000        0xc Src/syscalls.o
 .group         0x0000000000000000        0xc Src/syscalls.o
 .group         0x0000000000000000        0xc Src/syscalls.o
 .group         0x0000000000000000        0xc Src/syscalls.o
 .group         0x0000000000000000        0xc Src/syscalls.o
 .group         0x0000000000000000        0xc Src/syscalls.o
 .group         0x0000000000000000        0xc Src/syscalls.o
 .group         0x0000000000000000        0xc Src/syscalls.o
 .group         0x0000000000000000        0xc Src/syscalls.o
 .group         0x0000000000000000        0xc Src/syscalls.o
 .group         0x0000000000000000        0xc Src/syscalls.o
 .group         0x0000000000000000        0xc Src/syscalls.o
 .group         0x0000000000000000        0xc Src/syscalls.o
 .group         0x0000000000000000        0xc Src/syscalls.o
 .group         0x0000000000000000        0xc Src/syscalls.o
 .group         0x0000000000000000        0xc Src/syscalls.o
 .group         0x0000000000000000        0xc Src/syscalls.o
 .group         0x0000000000000000        0xc Src/syscalls.o
 .text          0x0000000000000000        0x0 Src/syscalls.o
 .data          0x0000000000000000        0x0 Src/syscalls.o
 .bss           0x0000000000000000        0x0 Src/syscalls.o
 .bss.__env     0x0000000000000000        0x4 Src/syscalls.o
 .data.environ  0x0000000000000000        0x4 Src/syscalls.o
 .text.initialise_monitor_handles
                0x0000000000000000        0xe Src/syscalls.o
 .text._getpid  0x0000000000000000       0x10 Src/syscalls.o
 .text._kill    0x0000000000000000       0x20 Src/syscalls.o
 .text._exit    0x0000000000000000       0x14 Src/syscalls.o
 .text._read    0x0000000000000000       0x3a Src/syscalls.o
 .text._write   0x0000000000000000       0x38 Src/syscalls.o
 .text._close   0x0000000000000000       0x18 Src/syscalls.o
 .text._fstat   0x0000000000000000       0x20 Src/syscalls.o
 .text._isatty  0x0000000000000000       0x16 Src/syscalls.o
 .text._lseek   0x0000000000000000       0x1a Src/syscalls.o
 .text._open    0x0000000000000000       0x1c Src/syscalls.o
 .text._wait    0x0000000000000000       0x1e Src/syscalls.o
 .text._unlink  0x0000000000000000       0x1e Src/syscalls.o
 .text._times   0x0000000000000000       0x18 Src/syscalls.o
 .text._stat    0x0000000000000000       0x20 Src/syscalls.o
 .text._link    0x0000000000000000       0x20 Src/syscalls.o
 .text._fork    0x0000000000000000       0x16 Src/syscalls.o
 .text._execve  0x0000000000000000       0x22 Src/syscalls.o
 .debug_info    0x0000000000000000      0xebd Src/syscalls.o
 .debug_abbrev  0x0000000000000000      0x261 Src/syscalls.o
 .debug_aranges
                0x0000000000000000       0xa8 Src/syscalls.o
 .debug_ranges  0x0000000000000000       0x98 Src/syscalls.o
 .debug_macro   0x0000000000000000      0x243 Src/syscalls.o
 .debug_macro   0x0000000000000000      0xa60 Src/syscalls.o
 .debug_macro   0x0000000000000000       0x22 Src/syscalls.o
 .debug_macro   0x0000000000000000       0x40 Src/syscalls.o
 .debug_macro   0x0000000000000000       0x18 Src/syscalls.o
 .debug_macro   0x0000000000000000       0x94 Src/syscalls.o
 .debug_macro   0x0000000000000000       0x3c Src/syscalls.o
 .debug_macro   0x0000000000000000       0x34 Src/syscalls.o
 .debug_macro   0x0000000000000000       0x57 Src/syscalls.o
 .debug_macro   0x0000000000000000      0x174 Src/syscalls.o
 .debug_macro   0x0000000000000000      0x330 Src/syscalls.o
 .debug_macro   0x0000000000000000       0x52 Src/syscalls.o
 .debug_macro   0x0000000000000000       0x1f Src/syscalls.o
 .debug_macro   0x0000000000000000       0x43 Src/syscalls.o
 .debug_macro   0x0000000000000000       0x20 Src/syscalls.o
 .debug_macro   0x0000000000000000      0x1a3 Src/syscalls.o
 .debug_macro   0x0000000000000000       0x10 Src/syscalls.o
 .debug_macro   0x0000000000000000       0x35 Src/syscalls.o
 .debug_macro   0x0000000000000000       0x10 Src/syscalls.o
 .debug_macro   0x0000000000000000       0x10 Src/syscalls.o
 .debug_macro   0x0000000000000000       0x10 Src/syscalls.o
 .debug_macro   0x0000000000000000       0x6a Src/syscalls.o
 .debug_macro   0x0000000000000000       0x1c Src/syscalls.o
 .debug_macro   0x0000000000000000       0x52 Src/syscalls.o
 .debug_macro   0x0000000000000000       0x40 Src/syscalls.o
 .debug_macro   0x0000000000000000       0x10 Src/syscalls.o
 .debug_macro   0x0000000000000000       0x40 Src/syscalls.o
 .debug_macro   0x0000000000000000       0xd7 Src/syscalls.o
 .debug_macro   0x0000000000000000       0x1c Src/syscalls.o
 .debug_macro   0x0000000000000000       0x3d Src/syscalls.o
 .debug_macro   0x0000000000000000       0x35 Src/syscalls.o
 .debug_macro   0x0000000000000000      0x122 Src/syscalls.o
 .debug_macro   0x0000000000000000       0x16 Src/syscalls.o
 .debug_macro   0x0000000000000000       0x16 Src/syscalls.o
 .debug_macro   0x0000000000000000       0x29 Src/syscalls.o
 .debug_macro   0x0000000000000000       0x10 Src/syscalls.o
 .debug_macro   0x0000000000000000      0x241 Src/syscalls.o
 .debug_macro   0x0000000000000000       0x1c Src/syscalls.o
 .debug_macro   0x0000000000000000       0x10 Src/syscalls.o
 .debug_macro   0x0000000000000000       0x10 Src/syscalls.o
 .debug_macro   0x0000000000000000       0x16 Src/syscalls.o
 .debug_macro   0x0000000000000000      0x145 Src/syscalls.o
 .debug_macro   0x0000000000000000      0x189 Src/syscalls.o
 .debug_macro   0x0000000000000000       0x16 Src/syscalls.o
 .debug_macro   0x0000000000000000       0x88 Src/syscalls.o
 .debug_line    0x0000000000000000      0x739 Src/syscalls.o
 .debug_str     0x0000000000000000     0x8873 Src/syscalls.o
 .comment       0x0000000000000000       0x7c Src/syscalls.o
 .debug_frame   0x0000000000000000      0x2ac Src/syscalls.o
 .ARM.attributes
                0x0000000000000000       0x39 Src/syscalls.o
 .group         0x0000000000000000        0xc Src/sysmem.o
 .group         0x0000000000000000        0xc Src/sysmem.o
 .group         0x0000000000000000        0xc Src/sysmem.o
 .group         0x0000000000000000        0xc Src/sysmem.o
 .group         0x0000000000000000        0xc Src/sysmem.o
 .group         0x0000000000000000        0xc Src/sysmem.o
 .group         0x0000000000000000        0xc Src/sysmem.o
 .group         0x0000000000000000        0xc Src/sysmem.o
 .group         0x0000000000000000        0xc Src/sysmem.o
 .group         0x0000000000000000        0xc Src/sysmem.o
 .group         0x0000000000000000        0xc Src/sysmem.o
 .group         0x0000000000000000        0xc Src/sysmem.o
 .group         0x0000000000000000        0xc Src/sysmem.o
 .group         0x0000000000000000        0xc Src/sysmem.o
 .group         0x0000000000000000        0xc Src/sysmem.o
 .group         0x0000000000000000        0xc Src/sysmem.o
 .group         0x0000000000000000        0xc Src/sysmem.o
 .group         0x0000000000000000        0xc Src/sysmem.o
 .group         0x0000000000000000        0xc Src/sysmem.o
 .text          0x0000000000000000        0x0 Src/sysmem.o
 .data          0x0000000000000000        0x0 Src/sysmem.o
 .bss           0x0000000000000000        0x0 Src/sysmem.o
 .bss.__sbrk_heap_end
                0x0000000000000000        0x4 Src/sysmem.o
 .text._sbrk    0x0000000000000000       0x6c Src/sysmem.o
 .debug_info    0x0000000000000000      0x985 Src/sysmem.o
 .debug_abbrev  0x0000000000000000      0x19b Src/sysmem.o
 .debug_aranges
                0x0000000000000000       0x20 Src/sysmem.o
 .debug_ranges  0x0000000000000000       0x10 Src/sysmem.o
 .debug_macro   0x0000000000000000       0xee Src/sysmem.o
 .debug_macro   0x0000000000000000      0xa60 Src/sysmem.o
 .debug_macro   0x0000000000000000       0x10 Src/sysmem.o
 .debug_macro   0x0000000000000000       0x22 Src/sysmem.o
 .debug_macro   0x0000000000000000       0x40 Src/sysmem.o
 .debug_macro   0x0000000000000000       0x18 Src/sysmem.o
 .debug_macro   0x0000000000000000       0x94 Src/sysmem.o
 .debug_macro   0x0000000000000000       0x3c Src/sysmem.o
 .debug_macro   0x0000000000000000       0x34 Src/sysmem.o
 .debug_macro   0x0000000000000000      0x174 Src/sysmem.o
 .debug_macro   0x0000000000000000       0x57 Src/sysmem.o
 .debug_macro   0x0000000000000000       0x52 Src/sysmem.o
 .debug_macro   0x0000000000000000       0x1f Src/sysmem.o
 .debug_macro   0x0000000000000000       0x43 Src/sysmem.o
 .debug_macro   0x0000000000000000       0x20 Src/sysmem.o
 .debug_macro   0x0000000000000000      0x1a3 Src/sysmem.o
 .debug_macro   0x0000000000000000      0x23b Src/sysmem.o
 .debug_macro   0x0000000000000000       0xef Src/sysmem.o
 .debug_macro   0x0000000000000000       0x6a Src/sysmem.o
 .debug_macro   0x0000000000000000      0x1df Src/sysmem.o
 .debug_line    0x0000000000000000      0x4c2 Src/sysmem.o
 .debug_str     0x0000000000000000     0x5f41 Src/sysmem.o
 .comment       0x0000000000000000       0x7c Src/sysmem.o
 .debug_frame   0x0000000000000000       0x34 Src/sysmem.o
 .ARM.attributes
                0x0000000000000000       0x39 Src/sysmem.o
 .text          0x0000000000000000       0x14 Startup/startup_stm32f303retx.o
 .data          0x0000000000000000        0x0 Startup/startup_stm32f303retx.o
 .bss           0x0000000000000000        0x0 Startup/startup_stm32f303retx.o
 .text          0x0000000000000000        0x0 c:/st/stm32cubeide_1.4.0/stm32cubeide/plugins/com.st.stm32cube.ide.mcu.externaltools.gnu-tools-for-stm32.7-2018-q2-update.win32_1.4.0.202007081208/tools/bin/../lib/gcc/arm-none-eabi/7.3.1/../../../../arm-none-eabi/lib/thumb/v7e-m/fpv4-sp/hard\libc_nano.a(lib_a-errno.o)
 .data          0x0000000000000000        0x0 c:/st/stm32cubeide_1.4.0/stm32cubeide/plugins/com.st.stm32cube.ide.mcu.externaltools.gnu-tools-for-stm32.7-2018-q2-update.win32_1.4.0.202007081208/tools/bin/../lib/gcc/arm-none-eabi/7.3.1/../../../../arm-none-eabi/lib/thumb/v7e-m/fpv4-sp/hard\libc_nano.a(lib_a-errno.o)
 .bss           0x0000000000000000        0x0 c:/st/stm32cubeide_1.4.0/stm32cubeide/plugins/com.st.stm32cube.ide.mcu.externaltools.gnu-tools-for-stm32.7-2018-q2-update.win32_1.4.0.202007081208/tools/bin/../lib/gcc/arm-none-eabi/7.3.1/../../../../arm-none-eabi/lib/thumb/v7e-m/fpv4-sp/hard\libc_nano.a(lib_a-errno.o)
 .text.__errno  0x0000000000000000        0xc c:/st/stm32cubeide_1.4.0/stm32cubeide/plugins/com.st.stm32cube.ide.mcu.externaltools.gnu-tools-for-stm32.7-2018-q2-update.win32_1.4.0.202007081208/tools/bin/../lib/gcc/arm-none-eabi/7.3.1/../../../../arm-none-eabi/lib/thumb/v7e-m/fpv4-sp/hard\libc_nano.a(lib_a-errno.o)
 .debug_frame   0x0000000000000000       0x20 c:/st/stm32cubeide_1.4.0/stm32cubeide/plugins/com.st.stm32cube.ide.mcu.externaltools.gnu-tools-for-stm32.7-2018-q2-update.win32_1.4.0.202007081208/tools/bin/../lib/gcc/arm-none-eabi/7.3.1/../../../../arm-none-eabi/lib/thumb/v7e-m/fpv4-sp/hard\libc_nano.a(lib_a-errno.o)
 .ARM.attributes
                0x0000000000000000       0x34 c:/st/stm32cubeide_1.4.0/stm32cubeide/plugins/com.st.stm32cube.ide.mcu.externaltools.gnu-tools-for-stm32.7-2018-q2-update.win32_1.4.0.202007081208/tools/bin/../lib/gcc/arm-none-eabi/7.3.1/../../../../arm-none-eabi/lib/thumb/v7e-m/fpv4-sp/hard\libc_nano.a(lib_a-errno.o)
 .text          0x0000000000000000        0x0 c:/st/stm32cubeide_1.4.0/stm32cubeide/plugins/com.st.stm32cube.ide.mcu.externaltools.gnu-tools-for-stm32.7-2018-q2-update.win32_1.4.0.202007081208/tools/bin/../lib/gcc/arm-none-eabi/7.3.1/../../../../arm-none-eabi/lib/thumb/v7e-m/fpv4-sp/hard\libc_nano.a(lib_a-exit.o)
 .data          0x0000000000000000        0x0 c:/st/stm32cubeide_1.4.0/stm32cubeide/plugins/com.st.stm32cube.ide.mcu.externaltools.gnu-tools-for-stm32.7-2018-q2-update.win32_1.4.0.202007081208/tools/bin/../lib/gcc/arm-none-eabi/7.3.1/../../../../arm-none-eabi/lib/thumb/v7e-m/fpv4-sp/hard\libc_nano.a(lib_a-exit.o)
 .bss           0x0000000000000000        0x0 c:/st/stm32cubeide_1.4.0/stm32cubeide/plugins/com.st.stm32cube.ide.mcu.externaltools.gnu-tools-for-stm32.7-2018-q2-update.win32_1.4.0.202007081208/tools/bin/../lib/gcc/arm-none-eabi/7.3.1/../../../../arm-none-eabi/lib/thumb/v7e-m/fpv4-sp/hard\libc_nano.a(lib_a-exit.o)
 .text.exit     0x0000000000000000       0x28 c:/st/stm32cubeide_1.4.0/stm32cubeide/plugins/com.st.stm32cube.ide.mcu.externaltools.gnu-tools-for-stm32.7-2018-q2-update.win32_1.4.0.202007081208/tools/bin/../lib/gcc/arm-none-eabi/7.3.1/../../../../arm-none-eabi/lib/thumb/v7e-m/fpv4-sp/hard\libc_nano.a(lib_a-exit.o)
 .debug_frame   0x0000000000000000       0x28 c:/st/stm32cubeide_1.4.0/stm32cubeide/plugins/com.st.stm32cube.ide.mcu.externaltools.gnu-tools-for-stm32.7-2018-q2-update.win32_1.4.0.202007081208/tools/bin/../lib/gcc/arm-none-eabi/7.3.1/../../../../arm-none-eabi/lib/thumb/v7e-m/fpv4-sp/hard\libc_nano.a(lib_a-exit.o)
 .ARM.attributes
                0x0000000000000000       0x34 c:/st/stm32cubeide_1.4.0/stm32cubeide/plugins/com.st.stm32cube.ide.mcu.externaltools.gnu-tools-for-stm32.7-2018-q2-update.win32_1.4.0.202007081208/tools/bin/../lib/gcc/arm-none-eabi/7.3.1/../../../../arm-none-eabi/lib/thumb/v7e-m/fpv4-sp/hard\libc_nano.a(lib_a-exit.o)
 .text          0x0000000000000000        0x0 c:/st/stm32cubeide_1.4.0/stm32cubeide/plugins/com.st.stm32cube.ide.mcu.externaltools.gnu-tools-for-stm32.7-2018-q2-update.win32_1.4.0.202007081208/tools/bin/../lib/gcc/arm-none-eabi/7.3.1/../../../../arm-none-eabi/lib/thumb/v7e-m/fpv4-sp/hard\libc_nano.a(lib_a-impure.o)
 .data          0x0000000000000000        0x0 c:/st/stm32cubeide_1.4.0/stm32cubeide/plugins/com.st.stm32cube.ide.mcu.externaltools.gnu-tools-for-stm32.7-2018-q2-update.win32_1.4.0.202007081208/tools/bin/../lib/gcc/arm-none-eabi/7.3.1/../../../../arm-none-eabi/lib/thumb/v7e-m/fpv4-sp/hard\libc_nano.a(lib_a-impure.o)
 .bss           0x0000000000000000        0x0 c:/st/stm32cubeide_1.4.0/stm32cubeide/plugins/com.st.stm32cube.ide.mcu.externaltools.gnu-tools-for-stm32.7-2018-q2-update.win32_1.4.0.202007081208/tools/bin/../lib/gcc/arm-none-eabi/7.3.1/../../../../arm-none-eabi/lib/thumb/v7e-m/fpv4-sp/hard\libc_nano.a(lib_a-impure.o)
 .data._impure_ptr
                0x0000000000000000        0x4 c:/st/stm32cubeide_1.4.0/stm32cubeide/plugins/com.st.stm32cube.ide.mcu.externaltools.gnu-tools-for-stm32.7-2018-q2-update.win32_1.4.0.202007081208/tools/bin/../lib/gcc/arm-none-eabi/7.3.1/../../../../arm-none-eabi/lib/thumb/v7e-m/fpv4-sp/hard\libc_nano.a(lib_a-impure.o)
 .data.impure_data
                0x0000000000000000       0x60 c:/st/stm32cubeide_1.4.0/stm32cubeide/plugins/com.st.stm32cube.ide.mcu.externaltools.gnu-tools-for-stm32.7-2018-q2-update.win32_1.4.0.202007081208/tools/bin/../lib/gcc/arm-none-eabi/7.3.1/../../../../arm-none-eabi/lib/thumb/v7e-m/fpv4-sp/hard\libc_nano.a(lib_a-impure.o)
 .rodata._global_impure_ptr
                0x0000000000000000        0x4 c:/st/stm32cubeide_1.4.0/stm32cubeide/plugins/com.st.stm32cube.ide.mcu.externaltools.gnu-tools-for-stm32.7-2018-q2-update.win32_1.4.0.202007081208/tools/bin/../lib/gcc/arm-none-eabi/7.3.1/../../../../arm-none-eabi/lib/thumb/v7e-m/fpv4-sp/hard\libc_nano.a(lib_a-impure.o)
 .ARM.attributes
                0x0000000000000000       0x34 c:/st/stm32cubeide_1.4.0/stm32cubeide/plugins/com.st.stm32cube.ide.mcu.externaltools.gnu-tools-for-stm32.7-2018-q2-update.win32_1.4.0.202007081208/tools/bin/../lib/gcc/arm-none-eabi/7.3.1/../../../../arm-none-eabi/lib/thumb/v7e-m/fpv4-sp/hard\libc_nano.a(lib_a-impure.o)
 .text          0x0000000000000000        0x0 c:/st/stm32cubeide_1.4.0/stm32cubeide/plugins/com.st.stm32cube.ide.mcu.externaltools.gnu-tools-for-stm32.7-2018-q2-update.win32_1.4.0.202007081208/tools/bin/../lib/gcc/arm-none-eabi/7.3.1/../../../../arm-none-eabi/lib/thumb/v7e-m/fpv4-sp/hard\libc_nano.a(lib_a-init.o)
 .data          0x0000000000000000        0x0 c:/st/stm32cubeide_1.4.0/stm32cubeide/plugins/com.st.stm32cube.ide.mcu.externaltools.gnu-tools-for-stm32.7-2018-q2-update.win32_1.4.0.202007081208/tools/bin/../lib/gcc/arm-none-eabi/7.3.1/../../../../arm-none-eabi/lib/thumb/v7e-m/fpv4-sp/hard\libc_nano.a(lib_a-init.o)
 .bss           0x0000000000000000        0x0 c:/st/stm32cubeide_1.4.0/stm32cubeide/plugins/com.st.stm32cube.ide.mcu.externaltools.gnu-tools-for-stm32.7-2018-q2-update.win32_1.4.0.202007081208/tools/bin/../lib/gcc/arm-none-eabi/7.3.1/../../../../arm-none-eabi/lib/thumb/v7e-m/fpv4-sp/hard\libc_nano.a(lib_a-init.o)
 .text          0x0000000000000000        0x0 c:/st/stm32cubeide_1.4.0/stm32cubeide/plugins/com.st.stm32cube.ide.mcu.externaltools.gnu-tools-for-stm32.7-2018-q2-update.win32_1.4.0.202007081208/tools/bin/../lib/gcc/arm-none-eabi/7.3.1/../../../../arm-none-eabi/lib/thumb/v7e-m/fpv4-sp/hard\libc_nano.a(lib_a-memset.o)
 .data          0x0000000000000000        0x0 c:/st/stm32cubeide_1.4.0/stm32cubeide/plugins/com.st.stm32cube.ide.mcu.externaltools.gnu-tools-for-stm32.7-2018-q2-update.win32_1.4.0.202007081208/tools/bin/../lib/gcc/arm-none-eabi/7.3.1/../../../../arm-none-eabi/lib/thumb/v7e-m/fpv4-sp/hard\libc_nano.a(lib_a-memset.o)
 .bss           0x0000000000000000        0x0 c:/st/stm32cubeide_1.4.0/stm32cubeide/plugins/com.st.stm32cube.ide.mcu.externaltools.gnu-tools-for-stm32.7-2018-q2-update.win32_1.4.0.202007081208/tools/bin/../lib/gcc/arm-none-eabi/7.3.1/../../../../arm-none-eabi/lib/thumb/v7e-m/fpv4-sp/hard\libc_nano.a(lib_a-memset.o)
 .text.memset   0x0000000000000000       0x10 c:/st/stm32cubeide_1.4.0/stm32cubeide/plugins/com.st.stm32cube.ide.mcu.externaltools.gnu-tools-for-stm32.7-2018-q2-update.win32_1.4.0.202007081208/tools/bin/../lib/gcc/arm-none-eabi/7.3.1/../../../../arm-none-eabi/lib/thumb/v7e-m/fpv4-sp/hard\libc_nano.a(lib_a-memset.o)
 .debug_frame   0x0000000000000000       0x20 c:/st/stm32cubeide_1.4.0/stm32cubeide/plugins/com.st.stm32cube.ide.mcu.externaltools.gnu-tools-for-stm32.7-2018-q2-update.win32_1.4.0.202007081208/tools/bin/../lib/gcc/arm-none-eabi/7.3.1/../../../../arm-none-eabi/lib/thumb/v7e-m/fpv4-sp/hard\libc_nano.a(lib_a-memset.o)
 .ARM.attributes
                0x0000000000000000       0x34 c:/st/stm32cubeide_1.4.0/stm32cubeide/plugins/com.st.stm32cube.ide.mcu.externaltools.gnu-tools-for-stm32.7-2018-q2-update.win32_1.4.0.202007081208/tools/bin/../lib/gcc/arm-none-eabi/7.3.1/../../../../arm-none-eabi/lib/thumb/v7e-m/fpv4-sp/hard\libc_nano.a(lib_a-memset.o)
 .data          0x0000000000000000        0x0 c:/st/stm32cubeide_1.4.0/stm32cubeide/plugins/com.st.stm32cube.ide.mcu.externaltools.gnu-tools-for-stm32.7-2018-q2-update.win32_1.4.0.202007081208/tools/bin/../lib/gcc/arm-none-eabi/7.3.1/thumb/v7e-m/fpv4-sp/hard\libgcc.a(_arm_addsubdf3.o)
 .bss           0x0000000000000000        0x0 c:/st/stm32cubeide_1.4.0/stm32cubeide/plugins/com.st.stm32cube.ide.mcu.externaltools.gnu-tools-for-stm32.7-2018-q2-update.win32_1.4.0.202007081208/tools/bin/../lib/gcc/arm-none-eabi/7.3.1/thumb/v7e-m/fpv4-sp/hard\libgcc.a(_arm_addsubdf3.o)
 .data          0x0000000000000000        0x0 c:/st/stm32cubeide_1.4.0/stm32cubeide/plugins/com.st.stm32cube.ide.mcu.externaltools.gnu-tools-for-stm32.7-2018-q2-update.win32_1.4.0.202007081208/tools/bin/../lib/gcc/arm-none-eabi/7.3.1/thumb/v7e-m/fpv4-sp/hard\libgcc.a(_arm_muldivdf3.o)
 .bss           0x0000000000000000        0x0 c:/st/stm32cubeide_1.4.0/stm32cubeide/plugins/com.st.stm32cube.ide.mcu.externaltools.gnu-tools-for-stm32.7-2018-q2-update.win32_1.4.0.202007081208/tools/bin/../lib/gcc/arm-none-eabi/7.3.1/thumb/v7e-m/fpv4-sp/hard\libgcc.a(_arm_muldivdf3.o)
 .data          0x0000000000000000        0x0 c:/st/stm32cubeide_1.4.0/stm32cubeide/plugins/com.st.stm32cube.ide.mcu.externaltools.gnu-tools-for-stm32.7-2018-q2-update.win32_1.4.0.202007081208/tools/bin/../lib/gcc/arm-none-eabi/7.3.1/thumb/v7e-m/fpv4-sp/hard\libgcc.a(_arm_fixunsdfsi.o)
 .bss           0x0000000000000000        0x0 c:/st/stm32cubeide_1.4.0/stm32cubeide/plugins/com.st.stm32cube.ide.mcu.externaltools.gnu-tools-for-stm32.7-2018-q2-update.win32_1.4.0.202007081208/tools/bin/../lib/gcc/arm-none-eabi/7.3.1/thumb/v7e-m/fpv4-sp/hard\libgcc.a(_arm_fixunsdfsi.o)
 .text          0x0000000000000000        0x0 c:/st/stm32cubeide_1.4.0/stm32cubeide/plugins/com.st.stm32cube.ide.mcu.externaltools.gnu-tools-for-stm32.7-2018-q2-update.win32_1.4.0.202007081208/tools/bin/../lib/gcc/arm-none-eabi/7.3.1/thumb/v7e-m/fpv4-sp/hard/crtend.o
 .data          0x0000000000000000        0x0 c:/st/stm32cubeide_1.4.0/stm32cubeide/plugins/com.st.stm32cube.ide.mcu.externaltools.gnu-tools-for-stm32.7-2018-q2-update.win32_1.4.0.202007081208/tools/bin/../lib/gcc/arm-none-eabi/7.3.1/thumb/v7e-m/fpv4-sp/hard/crtend.o
 .bss           0x0000000000000000        0x0 c:/st/stm32cubeide_1.4.0/stm32cubeide/plugins/com.st.stm32cube.ide.mcu.externaltools.gnu-tools-for-stm32.7-2018-q2-update.win32_1.4.0.202007081208/tools/bin/../lib/gcc/arm-none-eabi/7.3.1/thumb/v7e-m/fpv4-sp/hard/crtend.o
 .eh_frame      0x0000000000000000        0x4 c:/st/stm32cubeide_1.4.0/stm32cubeide/plugins/com.st.stm32cube.ide.mcu.externaltools.gnu-tools-for-stm32.7-2018-q2-update.win32_1.4.0.202007081208/tools/bin/../lib/gcc/arm-none-eabi/7.3.1/thumb/v7e-m/fpv4-sp/hard/crtend.o
 .ARM.attributes
                0x0000000000000000       0x34 c:/st/stm32cubeide_1.4.0/stm32cubeide/plugins/com.st.stm32cube.ide.mcu.externaltools.gnu-tools-for-stm32.7-2018-q2-update.win32_1.4.0.202007081208/tools/bin/../lib/gcc/arm-none-eabi/7.3.1/thumb/v7e-m/fpv4-sp/hard/crtend.o
 .text          0x0000000000000000        0x0 c:/st/stm32cubeide_1.4.0/stm32cubeide/plugins/com.st.stm32cube.ide.mcu.externaltools.gnu-tools-for-stm32.7-2018-q2-update.win32_1.4.0.202007081208/tools/bin/../lib/gcc/arm-none-eabi/7.3.1/thumb/v7e-m/fpv4-sp/hard/crtn.o
 .data          0x0000000000000000        0x0 c:/st/stm32cubeide_1.4.0/stm32cubeide/plugins/com.st.stm32cube.ide.mcu.externaltools.gnu-tools-for-stm32.7-2018-q2-update.win32_1.4.0.202007081208/tools/bin/../lib/gcc/arm-none-eabi/7.3.1/thumb/v7e-m/fpv4-sp/hard/crtn.o
 .bss           0x0000000000000000        0x0 c:/st/stm32cubeide_1.4.0/stm32cubeide/plugins/com.st.stm32cube.ide.mcu.externaltools.gnu-tools-for-stm32.7-2018-q2-update.win32_1.4.0.202007081208/tools/bin/../lib/gcc/arm-none-eabi/7.3.1/thumb/v7e-m/fpv4-sp/hard/crtn.o

Memory Configuration

Name             Origin             Length             Attributes
RAM              0x0000000020000000 0x0000000000010000 xrw
ROM              0x0000000008000000 0x0000000000080000 xr
*default*        0x0000000000000000 0xffffffffffffffff

Linker script and memory map

LOAD c:/st/stm32cubeide_1.4.0/stm32cubeide/plugins/com.st.stm32cube.ide.mcu.externaltools.gnu-tools-for-stm32.7-2018-q2-update.win32_1.4.0.202007081208/tools/bin/../lib/gcc/arm-none-eabi/7.3.1/thumb/v7e-m/fpv4-sp/hard/crti.o
LOAD c:/st/stm32cubeide_1.4.0/stm32cubeide/plugins/com.st.stm32cube.ide.mcu.externaltools.gnu-tools-for-stm32.7-2018-q2-update.win32_1.4.0.202007081208/tools/bin/../lib/gcc/arm-none-eabi/7.3.1/thumb/v7e-m/fpv4-sp/hard/crtbegin.o
LOAD c:/st/stm32cubeide_1.4.0/stm32cubeide/plugins/com.st.stm32cube.ide.mcu.externaltools.gnu-tools-for-stm32.7-2018-q2-update.win32_1.4.0.202007081208/tools/bin/../lib/gcc/arm-none-eabi/7.3.1/../../../../arm-none-eabi/lib/thumb/v7e-m/fpv4-sp/hard/crt0.o
LOAD Inc/HAL/DC/DC.o
LOAD Inc/HAL/US/US.o
LOAD Inc/LIB/SW_DELAY.o
LOAD Inc/MCAL/GPIO/GPIO.o
LOAD Inc/MCAL/ICU/ICU.o
LOAD Inc/MCAL/NVIC/NVIC.o
LOAD Inc/MCAL/PWM/PWM.o
LOAD Inc/MCAL/RCC/RCC.o
LOAD Inc/MCAL/STK/STK.o
LOAD Inc/MCAL/USART/USART.o
LOAD Inc/SERVICE/ALIG_CAR/ALIG_CAR.o
LOAD Inc/SERVICE/CAR_PARK/CAR_PARK.o
LOAD Inc/SERVICE/CTRL_CAR/CTRL_CAR.o
LOAD Inc/SERVICE/FIND_PARKING/FIND_PARKING.o
LOAD Inc/SERVICE/SELECT_US/SELECT_US.o
LOAD Src/main.o
LOAD Src/syscalls.o
LOAD Src/sysmem.o
LOAD Startup/startup_stm32f303retx.o
START GROUP
LOAD c:/st/stm32cubeide_1.4.0/stm32cubeide/plugins/com.st.stm32cube.ide.mcu.externaltools.gnu-tools-for-stm32.7-2018-q2-update.win32_1.4.0.202007081208/tools/bin/../lib/gcc/arm-none-eabi/7.3.1/../../../../arm-none-eabi/lib/thumb/v7e-m/fpv4-sp/hard\libc_nano.a
LOAD c:/st/stm32cubeide_1.4.0/stm32cubeide/plugins/com.st.stm32cube.ide.mcu.externaltools.gnu-tools-for-stm32.7-2018-q2-update.win32_1.4.0.202007081208/tools/bin/../lib/gcc/arm-none-eabi/7.3.1/../../../../arm-none-eabi/lib/thumb/v7e-m/fpv4-sp/hard\libm.a
END GROUP
START GROUP
LOAD c:/st/stm32cubeide_1.4.0/stm32cubeide/plugins/com.st.stm32cube.ide.mcu.externaltools.gnu-tools-for-stm32.7-2018-q2-update.win32_1.4.0.202007081208/tools/bin/../lib/gcc/arm-none-eabi/7.3.1/thumb/v7e-m/fpv4-sp/hard\libgcc.a
LOAD c:/st/stm32cubeide_1.4.0/stm32cubeide/plugins/com.st.stm32cube.ide.mcu.externaltools.gnu-tools-for-stm32.7-2018-q2-update.win32_1.4.0.202007081208/tools/bin/../lib/gcc/arm-none-eabi/7.3.1/../../../../arm-none-eabi/lib/thumb/v7e-m/fpv4-sp/hard\libc_nano.a
END GROUP
START GROUP
LOAD c:/st/stm32cubeide_1.4.0/stm32cubeide/plugins/com.st.stm32cube.ide.mcu.externaltools.gnu-tools-for-stm32.7-2018-q2-update.win32_1.4.0.202007081208/tools/bin/../lib/gcc/arm-none-eabi/7.3.1/thumb/v7e-m/fpv4-sp/hard\libgcc.a
LOAD c:/st/stm32cubeide_1.4.0/stm32cubeide/plugins/com.st.stm32cube.ide.mcu.externaltools.gnu-tools-for-stm32.7-2018-q2-update.win32_1.4.0.202007081208/tools/bin/../lib/gcc/arm-none-eabi/7.3.1/../../../../arm-none-eabi/lib/thumb/v7e-m/fpv4-sp/hard\libc_nano.a
LOAD c:/st/stm32cubeide_1.4.0/stm32cubeide/plugins/com.st.stm32cube.ide.mcu.externaltools.gnu-tools-for-stm32.7-2018-q2-update.win32_1.4.0.202007081208/tools/bin/../lib/gcc/arm-none-eabi/7.3.1/../../../../arm-none-eabi/lib/thumb/v7e-m/fpv4-sp/hard\libnosys.a
END GROUP
START GROUP
LOAD c:/st/stm32cubeide_1.4.0/stm32cubeide/plugins/com.st.stm32cube.ide.mcu.externaltools.gnu-tools-for-stm32.7-2018-q2-update.win32_1.4.0.202007081208/tools/bin/../lib/gcc/arm-none-eabi/7.3.1/thumb/v7e-m/fpv4-sp/hard\libgcc.a
LOAD c:/st/stm32cubeide_1.4.0/stm32cubeide/plugins/com.st.stm32cube.ide.mcu.externaltools.gnu-tools-for-stm32.7-2018-q2-update.win32_1.4.0.202007081208/tools/bin/../lib/gcc/arm-none-eabi/7.3.1/../../../../arm-none-eabi/lib/thumb/v7e-m/fpv4-sp/hard\libc_nano.a
LOAD c:/st/stm32cubeide_1.4.0/stm32cubeide/plugins/com.st.stm32cube.ide.mcu.externaltools.gnu-tools-for-stm32.7-2018-q2-update.win32_1.4.0.202007081208/tools/bin/../lib/gcc/arm-none-eabi/7.3.1/../../../../arm-none-eabi/lib/thumb/v7e-m/fpv4-sp/hard\libnosys.a
END GROUP
LOAD c:/st/stm32cubeide_1.4.0/stm32cubeide/plugins/com.st.stm32cube.ide.mcu.externaltools.gnu-tools-for-stm32.7-2018-q2-update.win32_1.4.0.202007081208/tools/bin/../lib/gcc/arm-none-eabi/7.3.1/thumb/v7e-m/fpv4-sp/hard/crtend.o
LOAD c:/st/stm32cubeide_1.4.0/stm32cubeide/plugins/com.st.stm32cube.ide.mcu.externaltools.gnu-tools-for-stm32.7-2018-q2-update.win32_1.4.0.202007081208/tools/bin/../lib/gcc/arm-none-eabi/7.3.1/thumb/v7e-m/fpv4-sp/hard/crtn.o
                0x0000000020010000                _estack = (ORIGIN (RAM) + LENGTH (RAM))
                0x0000000000000200                _Min_Heap_Size = 0x200
                0x0000000000000400                _Min_Stack_Size = 0x400

.isr_vector     0x0000000008000000      0x194
                0x0000000008000000                . = ALIGN (0x4)
 *(.isr_vector)
 .isr_vector    0x0000000008000000      0x194 Startup/startup_stm32f303retx.o
                0x0000000008000000                g_pfnVectors
                0x0000000008000194                . = ALIGN (0x4)

.text           0x0000000008000198     0x29a0
                0x0000000008000198                . = ALIGN (0x4)
 *(.text)
 .text          0x0000000008000198       0x40 c:/st/stm32cubeide_1.4.0/stm32cubeide/plugins/com.st.stm32cube.ide.mcu.externaltools.gnu-tools-for-stm32.7-2018-q2-update.win32_1.4.0.202007081208/tools/bin/../lib/gcc/arm-none-eabi/7.3.1/thumb/v7e-m/fpv4-sp/hard/crtbegin.o
 .text          0x00000000080001d8      0x378 c:/st/stm32cubeide_1.4.0/stm32cubeide/plugins/com.st.stm32cube.ide.mcu.externaltools.gnu-tools-for-stm32.7-2018-q2-update.win32_1.4.0.202007081208/tools/bin/../lib/gcc/arm-none-eabi/7.3.1/thumb/v7e-m/fpv4-sp/hard\libgcc.a(_arm_addsubdf3.o)
                0x00000000080001d8                __aeabi_drsub
                0x00000000080001e0                __aeabi_dsub
                0x00000000080001e0                __subdf3
                0x00000000080001e4                __aeabi_dadd
                0x00000000080001e4                __adddf3
                0x000000000800045c                __floatunsidf
                0x000000000800045c                __aeabi_ui2d
                0x000000000800047c                __floatsidf
                0x000000000800047c                __aeabi_i2d
                0x00000000080004a0                __aeabi_f2d
                0x00000000080004a0                __extendsfdf2
                0x00000000080004e4                __floatundidf
                0x00000000080004e4                __aeabi_ul2d
                0x00000000080004f4                __floatdidf
                0x00000000080004f4                __aeabi_l2d
 .text          0x0000000008000550      0x424 c:/st/stm32cubeide_1.4.0/stm32cubeide/plugins/com.st.stm32cube.ide.mcu.externaltools.gnu-tools-for-stm32.7-2018-q2-update.win32_1.4.0.202007081208/tools/bin/../lib/gcc/arm-none-eabi/7.3.1/thumb/v7e-m/fpv4-sp/hard\libgcc.a(_arm_muldivdf3.o)
                0x0000000008000550                __aeabi_dmul
                0x0000000008000550                __muldf3
                0x00000000080007a4                __divdf3
                0x00000000080007a4                __aeabi_ddiv
 .text          0x0000000008000974       0x40 c:/st/stm32cubeide_1.4.0/stm32cubeide/plugins/com.st.stm32cube.ide.mcu.externaltools.gnu-tools-for-stm32.7-2018-q2-update.win32_1.4.0.202007081208/tools/bin/../lib/gcc/arm-none-eabi/7.3.1/thumb/v7e-m/fpv4-sp/hard\libgcc.a(_arm_fixunsdfsi.o)
                0x0000000008000974                __aeabi_d2uiz
                0x0000000008000974                __fixunsdfsi
 *(.text*)
 .text.DCMOTOR_voidInit
                0x00000000080009b4       0xf4 Inc/HAL/DC/DC.o
                0x00000000080009b4                DCMOTOR_voidInit
 .text.DCMOTOR_voidSetDirection
                0x0000000008000aa8       0x94 Inc/HAL/DC/DC.o
                0x0000000008000aa8                DCMOTOR_voidSetDirection
 .text.DCMOTOR_voidSetSpeed
                0x0000000008000b3c       0x38 Inc/HAL/DC/DC.o
                0x0000000008000b3c                DCMOTOR_voidSetSpeed
 *fill*         0x0000000008000b74        0x4 
 .text.ICU_TIM2_EdgeCallback
                0x0000000008000b78      0x12c Inc/HAL/US/US.o
 .text.US_voidInit
                0x0000000008000ca4      0x100 Inc/HAL/US/US.o
                0x0000000008000ca4                US_voidInit
 *fill*         0x0000000008000da4        0x4 
 .text.US_voidGetDistanceSynch
                0x0000000008000da8      0x15c Inc/HAL/US/US.o
                0x0000000008000da8                US_voidGetDistanceSynch
 .text.delay_us
                0x0000000008000f04       0x3c Inc/LIB/SW_DELAY.o
                0x0000000008000f04                delay_us
 .text.delay_ms
                0x0000000008000f40       0x44 Inc/LIB/SW_DELAY.o
                0x0000000008000f40                delay_ms
 .text.GPIO_voidSetPinDirection
                0x0000000008000f84      0x41c Inc/MCAL/GPIO/GPIO.o
                0x0000000008000f84                GPIO_voidSetPinDirection
 .text.GPIO_voidSetPinValue
                0x00000000080013a0       0xe8 Inc/MCAL/GPIO/GPIO.o
                0x00000000080013a0                GPIO_voidSetPinValue
 .text.GPIO_voidSetAFIO
                0x0000000008001488      0x160 Inc/MCAL/GPIO/GPIO.o
                0x0000000008001488                GPIO_voidSetAFIO
 .text.ICU_voidInit
                0x00000000080015e8      0x7a0 Inc/MCAL/ICU/ICU.o
                0x00000000080015e8                ICU_voidInit
 .text.ICU_voidGetCapturedValueSynch
                0x0000000008001d88      0x120 Inc/MCAL/ICU/ICU.o
                0x0000000008001d88                ICU_voidGetCapturedValueSynch
 .text.ICU_voidGetCapturedValueAsynch
                0x0000000008001ea8       0x60 Inc/MCAL/ICU/ICU.o
                0x0000000008001ea8                ICU_voidGetCapturedValueAsynch
 .text.ICU_voidDisableChannelIRQ
                0x0000000008001f08      0x138 Inc/MCAL/ICU/ICU.o
                0x0000000008001f08                ICU_voidDisableChannelIRQ
 .text.ICU_voidResetTimer
                0x0000000008002040       0x4c Inc/MCAL/ICU/ICU.o
                0x0000000008002040                ICU_voidResetTimer
 .text.TIM2_IRQHandler
                0x000000000800208c       0xb0 Inc/MCAL/ICU/ICU.o
                0x000000000800208c                TIM2_IRQHandler
 .text.TIM4_IRQHandler
                0x000000000800213c       0x3c Inc/MCAL/ICU/ICU.o
                0x000000000800213c                TIM4_IRQHandler
 .text.nvic_enableInterrupt
                0x0000000008002178       0x48 Inc/MCAL/NVIC/NVIC.o
                0x0000000008002178                nvic_enableInterrupt
 .text.PWM_voidInit
                0x00000000080021c0      0x18c Inc/MCAL/PWM/PWM.o
                0x00000000080021c0                PWM_voidInit
 .text.PWM_voidSetDutyCycle
                0x000000000800234c       0x38 Inc/MCAL/PWM/PWM.o
                0x000000000800234c                PWM_voidSetDutyCycle
 .text.RCC_voidEnableClock
                0x0000000008002384       0x80 Inc/MCAL/RCC/RCC.o
                0x0000000008002384                RCC_voidEnableClock
 .text.RCC_voidInitSysClocks
                0x0000000008002404       0x50 Inc/MCAL/RCC/RCC.o
                0x0000000008002404                RCC_voidInitSysClocks
 .text.SysTick_Handler
                0x0000000008002454       0x60 Inc/MCAL/STK/STK.o
                0x0000000008002454                SysTick_Handler
 .text.USART1_EXTI25_IRQHandler
                0x00000000080024b4       0x38 Inc/MCAL/USART/USART.o
                0x00000000080024b4                USART1_EXTI25_IRQHandler
 .text.C2VCONTROL_voidInit
                0x00000000080024ec       0x8c Inc/SERVICE/CTRL_CAR/CTRL_CAR.o
                0x00000000080024ec                C2VCONTROL_voidInit
 .text.C2VCONTROL_voidChangeDirection
                0x0000000008002578      0x18c Inc/SERVICE/CTRL_CAR/CTRL_CAR.o
                0x0000000008002578                C2VCONTROL_voidChangeDirection
 .text.APPC1_Init
                0x0000000008002704       0x54 Inc/SERVICE/SELECT_US/SELECT_US.o
                0x0000000008002704                APPC1_Init
 .text.APPC1_SelectUltrasonc
                0x0000000008002758       0x7c Inc/SERVICE/SELECT_US/SELECT_US.o
                0x0000000008002758                APPC1_SelectUltrasonc
 .text.C4_StaticGetFourDistance
                0x00000000080027d4      0x11c Inc/SERVICE/SELECT_US/SELECT_US.o
                0x00000000080027d4                C4_StaticGetFourDistance
 .text.main     0x00000000080028f0      0x192 Src/main.o
                0x00000000080028f0                main
 *fill*         0x0000000008002a82        0x2 
 .text.Reset_Handler
                0x0000000008002a84       0x50 Startup/startup_stm32f303retx.o
                0x0000000008002a84                Reset_Handler
 .text.Default_Handler
                0x0000000008002ad4        0x2 Startup/startup_stm32f303retx.o
                0x0000000008002ad4                TIM8_TRG_COM_IRQHandler
                0x0000000008002ad4                TIM8_CC_IRQHandler
                0x0000000008002ad4                DebugMon_Handler
                0x0000000008002ad4                DMA1_CH4_IRQHandler
                0x0000000008002ad4                SPI4_IRQHandler
                0x0000000008002ad4                TIM1_CC_IRQHandler
                0x0000000008002ad4                HardFault_Handler
                0x0000000008002ad4                USB_HP_IRQHandler
                0x0000000008002ad4                I2C2_EV_EXTI24_IRQHandler
                0x0000000008002ad4                USB_WKUP_EXTI_IRQHandler
                0x0000000008002ad4                PVD_IRQHandler
                0x0000000008002ad4                UART4_EXTI34_IRQHandler
                0x0000000008002ad4                TAMP_STAMP_IRQHandler
                0x0000000008002ad4                PendSV_Handler
                0x0000000008002ad4                NMI_Handler
                0x0000000008002ad4                EXTI3_IRQHandler
                0x0000000008002ad4                I2C3_ER_IRQHandler
                0x0000000008002ad4                TIM6_DACUNDER_IRQHandler
                0x0000000008002ad4                USB_HP_CAN_TX_IRQHandler
                0x0000000008002ad4                EXTI0_IRQHandler
                0x0000000008002ad4                DMA2_CH1_IRQHandler
                0x0000000008002ad4                FPU_IRQHandler
                0x0000000008002ad4                TIM1_UP_TIM16_IRQHandler
                0x0000000008002ad4                UsageFault_Handler
                0x0000000008002ad4                ADC1_2_IRQHandler
                0x0000000008002ad4                SPI1_IRQHandler
                0x0000000008002ad4                CAN_SCE_IRQHandler
                0x0000000008002ad4                DMA1_CH7_IRQHandler
                0x0000000008002ad4                TIM8_UP_IRQHandler
                0x0000000008002ad4                COMP456_IRQHandler
                0x0000000008002ad4                DMA1_CH6_IRQHandler
                0x0000000008002ad4                TIM20_TRG_COM_IRQHandler
                0x0000000008002ad4                ADC3_IRQHandler
                0x0000000008002ad4                CAN_RX1_IRQHandler
                0x0000000008002ad4                DMA2_CH5_IRQHandler
                0x0000000008002ad4                I2C1_EV_EXTI23_IRQHandler
                0x0000000008002ad4                DMA1_CH3_IRQHandler
                0x0000000008002ad4                TIM3_IRQHandler
                0x0000000008002ad4                RCC_IRQHandler
                0x0000000008002ad4                TIM20_UP_IRQHandler
                0x0000000008002ad4                Default_Handler
                0x0000000008002ad4                EXTI15_10_IRQHandler
                0x0000000008002ad4                USART2_EXTI26_IRQHandler
                0x0000000008002ad4                USART3_EXTI28_IRQHandler
                0x0000000008002ad4                TIM7_IRQHandler
                0x0000000008002ad4                I2C3_EV_IRQHandler
                0x0000000008002ad4                EXTI9_5_IRQHandler
                0x0000000008002ad4                DMA1_CH2_IRQHandler
                0x0000000008002ad4                RTC_WKUP_IRQHandler
                0x0000000008002ad4                SPI2_IRQHandler
                0x0000000008002ad4                DMA1_CH1_IRQHandler
                0x0000000008002ad4                USB_LP_CAN_RX0_IRQHandler
                0x0000000008002ad4                MemManage_Handler
                0x0000000008002ad4                COMP123_IRQHandler
                0x0000000008002ad4                SVC_Handler
                0x0000000008002ad4                USB_LP_IRQHandler
                0x0000000008002ad4                EXTI4_IRQHandler
                0x0000000008002ad4                TIM1_TRG_COM_TIM17_IRQHandler
                0x0000000008002ad4                ADC4_IRQHandler
                0x0000000008002ad4                WWDG_IRQHandler
                0x0000000008002ad4                COMP7_IRQHandler
                0x0000000008002ad4                EXTI1_IRQHandler
                0x0000000008002ad4                RTCAlarm_IRQHandler
                0x0000000008002ad4                UART5_EXTI35_IRQHandler
                0x0000000008002ad4                TIM20_BRK_IRQHandler
                0x0000000008002ad4                I2C2_ER_IRQHandler
                0x0000000008002ad4                TIM8_BRK_IRQHandler
                0x0000000008002ad4                FLASH_IRQHandler
                0x0000000008002ad4                TIM20_CC_IRQHandler
                0x0000000008002ad4                BusFault_Handler
                0x0000000008002ad4                SPI3_IRQHandler
                0x0000000008002ad4                DMA2_CH3_IRQHandler
                0x0000000008002ad4                DMA2_CH2_IRQHandler
                0x0000000008002ad4                I2C1_ER_IRQHandler
                0x0000000008002ad4                FMC_IRQHandler
                0x0000000008002ad4                DMA1_CH5_IRQHandler
                0x0000000008002ad4                DMA2_CH4_IRQHandler
                0x0000000008002ad4                USB_WKUP_IRQHandler
                0x0000000008002ad4                EXTI2_TSC_IRQHandler
                0x0000000008002ad4                TIM1_BRK_TIM15_IRQHandler
 *fill*         0x0000000008002ad6        0x2 
 .text.__libc_init_array
                0x0000000008002ad8       0x48 c:/st/stm32cubeide_1.4.0/stm32cubeide/plugins/com.st.stm32cube.ide.mcu.externaltools.gnu-tools-for-stm32.7-2018-q2-update.win32_1.4.0.202007081208/tools/bin/../lib/gcc/arm-none-eabi/7.3.1/../../../../arm-none-eabi/lib/thumb/v7e-m/fpv4-sp/hard\libc_nano.a(lib_a-init.o)
                0x0000000008002ad8                __libc_init_array
 *(.glue_7)
 .glue_7        0x0000000008002b20        0x0 linker stubs
 *(.glue_7t)
 .glue_7t       0x0000000008002b20        0x0 linker stubs
 *(.eh_frame)
 .eh_frame      0x0000000008002b20        0x0 c:/st/stm32cubeide_1.4.0/stm32cubeide/plugins/com.st.stm32cube.ide.mcu.externaltools.gnu-tools-for-stm32.7-2018-q2-update.win32_1.4.0.202007081208/tools/bin/../lib/gcc/arm-none-eabi/7.3.1/thumb/v7e-m/fpv4-sp/hard/crtbegin.o
 *(.init)
 .init          0x0000000008002b20        0x4 c:/st/stm32cubeide_1.4.0/stm32cubeide/plugins/com.st.stm32cube.ide.mcu.externaltools.gnu-tools-for-stm32.7-2018-q2-update.win32_1.4.0.202007081208/tools/bin/../lib/gcc/arm-none-eabi/7.3.1/thumb/v7e-m/fpv4-sp/hard/crti.o
                0x0000000008002b20                _init
 .init          0x0000000008002b24        0x8 c:/st/stm32cubeide_1.4.0/stm32cubeide/plugins/com.st.stm32cube.ide.mcu.externaltools.gnu-tools-for-stm32.7-2018-q2-update.win32_1.4.0.202007081208/tools/bin/../lib/gcc/arm-none-eabi/7.3.1/thumb/v7e-m/fpv4-sp/hard/crtn.o
 *(.fini)
 .fini          0x0000000008002b2c        0x4 c:/st/stm32cubeide_1.4.0/stm32cubeide/plugins/com.st.stm32cube.ide.mcu.externaltools.gnu-tools-for-stm32.7-2018-q2-update.win32_1.4.0.202007081208/tools/bin/../lib/gcc/arm-none-eabi/7.3.1/thumb/v7e-m/fpv4-sp/hard/crti.o
                0x0000000008002b2c                _fini
 .fini          0x0000000008002b30        0x8 c:/st/stm32cubeide_1.4.0/stm32cubeide/plugins/com.st.stm32cube.ide.mcu.externaltools.gnu-tools-for-stm32.7-2018-q2-update.win32_1.4.0.202007081208/tools/bin/../lib/gcc/arm-none-eabi/7.3.1/thumb/v7e-m/fpv4-sp/hard/crtn.o
                0x0000000008002b38                . = ALIGN (0x4)
                0x0000000008002b38                _etext = .

.vfp11_veneer   0x0000000008002b38        0x0
 .vfp11_veneer  0x0000000008002b38        0x0 linker stubs

.v4_bx          0x0000000008002b38        0x0
 .v4_bx         0x0000000008002b38        0x0 linker stubs

.iplt           0x0000000008002b38        0x0
 .iplt          0x0000000008002b38        0x0 c:/st/stm32cubeide_1.4.0/stm32cubeide/plugins/com.st.stm32cube.ide.mcu.externaltools.gnu-tools-for-stm32.7-2018-q2-update.win32_1.4.0.202007081208/tools/bin/../lib/gcc/arm-none-eabi/7.3.1/thumb/v7e-m/fpv4-sp/hard/crtbegin.o

.rel.dyn        0x0000000008002b38        0x0
 .rel.iplt      0x0000000008002b38        0x0 c:/st/stm32cubeide_1.4.0/stm32cubeide/plugins/com.st.stm32cube.ide.mcu.externaltools.gnu-tools-for-stm32.7-2018-q2-update.win32_1.4.0.202007081208/tools/bin/../lib/gcc/arm-none-eabi/7.3.1/thumb/v7e-m/fpv4-sp/hard/crtbegin.o

.rodata         0x0000000008002b38        0x0
                0x0000000008002b38                . = ALIGN (0x4)
 *(.rodata)
 *(.rodata*)
                0x0000000008002b38                . = ALIGN (0x4)

.ARM.extab      0x0000000008002b38        0x0
                0x0000000008002b38                . = ALIGN (0x4)
 *(.ARM.extab* .gnu.linkonce.armextab.*)
                0x0000000008002b38                . = ALIGN (0x4)

.ARM            0x0000000008002b38        0x0
                0x0000000008002b38                . = ALIGN (0x4)
                0x0000000008002b38                __exidx_start = .
 *(.ARM.exidx*)
                0x0000000008002b38                __exidx_end = .
                0x0000000008002b38                . = ALIGN (0x4)

.preinit_array  0x0000000008002b38        0x0
                0x0000000008002b38                . = ALIGN (0x4)
                0x0000000008002b38                PROVIDE (__preinit_array_start = .)
 *(.preinit_array*)
                0x0000000008002b38                PROVIDE (__preinit_array_end = .)
                0x0000000008002b38                . = ALIGN (0x4)

.init_array     0x0000000008002b38        0x4
                0x0000000008002b38                . = ALIGN (0x4)
                0x0000000008002b38                PROVIDE (__init_array_start = .)
 *(SORT_BY_NAME(.init_array.*))
 *(.init_array*)
 .init_array    0x0000000008002b38        0x4 c:/st/stm32cubeide_1.4.0/stm32cubeide/plugins/com.st.stm32cube.ide.mcu.externaltools.gnu-tools-for-stm32.7-2018-q2-update.win32_1.4.0.202007081208/tools/bin/../lib/gcc/arm-none-eabi/7.3.1/thumb/v7e-m/fpv4-sp/hard/crtbegin.o
                0x0000000008002b3c                PROVIDE (__init_array_end = .)
                0x0000000008002b3c                . = ALIGN (0x4)

.fini_array     0x0000000008002b3c        0x4
                0x0000000008002b3c                . = ALIGN (0x4)
                [!provide]                        PROVIDE (__fini_array_start = .)
 *(SORT_BY_NAME(.fini_array.*))
 *(.fini_array*)
 .fini_array    0x0000000008002b3c        0x4 c:/st/stm32cubeide_1.4.0/stm32cubeide/plugins/com.st.stm32cube.ide.mcu.externaltools.gnu-tools-for-stm32.7-2018-q2-update.win32_1.4.0.202007081208/tools/bin/../lib/gcc/arm-none-eabi/7.3.1/thumb/v7e-m/fpv4-sp/hard/crtbegin.o
                [!provide]                        PROVIDE (__fini_array_end = .)
                0x0000000008002b40                . = ALIGN (0x4)
                0x0000000008002b40                _sidata = LOADADDR (.data)

.data           0x0000000020000000        0x0 load address 0x0000000008002b40
                0x0000000020000000                . = ALIGN (0x4)
                0x0000000020000000                _sdata = .
 *(.data)
 *(.data*)
                0x0000000020000000                . = ALIGN (0x4)
                0x0000000020000000                _edata = .

.igot.plt       0x0000000020000000        0x0 load address 0x0000000008002b40
 .igot.plt      0x0000000020000000        0x0 c:/st/stm32cubeide_1.4.0/stm32cubeide/plugins/com.st.stm32cube.ide.mcu.externaltools.gnu-tools-for-stm32.7-2018-q2-update.win32_1.4.0.202007081208/tools/bin/../lib/gcc/arm-none-eabi/7.3.1/thumb/v7e-m/fpv4-sp/hard/crtbegin.o
                0x0000000020000000                . = ALIGN (0x4)

.bss            0x0000000020000000       0xf0 load address 0x0000000008002b40
                0x0000000020000000                _sbss = .
                0x0000000020000000                __bss_start__ = _sbss
 *(.bss)
 .bss           0x0000000020000000       0x1c c:/st/stm32cubeide_1.4.0/stm32cubeide/plugins/com.st.stm32cube.ide.mcu.externaltools.gnu-tools-for-stm32.7-2018-q2-update.win32_1.4.0.202007081208/tools/bin/../lib/gcc/arm-none-eabi/7.3.1/thumb/v7e-m/fpv4-sp/hard/crtbegin.o
 *(.bss*)
 .bss._Global_PWM_Timer3_Inst
                0x000000002000001c        0xc Inc/HAL/DC/DC.o
 .bss.Global_ICU_TIMx
                0x0000000020000028       0x10 Inc/HAL/US/US.o
 .bss.Global_US_Config
                0x0000000020000038       0x40 Inc/HAL/US/US.o
 .bss.Is_Timer_Busy
                0x0000000020000078        0x4 Inc/HAL/US/US.o
 .bss.Is_First_Captured.5580
                0x000000002000007c        0x1 Inc/HAL/US/US.o
 *fill*         0x000000002000007d        0x3 
 .bss.IC_Val1.5577
                0x0000000020000080        0x4 Inc/HAL/US/US.o
 .bss.IC_Val2.5578
                0x0000000020000084        0x4 Inc/HAL/US/US.o
 .bss.Difference.5579
                0x0000000020000088        0x4 Inc/HAL/US/US.o
 .bss.Glob_STKCallback
                0x000000002000008c        0x4 Inc/MCAL/STK/STK.o
                0x000000002000008c                Glob_STKCallback
 .bss.Global_USART_Config
                0x0000000020000090        0xc Inc/MCAL/USART/USART.o
 .bss._Global_Back_Motor
                0x000000002000009c        0x6 Inc/SERVICE/CTRL_CAR/CTRL_CAR.o
 *fill*         0x00000000200000a2        0x2 
 .bss._Global_Front_Motor
                0x00000000200000a4        0x6 Inc/SERVICE/CTRL_CAR/CTRL_CAR.o
 *fill*         0x00000000200000aa        0x2 
 .bss.Global_UltraSonics
                0x00000000200000ac       0x10 Inc/SERVICE/SELECT_US/SELECT_US.o
 *(COMMON)
 COMMON         0x00000000200000bc       0x30 Inc/MCAL/ICU/ICU.o
                0x00000000200000bc                GlobalP2F_TIM17
                0x00000000200000cc                GlobalP2F_TIM4
                0x00000000200000dc                GlobalP2F_TIM2
 COMMON         0x00000000200000ec        0x1 Inc/MCAL/STK/STK.o
                0x00000000200000ec                STK_u8ModeOfInterval
                0x00000000200000f0                . = ALIGN (0x4)
 *fill*         0x00000000200000ed        0x3 
                0x00000000200000f0                _ebss = .
                0x00000000200000f0                __bss_end__ = _ebss

._user_heap_stack
                0x00000000200000f0      0x600 load address 0x0000000008002b40
                0x00000000200000f0                . = ALIGN (0x8)
                [!provide]                        PROVIDE (end = .)
                0x00000000200000f0                PROVIDE (_end = .)
                0x00000000200002f0                . = (. + _Min_Heap_Size)
 *fill*         0x00000000200000f0      0x200 
                0x00000000200006f0                . = (. + _Min_Stack_Size)
 *fill*         0x00000000200002f0      0x400 
                0x00000000200006f0                . = ALIGN (0x8)

/DISCARD/
 libc.a(*)
 libm.a(*)
 libgcc.a(*)

.ARM.attributes
                0x0000000000000000       0x30
 *(.ARM.attributes)
 .ARM.attributes
                0x0000000000000000       0x22 c:/st/stm32cubeide_1.4.0/stm32cubeide/plugins/com.st.stm32cube.ide.mcu.externaltools.gnu-tools-for-stm32.7-2018-q2-update.win32_1.4.0.202007081208/tools/bin/../lib/gcc/arm-none-eabi/7.3.1/thumb/v7e-m/fpv4-sp/hard/crti.o
 .ARM.attributes
                0x0000000000000022       0x34 c:/st/stm32cubeide_1.4.0/stm32cubeide/plugins/com.st.stm32cube.ide.mcu.externaltools.gnu-tools-for-stm32.7-2018-q2-update.win32_1.4.0.202007081208/tools/bin/../lib/gcc/arm-none-eabi/7.3.1/thumb/v7e-m/fpv4-sp/hard/crtbegin.o
 .ARM.attributes
                0x0000000000000056       0x39 Inc/HAL/DC/DC.o
 .ARM.attributes
                0x000000000000008f       0x39 Inc/HAL/US/US.o
 .ARM.attributes
                0x00000000000000c8       0x39 Inc/LIB/SW_DELAY.o
 .ARM.attributes
                0x0000000000000101       0x39 Inc/MCAL/GPIO/GPIO.o
 .ARM.attributes
                0x000000000000013a       0x39 Inc/MCAL/ICU/ICU.o
 .ARM.attributes
                0x0000000000000173       0x39 Inc/MCAL/NVIC/NVIC.o
 .ARM.attributes
                0x00000000000001ac       0x39 Inc/MCAL/PWM/PWM.o
 .ARM.attributes
                0x00000000000001e5       0x39 Inc/MCAL/RCC/RCC.o
 .ARM.attributes
                0x000000000000021e       0x39 Inc/MCAL/STK/STK.o
 .ARM.attributes
                0x0000000000000257       0x39 Inc/MCAL/USART/USART.o
 .ARM.attributes
                0x0000000000000290       0x39 Inc/SERVICE/CTRL_CAR/CTRL_CAR.o
 .ARM.attributes
                0x00000000000002c9       0x39 Inc/SERVICE/SELECT_US/SELECT_US.o
 .ARM.attributes
                0x0000000000000302       0x39 Src/main.o
 .ARM.attributes
                0x000000000000033b       0x21 Startup/startup_stm32f303retx.o
 .ARM.attributes
                0x000000000000035c       0x34 c:/st/stm32cubeide_1.4.0/stm32cubeide/plugins/com.st.stm32cube.ide.mcu.externaltools.gnu-tools-for-stm32.7-2018-q2-update.win32_1.4.0.202007081208/tools/bin/../lib/gcc/arm-none-eabi/7.3.1/../../../../arm-none-eabi/lib/thumb/v7e-m/fpv4-sp/hard\libc_nano.a(lib_a-init.o)
 .ARM.attributes
                0x0000000000000390       0x22 c:/st/stm32cubeide_1.4.0/stm32cubeide/plugins/com.st.stm32cube.ide.mcu.externaltools.gnu-tools-for-stm32.7-2018-q2-update.win32_1.4.0.202007081208/tools/bin/../lib/gcc/arm-none-eabi/7.3.1/thumb/v7e-m/fpv4-sp/hard\libgcc.a(_arm_addsubdf3.o)
 .ARM.attributes
                0x00000000000003b2       0x22 c:/st/stm32cubeide_1.4.0/stm32cubeide/plugins/com.st.stm32cube.ide.mcu.externaltools.gnu-tools-for-stm32.7-2018-q2-update.win32_1.4.0.202007081208/tools/bin/../lib/gcc/arm-none-eabi/7.3.1/thumb/v7e-m/fpv4-sp/hard\libgcc.a(_arm_muldivdf3.o)
 .ARM.attributes
                0x00000000000003d4       0x22 c:/st/stm32cubeide_1.4.0/stm32cubeide/plugins/com.st.stm32cube.ide.mcu.externaltools.gnu-tools-for-stm32.7-2018-q2-update.win32_1.4.0.202007081208/tools/bin/../lib/gcc/arm-none-eabi/7.3.1/thumb/v7e-m/fpv4-sp/hard\libgcc.a(_arm_fixunsdfsi.o)
 .ARM.attributes
                0x00000000000003f6       0x22 c:/st/stm32cubeide_1.4.0/stm32cubeide/plugins/com.st.stm32cube.ide.mcu.externaltools.gnu-tools-for-stm32.7-2018-q2-update.win32_1.4.0.202007081208/tools/bin/../lib/gcc/arm-none-eabi/7.3.1/thumb/v7e-m/fpv4-sp/hard/crtn.o
OUTPUT(autoParking.elf elf32-littlearm)

.debug_info     0x0000000000000000     0x30e1
 .debug_info    0x0000000000000000      0x3b8 Inc/HAL/DC/DC.o
 .debug_info    0x00000000000003b8      0x611 Inc/HAL/US/US.o
 .debug_info    0x00000000000009c9      0x113 Inc/LIB/SW_DELAY.o
 .debug_info    0x0000000000000adc      0x495 Inc/MCAL/GPIO/GPIO.o
 .debug_info    0x0000000000000f71      0x5b2 Inc/MCAL/ICU/ICU.o
 .debug_info    0x0000000000001523      0x15e Inc/MCAL/NVIC/NVIC.o
 .debug_info    0x0000000000001681      0x30c Inc/MCAL/PWM/PWM.o
 .debug_info    0x000000000000198d      0x113 Inc/MCAL/RCC/RCC.o
 .debug_info    0x0000000000001aa0      0x494 Inc/MCAL/STK/STK.o
 .debug_info    0x0000000000001f34      0x797 Inc/MCAL/USART/USART.o
 .debug_info    0x00000000000026cb      0x27d Inc/SERVICE/CTRL_CAR/CTRL_CAR.o
 .debug_info    0x0000000000002948      0x3d4 Inc/SERVICE/SELECT_US/SELECT_US.o
 .debug_info    0x0000000000002d1c      0x3a3 Src/main.o
 .debug_info    0x00000000000030bf       0x22 Startup/startup_stm32f303retx.o

.debug_abbrev   0x0000000000000000      0xe1d
 .debug_abbrev  0x0000000000000000       0xdd Inc/HAL/DC/DC.o
 .debug_abbrev  0x00000000000000dd      0x14f Inc/HAL/US/US.o
 .debug_abbrev  0x000000000000022c       0x9e Inc/LIB/SW_DELAY.o
 .debug_abbrev  0x00000000000002ca      0x150 Inc/MCAL/GPIO/GPIO.o
 .debug_abbrev  0x000000000000041a      0x183 Inc/MCAL/ICU/ICU.o
 .debug_abbrev  0x000000000000059d       0xc2 Inc/MCAL/NVIC/NVIC.o
 .debug_abbrev  0x000000000000065f      0x103 Inc/MCAL/PWM/PWM.o
 .debug_abbrev  0x0000000000000762       0xaf Inc/MCAL/RCC/RCC.o
 .debug_abbrev  0x0000000000000811      0x1d6 Inc/MCAL/STK/STK.o
 .debug_abbrev  0x00000000000009e7      0x17f Inc/MCAL/USART/USART.o
 .debug_abbrev  0x0000000000000b66       0xc2 Inc/SERVICE/CTRL_CAR/CTRL_CAR.o
 .debug_abbrev  0x0000000000000c28       0xfe Inc/SERVICE/SELECT_US/SELECT_US.o
 .debug_abbrev  0x0000000000000d26       0xe5 Src/main.o
 .debug_abbrev  0x0000000000000e0b       0x12 Startup/startup_stm32f303retx.o

.debug_aranges  0x0000000000000000      0x3a8
 .debug_aranges
                0x0000000000000000       0x30 Inc/HAL/DC/DC.o
 .debug_aranges
                0x0000000000000030       0x38 Inc/HAL/US/US.o
 .debug_aranges
                0x0000000000000068       0x30 Inc/LIB/SW_DELAY.o
 .debug_aranges
                0x0000000000000098       0x50 Inc/MCAL/GPIO/GPIO.o
 .debug_aranges
                0x00000000000000e8       0x68 Inc/MCAL/ICU/ICU.o
 .debug_aranges
                0x0000000000000150       0x40 Inc/MCAL/NVIC/NVIC.o
 .debug_aranges
                0x0000000000000190       0x28 Inc/MCAL/PWM/PWM.o
 .debug_aranges
                0x00000000000001b8       0x30 Inc/MCAL/RCC/RCC.o
 .debug_aranges
                0x00000000000001e8       0xa8 Inc/MCAL/STK/STK.o
 .debug_aranges
                0x0000000000000290       0x70 Inc/MCAL/USART/USART.o
 .debug_aranges
                0x0000000000000300       0x28 Inc/SERVICE/CTRL_CAR/CTRL_CAR.o
 .debug_aranges
                0x0000000000000328       0x38 Inc/SERVICE/SELECT_US/SELECT_US.o
 .debug_aranges
                0x0000000000000360       0x20 Src/main.o
 .debug_aranges
                0x0000000000000380       0x28 Startup/startup_stm32f303retx.o

.debug_ranges   0x0000000000000000      0x2d0
 .debug_ranges  0x0000000000000000       0x20 Inc/HAL/DC/DC.o
 .debug_ranges  0x0000000000000020       0x28 Inc/HAL/US/US.o
 .debug_ranges  0x0000000000000048       0x20 Inc/LIB/SW_DELAY.o
 .debug_ranges  0x0000000000000068       0x40 Inc/MCAL/GPIO/GPIO.o
 .debug_ranges  0x00000000000000a8       0x58 Inc/MCAL/ICU/ICU.o
 .debug_ranges  0x0000000000000100       0x30 Inc/MCAL/NVIC/NVIC.o
 .debug_ranges  0x0000000000000130       0x18 Inc/MCAL/PWM/PWM.o
 .debug_ranges  0x0000000000000148       0x20 Inc/MCAL/RCC/RCC.o
 .debug_ranges  0x0000000000000168       0x98 Inc/MCAL/STK/STK.o
 .debug_ranges  0x0000000000000200       0x60 Inc/MCAL/USART/USART.o
 .debug_ranges  0x0000000000000260       0x18 Inc/SERVICE/CTRL_CAR/CTRL_CAR.o
 .debug_ranges  0x0000000000000278       0x28 Inc/SERVICE/SELECT_US/SELECT_US.o
 .debug_ranges  0x00000000000002a0       0x10 Src/main.o
 .debug_ranges  0x00000000000002b0       0x20 Startup/startup_stm32f303retx.o

.debug_macro    0x0000000000000000     0x1811
 .debug_macro   0x0000000000000000       0x5b Inc/HAL/DC/DC.o
 .debug_macro   0x000000000000005b      0xa60 Inc/HAL/DC/DC.o
 .debug_macro   0x0000000000000abb       0x2e Inc/HAL/DC/DC.o
 .debug_macro   0x0000000000000ae9       0x16 Inc/HAL/DC/DC.o
 .debug_macro   0x0000000000000aff       0x2e Inc/HAL/DC/DC.o
 .debug_macro   0x0000000000000b2d       0xc4 Inc/HAL/DC/DC.o
 .debug_macro   0x0000000000000bf1       0x77 Inc/HAL/US/US.o
 .debug_macro   0x0000000000000c68       0x70 Inc/HAL/US/US.o
 .debug_macro   0x0000000000000cd8       0xc4 Inc/HAL/US/US.o
 .debug_macro   0x0000000000000d9c       0x10 Inc/HAL/US/US.o
 .debug_macro   0x0000000000000dac       0x22 Inc/HAL/US/US.o
 .debug_macro   0x0000000000000dce       0x1c Inc/HAL/US/US.o
 .debug_macro   0x0000000000000dea       0x43 Inc/LIB/SW_DELAY.o
 .debug_macro   0x0000000000000e2d       0x16 Inc/LIB/SW_DELAY.o
 .debug_macro   0x0000000000000e43       0x48 Inc/MCAL/GPIO/GPIO.o
 .debug_macro   0x0000000000000e8b       0x3a Inc/MCAL/GPIO/GPIO.o
 .debug_macro   0x0000000000000ec5       0x64 Inc/MCAL/ICU/ICU.o
 .debug_macro   0x0000000000000f29      0x175 Inc/MCAL/ICU/ICU.o
 .debug_macro   0x000000000000109e       0x36 Inc/MCAL/NVIC/NVIC.o
 .debug_macro   0x00000000000010d4       0x49 Inc/MCAL/PWM/PWM.o
 .debug_macro   0x000000000000111d       0x48 Inc/MCAL/RCC/RCC.o
 .debug_macro   0x0000000000001165       0x34 Inc/MCAL/RCC/RCC.o
 .debug_macro   0x0000000000001199      0x304 Inc/MCAL/RCC/RCC.o
 .debug_macro   0x000000000000149d       0x47 Inc/MCAL/STK/STK.o
 .debug_macro   0x00000000000014e4       0x16 Inc/MCAL/STK/STK.o
 .debug_macro   0x00000000000014fa       0x34 Inc/MCAL/STK/STK.o
 .debug_macro   0x000000000000152e       0x63 Inc/MCAL/USART/USART.o
 .debug_macro   0x0000000000001591       0x10 Inc/MCAL/USART/USART.o
 .debug_macro   0x00000000000015a1       0x2e Inc/MCAL/USART/USART.o
 .debug_macro   0x00000000000015cf       0x76 Inc/SERVICE/CTRL_CAR/CTRL_CAR.o
 .debug_macro   0x0000000000001645       0x5b Inc/SERVICE/SELECT_US/SELECT_US.o
 .debug_macro   0x00000000000016a0       0x22 Inc/SERVICE/SELECT_US/SELECT_US.o
 .debug_macro   0x00000000000016c2       0xb9 Src/main.o
 .debug_macro   0x000000000000177b       0x4c Src/main.o
 .debug_macro   0x00000000000017c7       0x1c Src/main.o
 .debug_macro   0x00000000000017e3       0x2e Src/main.o

.debug_line     0x0000000000000000     0x1abb
 .debug_line    0x0000000000000000      0x18d Inc/HAL/DC/DC.o
 .debug_line    0x000000000000018d      0x244 Inc/HAL/US/US.o
 .debug_line    0x00000000000003d1      0x159 Inc/LIB/SW_DELAY.o
 .debug_line    0x000000000000052a      0x287 Inc/MCAL/GPIO/GPIO.o
 .debug_line    0x00000000000007b1      0x3a7 Inc/MCAL/ICU/ICU.o
 .debug_line    0x0000000000000b58      0x12b Inc/MCAL/NVIC/NVIC.o
 .debug_line    0x0000000000000c83      0x116 Inc/MCAL/PWM/PWM.o
 .debug_line    0x0000000000000d99       0xfd Inc/MCAL/RCC/RCC.o
 .debug_line    0x0000000000000e96      0x249 Inc/MCAL/STK/STK.o
 .debug_line    0x00000000000010df      0x266 Inc/MCAL/USART/USART.o
 .debug_line    0x0000000000001345      0x1cc Inc/SERVICE/CTRL_CAR/CTRL_CAR.o
 .debug_line    0x0000000000001511      0x23a Inc/SERVICE/SELECT_US/SELECT_US.o
 .debug_line    0x000000000000174b      0x2ec Src/main.o
 .debug_line    0x0000000000001a37       0x84 Startup/startup_stm32f303retx.o

.debug_str      0x0000000000000000     0x6a5f
 .debug_str     0x0000000000000000     0x35e9 Inc/HAL/DC/DC.o
                                       0x3687 (size before relaxing)
 .debug_str     0x00000000000035e9      0x771 Inc/HAL/US/US.o
                                       0x3c5f (size before relaxing)
 .debug_str     0x0000000000003d5a       0xb8 Inc/LIB/SW_DELAY.o
                                       0x2ea3 (size before relaxing)
 .debug_str     0x0000000000003e12      0x296 Inc/MCAL/GPIO/GPIO.o
                                       0x36de (size before relaxing)
 .debug_str     0x00000000000040a8      0x612 Inc/MCAL/ICU/ICU.o
                                       0x36b8 (size before relaxing)
 .debug_str     0x00000000000046ba       0xa5 Inc/MCAL/NVIC/NVIC.o
                                       0x3245 (size before relaxing)
 .debug_str     0x000000000000475f       0x5f Inc/MCAL/PWM/PWM.o
                                       0x33e5 (size before relaxing)
 .debug_str     0x00000000000047be      0xefe Inc/MCAL/RCC/RCC.o
                                       0x3dd7 (size before relaxing)
 .debug_str     0x00000000000056bc      0x42e Inc/MCAL/STK/STK.o
                                       0x3327 (size before relaxing)
 .debug_str     0x0000000000005aea      0x789 Inc/MCAL/USART/USART.o
                                       0x3c07 (size before relaxing)
 .debug_str     0x0000000000006273      0x271 Inc/SERVICE/CTRL_CAR/CTRL_CAR.o
                                       0x372d (size before relaxing)
 .debug_str     0x00000000000064e4      0x2f4 Inc/SERVICE/SELECT_US/SELECT_US.o
                                       0x376c (size before relaxing)
 .debug_str     0x00000000000067d8      0x256 Src/main.o
                                       0x3ae7 (size before relaxing)
 .debug_str     0x0000000000006a2e       0x31 Startup/startup_stm32f303retx.o
                                         0x4b (size before relaxing)

.comment        0x0000000000000000       0x7b
 .comment       0x0000000000000000       0x7b Inc/HAL/DC/DC.o
                                         0x7c (size before relaxing)
 .comment       0x000000000000007b       0x7c Inc/HAL/US/US.o
 .comment       0x000000000000007b       0x7c Inc/LIB/SW_DELAY.o
 .comment       0x000000000000007b       0x7c Inc/MCAL/GPIO/GPIO.o
 .comment       0x000000000000007b       0x7c Inc/MCAL/ICU/ICU.o
 .comment       0x000000000000007b       0x7c Inc/MCAL/NVIC/NVIC.o
 .comment       0x000000000000007b       0x7c Inc/MCAL/PWM/PWM.o
 .comment       0x000000000000007b       0x7c Inc/MCAL/RCC/RCC.o
 .comment       0x000000000000007b       0x7c Inc/MCAL/STK/STK.o
 .comment       0x000000000000007b       0x7c Inc/MCAL/USART/USART.o
 .comment       0x000000000000007b       0x7c Inc/SERVICE/CTRL_CAR/CTRL_CAR.o
 .comment       0x000000000000007b       0x7c Inc/SERVICE/SELECT_US/SELECT_US.o
 .comment       0x000000000000007b       0x7c Src/main.o

.debug_frame    0x0000000000000000      0xcd8
 .debug_frame   0x0000000000000000       0x7c Inc/HAL/DC/DC.o
 .debug_frame   0x000000000000007c       0xa8 Inc/HAL/US/US.o
 .debug_frame   0x0000000000000124       0x7c Inc/LIB/SW_DELAY.o
 .debug_frame   0x00000000000001a0      0x128 Inc/MCAL/GPIO/GPIO.o
 .debug_frame   0x00000000000002c8      0x194 Inc/MCAL/ICU/ICU.o
 .debug_frame   0x000000000000045c       0xd8 Inc/MCAL/NVIC/NVIC.o
 .debug_frame   0x0000000000000534       0x60 Inc/MCAL/PWM/PWM.o
 .debug_frame   0x0000000000000594       0x80 Inc/MCAL/RCC/RCC.o
 .debug_frame   0x0000000000000614      0x2b4 Inc/MCAL/STK/STK.o
 .debug_frame   0x00000000000008c8      0x1ac Inc/MCAL/USART/USART.o
 .debug_frame   0x0000000000000a74       0x50 Inc/SERVICE/CTRL_CAR/CTRL_CAR.o
 .debug_frame   0x0000000000000ac4       0x98 Inc/SERVICE/SELECT_US/SELECT_US.o
 .debug_frame   0x0000000000000b5c       0x30 Src/main.o
 .debug_frame   0x0000000000000b8c       0x2c c:/st/stm32cubeide_1.4.0/stm32cubeide/plugins/com.st.stm32cube.ide.mcu.externaltools.gnu-tools-for-stm32.7-2018-q2-update.win32_1.4.0.202007081208/tools/bin/../lib/gcc/arm-none-eabi/7.3.1/../../../../arm-none-eabi/lib/thumb/v7e-m/fpv4-sp/hard\libc_nano.a(lib_a-init.o)
 .debug_frame   0x0000000000000bb8       0xac c:/st/stm32cubeide_1.4.0/stm32cubeide/plugins/com.st.stm32cube.ide.mcu.externaltools.gnu-tools-for-stm32.7-2018-q2-update.win32_1.4.0.202007081208/tools/bin/../lib/gcc/arm-none-eabi/7.3.1/thumb/v7e-m/fpv4-sp/hard\libgcc.a(_arm_addsubdf3.o)
 .debug_frame   0x0000000000000c64       0x50 c:/st/stm32cubeide_1.4.0/stm32cubeide/plugins/com.st.stm32cube.ide.mcu.externaltools.gnu-tools-for-stm32.7-2018-q2-update.win32_1.4.0.202007081208/tools/bin/../lib/gcc/arm-none-eabi/7.3.1/thumb/v7e-m/fpv4-sp/hard\libgcc.a(_arm_muldivdf3.o)
 .debug_frame   0x0000000000000cb4       0x24 c:/st/stm32cubeide_1.4.0/stm32cubeide/plugins/com.st.stm32cube.ide.mcu.externaltools.gnu-tools-for-stm32.7-2018-q2-update.win32_1.4.0.202007081208/tools/bin/../lib/gcc/arm-none-eabi/7.3.1/thumb/v7e-m/fpv4-sp/hard\libgcc.a(_arm_fixunsdfsi.o)
