Archive member included to satisfy reference by file (symbol)

c:/st/stm32cubeide_1.4.0/stm32cubeide/plugins/com.st.stm32cube.ide.mcu.externaltools.gnu-tools-for-stm32.7-2018-q2-update.win32_1.4.0.202007081208/tools/bin/../lib/gcc/arm-none-eabi/7.3.1/../../../../arm-none-eabi/lib/thumb/v7-m\libc_nano.a(lib_a-errno.o)
                              Src/syscalls.o (__errno)
c:/st/stm32cubeide_1.4.0/stm32cubeide/plugins/com.st.stm32cube.ide.mcu.externaltools.gnu-tools-for-stm32.7-2018-q2-update.win32_1.4.0.202007081208/tools/bin/../lib/gcc/arm-none-eabi/7.3.1/../../../../arm-none-eabi/lib/thumb/v7-m\libc_nano.a(lib_a-exit.o)
                              c:/st/stm32cubeide_1.4.0/stm32cubeide/plugins/com.st.stm32cube.ide.mcu.externaltools.gnu-tools-for-stm32.7-2018-q2-update.win32_1.4.0.202007081208/tools/bin/../lib/gcc/arm-none-eabi/7.3.1/../../../../arm-none-eabi/lib/thumb/v7-m/crt0.o (exit)
c:/st/stm32cubeide_1.4.0/stm32cubeide/plugins/com.st.stm32cube.ide.mcu.externaltools.gnu-tools-for-stm32.7-2018-q2-update.win32_1.4.0.202007081208/tools/bin/../lib/gcc/arm-none-eabi/7.3.1/../../../../arm-none-eabi/lib/thumb/v7-m\libc_nano.a(lib_a-impure.o)
                              c:/st/stm32cubeide_1.4.0/stm32cubeide/plugins/com.st.stm32cube.ide.mcu.externaltools.gnu-tools-for-stm32.7-2018-q2-update.win32_1.4.0.202007081208/tools/bin/../lib/gcc/arm-none-eabi/7.3.1/../../../../arm-none-eabi/lib/thumb/v7-m\libc_nano.a(lib_a-exit.o) (_global_impure_ptr)
c:/st/stm32cubeide_1.4.0/stm32cubeide/plugins/com.st.stm32cube.ide.mcu.externaltools.gnu-tools-for-stm32.7-2018-q2-update.win32_1.4.0.202007081208/tools/bin/../lib/gcc/arm-none-eabi/7.3.1/../../../../arm-none-eabi/lib/thumb/v7-m\libc_nano.a(lib_a-init.o)
                              c:/st/stm32cubeide_1.4.0/stm32cubeide/plugins/com.st.stm32cube.ide.mcu.externaltools.gnu-tools-for-stm32.7-2018-q2-update.win32_1.4.0.202007081208/tools/bin/../lib/gcc/arm-none-eabi/7.3.1/../../../../arm-none-eabi/lib/thumb/v7-m/crt0.o (__libc_init_array)
c:/st/stm32cubeide_1.4.0/stm32cubeide/plugins/com.st.stm32cube.ide.mcu.externaltools.gnu-tools-for-stm32.7-2018-q2-update.win32_1.4.0.202007081208/tools/bin/../lib/gcc/arm-none-eabi/7.3.1/../../../../arm-none-eabi/lib/thumb/v7-m\libc_nano.a(lib_a-memset.o)
                              c:/st/stm32cubeide_1.4.0/stm32cubeide/plugins/com.st.stm32cube.ide.mcu.externaltools.gnu-tools-for-stm32.7-2018-q2-update.win32_1.4.0.202007081208/tools/bin/../lib/gcc/arm-none-eabi/7.3.1/../../../../arm-none-eabi/lib/thumb/v7-m/crt0.o (memset)

Allocating common symbols
Common symbol       size              file

GP_IRQ_CallBack     0x3c              stm32_f103c6_driver/stm32_f103c6_driver_EXTI.o

Discarded input sections

 .text          0x0000000000000000        0x0 c:/st/stm32cubeide_1.4.0/stm32cubeide/plugins/com.st.stm32cube.ide.mcu.externaltools.gnu-tools-for-stm32.7-2018-q2-update.win32_1.4.0.202007081208/tools/bin/../lib/gcc/arm-none-eabi/7.3.1/thumb/v7-m/crti.o
 .data          0x0000000000000000        0x0 c:/st/stm32cubeide_1.4.0/stm32cubeide/plugins/com.st.stm32cube.ide.mcu.externaltools.gnu-tools-for-stm32.7-2018-q2-update.win32_1.4.0.202007081208/tools/bin/../lib/gcc/arm-none-eabi/7.3.1/thumb/v7-m/crti.o
 .bss           0x0000000000000000        0x0 c:/st/stm32cubeide_1.4.0/stm32cubeide/plugins/com.st.stm32cube.ide.mcu.externaltools.gnu-tools-for-stm32.7-2018-q2-update.win32_1.4.0.202007081208/tools/bin/../lib/gcc/arm-none-eabi/7.3.1/thumb/v7-m/crti.o
 .data          0x0000000000000000        0x4 c:/st/stm32cubeide_1.4.0/stm32cubeide/plugins/com.st.stm32cube.ide.mcu.externaltools.gnu-tools-for-stm32.7-2018-q2-update.win32_1.4.0.202007081208/tools/bin/../lib/gcc/arm-none-eabi/7.3.1/thumb/v7-m/crtbegin.o
 .text          0x0000000000000000       0x74 c:/st/stm32cubeide_1.4.0/stm32cubeide/plugins/com.st.stm32cube.ide.mcu.externaltools.gnu-tools-for-stm32.7-2018-q2-update.win32_1.4.0.202007081208/tools/bin/../lib/gcc/arm-none-eabi/7.3.1/../../../../arm-none-eabi/lib/thumb/v7-m/crt0.o
 .data          0x0000000000000000        0x0 c:/st/stm32cubeide_1.4.0/stm32cubeide/plugins/com.st.stm32cube.ide.mcu.externaltools.gnu-tools-for-stm32.7-2018-q2-update.win32_1.4.0.202007081208/tools/bin/../lib/gcc/arm-none-eabi/7.3.1/../../../../arm-none-eabi/lib/thumb/v7-m/crt0.o
 .bss           0x0000000000000000        0x0 c:/st/stm32cubeide_1.4.0/stm32cubeide/plugins/com.st.stm32cube.ide.mcu.externaltools.gnu-tools-for-stm32.7-2018-q2-update.win32_1.4.0.202007081208/tools/bin/../lib/gcc/arm-none-eabi/7.3.1/../../../../arm-none-eabi/lib/thumb/v7-m/crt0.o
 .ARM.extab     0x0000000000000000        0x0 c:/st/stm32cubeide_1.4.0/stm32cubeide/plugins/com.st.stm32cube.ide.mcu.externaltools.gnu-tools-for-stm32.7-2018-q2-update.win32_1.4.0.202007081208/tools/bin/../lib/gcc/arm-none-eabi/7.3.1/../../../../arm-none-eabi/lib/thumb/v7-m/crt0.o
 .ARM.exidx     0x0000000000000000        0x8 c:/st/stm32cubeide_1.4.0/stm32cubeide/plugins/com.st.stm32cube.ide.mcu.externaltools.gnu-tools-for-stm32.7-2018-q2-update.win32_1.4.0.202007081208/tools/bin/../lib/gcc/arm-none-eabi/7.3.1/../../../../arm-none-eabi/lib/thumb/v7-m/crt0.o
 .ARM.attributes
                0x0000000000000000       0x1b c:/st/stm32cubeide_1.4.0/stm32cubeide/plugins/com.st.stm32cube.ide.mcu.externaltools.gnu-tools-for-stm32.7-2018-q2-update.win32_1.4.0.202007081208/tools/bin/../lib/gcc/arm-none-eabi/7.3.1/../../../../arm-none-eabi/lib/thumb/v7-m/crt0.o
 .group         0x0000000000000000        0xc Src/main.o
 .text          0x0000000000000000        0x0 Src/main.o
 .data          0x0000000000000000        0x0 Src/main.o
 .bss           0x0000000000000000        0x0 Src/main.o
 .group         0x0000000000000000        0xc Src/syscalls.o
 .group         0x0000000000000000        0xc Src/syscalls.o
 .group         0x0000000000000000        0xc Src/syscalls.o
 .group         0x0000000000000000        0xc Src/syscalls.o
 .group         0x0000000000000000        0xc Src/syscalls.o
 .group         0x0000000000000000        0xc Src/syscalls.o
 .group         0x0000000000000000        0xc Src/syscalls.o
 .group         0x0000000000000000        0xc Src/syscalls.o
 .group         0x0000000000000000        0xc Src/syscalls.o
 .group         0x0000000000000000        0xc Src/syscalls.o
 .group         0x0000000000000000        0xc Src/syscalls.o
 .group         0x0000000000000000        0xc Src/syscalls.o
 .group         0x0000000000000000        0xc Src/syscalls.o
 .group         0x0000000000000000        0xc Src/syscalls.o
 .group         0x0000000000000000        0xc Src/syscalls.o
 .group         0x0000000000000000        0xc Src/syscalls.o
 .group         0x0000000000000000        0xc Src/syscalls.o
 .group         0x0000000000000000        0xc Src/syscalls.o
 .group         0x0000000000000000        0xc Src/syscalls.o
 .group         0x0000000000000000        0xc Src/syscalls.o
 .group         0x0000000000000000        0xc Src/syscalls.o
 .group         0x0000000000000000        0xc Src/syscalls.o
 .group         0x0000000000000000        0xc Src/syscalls.o
 .group         0x0000000000000000        0xc Src/syscalls.o
 .group         0x0000000000000000        0xc Src/syscalls.o
 .group         0x0000000000000000        0xc Src/syscalls.o
 .group         0x0000000000000000        0xc Src/syscalls.o
 .group         0x0000000000000000        0xc Src/syscalls.o
 .group         0x0000000000000000        0xc Src/syscalls.o
 .group         0x0000000000000000        0xc Src/syscalls.o
 .group         0x0000000000000000        0xc Src/syscalls.o
 .group         0x0000000000000000        0xc Src/syscalls.o
 .group         0x0000000000000000        0xc Src/syscalls.o
 .group         0x0000000000000000        0xc Src/syscalls.o
 .group         0x0000000000000000        0xc Src/syscalls.o
 .group         0x0000000000000000        0xc Src/syscalls.o
 .group         0x0000000000000000        0xc Src/syscalls.o
 .group         0x0000000000000000        0xc Src/syscalls.o
 .group         0x0000000000000000        0xc Src/syscalls.o
 .group         0x0000000000000000        0xc Src/syscalls.o
 .group         0x0000000000000000        0xc Src/syscalls.o
 .group         0x0000000000000000        0xc Src/syscalls.o
 .group         0x0000000000000000        0xc Src/syscalls.o
 .group         0x0000000000000000        0xc Src/syscalls.o
 .text          0x0000000000000000        0x0 Src/syscalls.o
 .data          0x0000000000000000        0x0 Src/syscalls.o
 .bss           0x0000000000000000        0x0 Src/syscalls.o
 .bss.__env     0x0000000000000000        0x4 Src/syscalls.o
 .data.environ  0x0000000000000000        0x4 Src/syscalls.o
 .text.initialise_monitor_handles
                0x0000000000000000        0xc Src/syscalls.o
 .text._getpid  0x0000000000000000        0xe Src/syscalls.o
 .text._kill    0x0000000000000000       0x20 Src/syscalls.o
 .text._exit    0x0000000000000000       0x14 Src/syscalls.o
 .text._read    0x0000000000000000       0x3a Src/syscalls.o
 .text._write   0x0000000000000000       0x38 Src/syscalls.o
 .text._close   0x0000000000000000       0x16 Src/syscalls.o
 .text._fstat   0x0000000000000000       0x1e Src/syscalls.o
 .text._isatty  0x0000000000000000       0x14 Src/syscalls.o
 .text._lseek   0x0000000000000000       0x18 Src/syscalls.o
 .text._open    0x0000000000000000       0x1a Src/syscalls.o
 .text._wait    0x0000000000000000       0x1e Src/syscalls.o
 .text._unlink  0x0000000000000000       0x1e Src/syscalls.o
 .text._times   0x0000000000000000       0x16 Src/syscalls.o
 .text._stat    0x0000000000000000       0x1e Src/syscalls.o
 .text._link    0x0000000000000000       0x20 Src/syscalls.o
 .text._fork    0x0000000000000000       0x16 Src/syscalls.o
 .text._execve  0x0000000000000000       0x22 Src/syscalls.o
 .debug_info    0x0000000000000000     0x1038 Src/syscalls.o
 .debug_abbrev  0x0000000000000000      0x254 Src/syscalls.o
 .debug_loc     0x0000000000000000      0x5b8 Src/syscalls.o
 .debug_aranges
                0x0000000000000000       0xa8 Src/syscalls.o
 .debug_ranges  0x0000000000000000       0x98 Src/syscalls.o
 .debug_macro   0x0000000000000000      0x243 Src/syscalls.o
 .debug_macro   0x0000000000000000      0xa60 Src/syscalls.o
 .debug_macro   0x0000000000000000       0x22 Src/syscalls.o
 .debug_macro   0x0000000000000000       0x40 Src/syscalls.o
 .debug_macro   0x0000000000000000       0x18 Src/syscalls.o
 .debug_macro   0x0000000000000000       0x94 Src/syscalls.o
 .debug_macro   0x0000000000000000       0x3c Src/syscalls.o
 .debug_macro   0x0000000000000000       0x34 Src/syscalls.o
 .debug_macro   0x0000000000000000       0x57 Src/syscalls.o
 .debug_macro   0x0000000000000000      0x174 Src/syscalls.o
 .debug_macro   0x0000000000000000      0x330 Src/syscalls.o
 .debug_macro   0x0000000000000000       0x52 Src/syscalls.o
 .debug_macro   0x0000000000000000       0x1f Src/syscalls.o
 .debug_macro   0x0000000000000000       0x43 Src/syscalls.o
 .debug_macro   0x0000000000000000       0x20 Src/syscalls.o
 .debug_macro   0x0000000000000000      0x1a3 Src/syscalls.o
 .debug_macro   0x0000000000000000       0x10 Src/syscalls.o
 .debug_macro   0x0000000000000000       0x35 Src/syscalls.o
 .debug_macro   0x0000000000000000       0x10 Src/syscalls.o
 .debug_macro   0x0000000000000000       0x10 Src/syscalls.o
 .debug_macro   0x0000000000000000       0x10 Src/syscalls.o
 .debug_macro   0x0000000000000000       0x6a Src/syscalls.o
 .debug_macro   0x0000000000000000       0x1c Src/syscalls.o
 .debug_macro   0x0000000000000000       0x52 Src/syscalls.o
 .debug_macro   0x0000000000000000       0x40 Src/syscalls.o
 .debug_macro   0x0000000000000000       0x10 Src/syscalls.o
 .debug_macro   0x0000000000000000       0x40 Src/syscalls.o
 .debug_macro   0x0000000000000000       0xd7 Src/syscalls.o
 .debug_macro   0x0000000000000000       0x1c Src/syscalls.o
 .debug_macro   0x0000000000000000       0x3d Src/syscalls.o
 .debug_macro   0x0000000000000000       0x35 Src/syscalls.o
 .debug_macro   0x0000000000000000      0x122 Src/syscalls.o
 .debug_macro   0x0000000000000000       0x16 Src/syscalls.o
 .debug_macro   0x0000000000000000       0x16 Src/syscalls.o
 .debug_macro   0x0000000000000000       0x29 Src/syscalls.o
 .debug_macro   0x0000000000000000       0x10 Src/syscalls.o
 .debug_macro   0x0000000000000000      0x241 Src/syscalls.o
 .debug_macro   0x0000000000000000       0x1c Src/syscalls.o
 .debug_macro   0x0000000000000000       0x10 Src/syscalls.o
 .debug_macro   0x0000000000000000       0x10 Src/syscalls.o
 .debug_macro   0x0000000000000000       0x16 Src/syscalls.o
 .debug_macro   0x0000000000000000      0x145 Src/syscalls.o
 .debug_macro   0x0000000000000000      0x189 Src/syscalls.o
 .debug_macro   0x0000000000000000       0x16 Src/syscalls.o
 .debug_macro   0x0000000000000000       0x88 Src/syscalls.o
 .debug_line    0x0000000000000000      0x739 Src/syscalls.o
 .debug_str     0x0000000000000000     0x8897 Src/syscalls.o
 .comment       0x0000000000000000       0x7c Src/syscalls.o
 .debug_frame   0x0000000000000000      0x2ac Src/syscalls.o
 .ARM.attributes
                0x0000000000000000       0x33 Src/syscalls.o
 .group         0x0000000000000000        0xc Src/sysmem.o
 .group         0x0000000000000000        0xc Src/sysmem.o
 .group         0x0000000000000000        0xc Src/sysmem.o
 .group         0x0000000000000000        0xc Src/sysmem.o
 .group         0x0000000000000000        0xc Src/sysmem.o
 .group         0x0000000000000000        0xc Src/sysmem.o
 .group         0x0000000000000000        0xc Src/sysmem.o
 .group         0x0000000000000000        0xc Src/sysmem.o
 .group         0x0000000000000000        0xc Src/sysmem.o
 .group         0x0000000000000000        0xc Src/sysmem.o
 .group         0x0000000000000000        0xc Src/sysmem.o
 .group         0x0000000000000000        0xc Src/sysmem.o
 .group         0x0000000000000000        0xc Src/sysmem.o
 .group         0x0000000000000000        0xc Src/sysmem.o
 .group         0x0000000000000000        0xc Src/sysmem.o
 .group         0x0000000000000000        0xc Src/sysmem.o
 .group         0x0000000000000000        0xc Src/sysmem.o
 .group         0x0000000000000000        0xc Src/sysmem.o
 .group         0x0000000000000000        0xc Src/sysmem.o
 .text          0x0000000000000000        0x0 Src/sysmem.o
 .data          0x0000000000000000        0x0 Src/sysmem.o
 .bss           0x0000000000000000        0x0 Src/sysmem.o
 .bss.__sbrk_heap_end
                0x0000000000000000        0x4 Src/sysmem.o
 .text._sbrk    0x0000000000000000       0x6c Src/sysmem.o
 .debug_info    0x0000000000000000      0xa7c Src/sysmem.o
 .debug_abbrev  0x0000000000000000      0x18e Src/sysmem.o
 .debug_loc     0x0000000000000000       0x50 Src/sysmem.o
 .debug_aranges
                0x0000000000000000       0x20 Src/sysmem.o
 .debug_ranges  0x0000000000000000       0x10 Src/sysmem.o
 .debug_macro   0x0000000000000000       0xee Src/sysmem.o
 .debug_macro   0x0000000000000000      0xa60 Src/sysmem.o
 .debug_macro   0x0000000000000000       0x10 Src/sysmem.o
 .debug_macro   0x0000000000000000       0x22 Src/sysmem.o
 .debug_macro   0x0000000000000000       0x40 Src/sysmem.o
 .debug_macro   0x0000000000000000       0x18 Src/sysmem.o
 .debug_macro   0x0000000000000000       0x94 Src/sysmem.o
 .debug_macro   0x0000000000000000       0x3c Src/sysmem.o
 .debug_macro   0x0000000000000000       0x34 Src/sysmem.o
 .debug_macro   0x0000000000000000      0x174 Src/sysmem.o
 .debug_macro   0x0000000000000000       0x57 Src/sysmem.o
 .debug_macro   0x0000000000000000       0x52 Src/sysmem.o
 .debug_macro   0x0000000000000000       0x1f Src/sysmem.o
 .debug_macro   0x0000000000000000       0x43 Src/sysmem.o
 .debug_macro   0x0000000000000000       0x20 Src/sysmem.o
 .debug_macro   0x0000000000000000      0x1a3 Src/sysmem.o
 .debug_macro   0x0000000000000000      0x23b Src/sysmem.o
 .debug_macro   0x0000000000000000       0xef Src/sysmem.o
 .debug_macro   0x0000000000000000       0x6a Src/sysmem.o
 .debug_macro   0x0000000000000000      0x1df Src/sysmem.o
 .debug_line    0x0000000000000000      0x4c2 Src/sysmem.o
 .debug_str     0x0000000000000000     0x5f65 Src/sysmem.o
 .comment       0x0000000000000000       0x7c Src/sysmem.o
 .debug_frame   0x0000000000000000       0x34 Src/sysmem.o
 .ARM.attributes
                0x0000000000000000       0x33 Src/sysmem.o
 .text          0x0000000000000000       0x14 Startup/startup_stm32f103c6tx.o
 .data          0x0000000000000000        0x0 Startup/startup_stm32f103c6tx.o
 .bss           0x0000000000000000        0x0 Startup/startup_stm32f103c6tx.o
 .group         0x0000000000000000        0xc stm32_f103c6_driver/stm32_f103c6_driver_EXTI.o
 .group         0x0000000000000000        0xc stm32_f103c6_driver/stm32_f103c6_driver_EXTI.o
 .group         0x0000000000000000        0xc stm32_f103c6_driver/stm32_f103c6_driver_EXTI.o
 .group         0x0000000000000000        0xc stm32_f103c6_driver/stm32_f103c6_driver_EXTI.o
 .group         0x0000000000000000        0xc stm32_f103c6_driver/stm32_f103c6_driver_EXTI.o
 .group         0x0000000000000000        0xc stm32_f103c6_driver/stm32_f103c6_driver_EXTI.o
 .group         0x0000000000000000        0xc stm32_f103c6_driver/stm32_f103c6_driver_EXTI.o
 .group         0x0000000000000000        0xc stm32_f103c6_driver/stm32_f103c6_driver_EXTI.o
 .group         0x0000000000000000        0xc stm32_f103c6_driver/stm32_f103c6_driver_EXTI.o
 .group         0x0000000000000000        0xc stm32_f103c6_driver/stm32_f103c6_driver_EXTI.o
 .group         0x0000000000000000        0xc stm32_f103c6_driver/stm32_f103c6_driver_EXTI.o
 .group         0x0000000000000000        0xc stm32_f103c6_driver/stm32_f103c6_driver_EXTI.o
 .group         0x0000000000000000        0xc stm32_f103c6_driver/stm32_f103c6_driver_EXTI.o
 .group         0x0000000000000000        0xc stm32_f103c6_driver/stm32_f103c6_driver_EXTI.o
 .group         0x0000000000000000        0xc stm32_f103c6_driver/stm32_f103c6_driver_EXTI.o
 .group         0x0000000000000000        0xc stm32_f103c6_driver/stm32_f103c6_driver_EXTI.o
 .group         0x0000000000000000        0xc stm32_f103c6_driver/stm32_f103c6_driver_EXTI.o
 .group         0x0000000000000000        0xc stm32_f103c6_driver/stm32_f103c6_driver_EXTI.o
 .group         0x0000000000000000        0xc stm32_f103c6_driver/stm32_f103c6_driver_EXTI.o
 .group         0x0000000000000000        0xc stm32_f103c6_driver/stm32_f103c6_driver_EXTI.o
 .group         0x0000000000000000        0xc stm32_f103c6_driver/stm32_f103c6_driver_EXTI.o
 .group         0x0000000000000000        0xc stm32_f103c6_driver/stm32_f103c6_driver_EXTI.o
 .group         0x0000000000000000        0xc stm32_f103c6_driver/stm32_f103c6_driver_EXTI.o
 .group         0x0000000000000000        0xc stm32_f103c6_driver/stm32_f103c6_driver_EXTI.o
 .group         0x0000000000000000        0xc stm32_f103c6_driver/stm32_f103c6_driver_EXTI.o
 .group         0x0000000000000000        0xc stm32_f103c6_driver/stm32_f103c6_driver_EXTI.o
 .group         0x0000000000000000        0xc stm32_f103c6_driver/stm32_f103c6_driver_EXTI.o
 .group         0x0000000000000000        0xc stm32_f103c6_driver/stm32_f103c6_driver_EXTI.o
 .text          0x0000000000000000        0x0 stm32_f103c6_driver/stm32_f103c6_driver_EXTI.o
 .data          0x0000000000000000        0x0 stm32_f103c6_driver/stm32_f103c6_driver_EXTI.o
 .bss           0x0000000000000000        0x0 stm32_f103c6_driver/stm32_f103c6_driver_EXTI.o
 .text.Enable_NVIC
                0x0000000000000000       0xcc stm32_f103c6_driver/stm32_f103c6_driver_EXTI.o
 .text.Disable_NVIC
                0x0000000000000000       0xcc stm32_f103c6_driver/stm32_f103c6_driver_EXTI.o
 .text.Update_EXTI
                0x0000000000000000      0x1d8 stm32_f103c6_driver/stm32_f103c6_driver_EXTI.o
 .text.MCAL_EXTI_GPIO_DeInit
                0x0000000000000000       0x94 stm32_f103c6_driver/stm32_f103c6_driver_EXTI.o
 .text.MCAL_EXTI_GPIO_Init
                0x0000000000000000       0x16 stm32_f103c6_driver/stm32_f103c6_driver_EXTI.o
 .text.MCAL_EXTI_GPIO_Update
                0x0000000000000000       0x16 stm32_f103c6_driver/stm32_f103c6_driver_EXTI.o
 .debug_macro   0x0000000000000000      0xa60 stm32_f103c6_driver/stm32_f103c6_driver_EXTI.o
 .debug_macro   0x0000000000000000       0x18 stm32_f103c6_driver/stm32_f103c6_driver_EXTI.o
 .debug_macro   0x0000000000000000       0x22 stm32_f103c6_driver/stm32_f103c6_driver_EXTI.o
 .debug_macro   0x0000000000000000       0x40 stm32_f103c6_driver/stm32_f103c6_driver_EXTI.o
 .debug_macro   0x0000000000000000       0x94 stm32_f103c6_driver/stm32_f103c6_driver_EXTI.o
 .debug_macro   0x0000000000000000       0x3c stm32_f103c6_driver/stm32_f103c6_driver_EXTI.o
 .debug_macro   0x0000000000000000       0x34 stm32_f103c6_driver/stm32_f103c6_driver_EXTI.o
 .debug_macro   0x0000000000000000       0x16 stm32_f103c6_driver/stm32_f103c6_driver_EXTI.o
 .debug_macro   0x0000000000000000       0x57 stm32_f103c6_driver/stm32_f103c6_driver_EXTI.o
 .debug_macro   0x0000000000000000       0x52 stm32_f103c6_driver/stm32_f103c6_driver_EXTI.o
 .debug_macro   0x0000000000000000       0x1f stm32_f103c6_driver/stm32_f103c6_driver_EXTI.o
 .debug_macro   0x0000000000000000       0x43 stm32_f103c6_driver/stm32_f103c6_driver_EXTI.o
 .debug_macro   0x0000000000000000       0x20 stm32_f103c6_driver/stm32_f103c6_driver_EXTI.o
 .debug_macro   0x0000000000000000      0x1a3 stm32_f103c6_driver/stm32_f103c6_driver_EXTI.o
 .debug_macro   0x0000000000000000      0x330 stm32_f103c6_driver/stm32_f103c6_driver_EXTI.o
 .debug_macro   0x0000000000000000       0x16 stm32_f103c6_driver/stm32_f103c6_driver_EXTI.o
 .debug_macro   0x0000000000000000       0x29 stm32_f103c6_driver/stm32_f103c6_driver_EXTI.o
 .debug_macro   0x0000000000000000       0x35 stm32_f103c6_driver/stm32_f103c6_driver_EXTI.o
 .debug_macro   0x0000000000000000       0xef stm32_f103c6_driver/stm32_f103c6_driver_EXTI.o
 .debug_macro   0x0000000000000000       0x6a stm32_f103c6_driver/stm32_f103c6_driver_EXTI.o
 .debug_macro   0x0000000000000000      0x1df stm32_f103c6_driver/stm32_f103c6_driver_EXTI.o
 .group         0x0000000000000000        0xc stm32_f103c6_driver/stm32_f103c6_driver_GPIO.o
 .group         0x0000000000000000        0xc stm32_f103c6_driver/stm32_f103c6_driver_GPIO.o
 .group         0x0000000000000000        0xc stm32_f103c6_driver/stm32_f103c6_driver_GPIO.o
 .group         0x0000000000000000        0xc stm32_f103c6_driver/stm32_f103c6_driver_GPIO.o
 .group         0x0000000000000000        0xc stm32_f103c6_driver/stm32_f103c6_driver_GPIO.o
 .group         0x0000000000000000        0xc stm32_f103c6_driver/stm32_f103c6_driver_GPIO.o
 .group         0x0000000000000000        0xc stm32_f103c6_driver/stm32_f103c6_driver_GPIO.o
 .group         0x0000000000000000        0xc stm32_f103c6_driver/stm32_f103c6_driver_GPIO.o
 .group         0x0000000000000000        0xc stm32_f103c6_driver/stm32_f103c6_driver_GPIO.o
 .group         0x0000000000000000        0xc stm32_f103c6_driver/stm32_f103c6_driver_GPIO.o
 .group         0x0000000000000000        0xc stm32_f103c6_driver/stm32_f103c6_driver_GPIO.o
 .group         0x0000000000000000        0xc stm32_f103c6_driver/stm32_f103c6_driver_GPIO.o
 .group         0x0000000000000000        0xc stm32_f103c6_driver/stm32_f103c6_driver_GPIO.o
 .group         0x0000000000000000        0xc stm32_f103c6_driver/stm32_f103c6_driver_GPIO.o
 .group         0x0000000000000000        0xc stm32_f103c6_driver/stm32_f103c6_driver_GPIO.o
 .group         0x0000000000000000        0xc stm32_f103c6_driver/stm32_f103c6_driver_GPIO.o
 .group         0x0000000000000000        0xc stm32_f103c6_driver/stm32_f103c6_driver_GPIO.o
 .group         0x0000000000000000        0xc stm32_f103c6_driver/stm32_f103c6_driver_GPIO.o
 .group         0x0000000000000000        0xc stm32_f103c6_driver/stm32_f103c6_driver_GPIO.o
 .group         0x0000000000000000        0xc stm32_f103c6_driver/stm32_f103c6_driver_GPIO.o
 .group         0x0000000000000000        0xc stm32_f103c6_driver/stm32_f103c6_driver_GPIO.o
 .group         0x0000000000000000        0xc stm32_f103c6_driver/stm32_f103c6_driver_GPIO.o
 .group         0x0000000000000000        0xc stm32_f103c6_driver/stm32_f103c6_driver_GPIO.o
 .group         0x0000000000000000        0xc stm32_f103c6_driver/stm32_f103c6_driver_GPIO.o
 .group         0x0000000000000000        0xc stm32_f103c6_driver/stm32_f103c6_driver_GPIO.o
 .group         0x0000000000000000        0xc stm32_f103c6_driver/stm32_f103c6_driver_GPIO.o
 .group         0x0000000000000000        0xc stm32_f103c6_driver/stm32_f103c6_driver_GPIO.o
 .text          0x0000000000000000        0x0 stm32_f103c6_driver/stm32_f103c6_driver_GPIO.o
 .data          0x0000000000000000        0x0 stm32_f103c6_driver/stm32_f103c6_driver_GPIO.o
 .bss           0x0000000000000000        0x0 stm32_f103c6_driver/stm32_f103c6_driver_GPIO.o
 .text.Get_CRLH_Position
                0x0000000000000000       0xc6 stm32_f103c6_driver/stm32_f103c6_driver_GPIO.o
 .text.MCAL_GPIO_Init
                0x0000000000000000       0xfe stm32_f103c6_driver/stm32_f103c6_driver_GPIO.o
 .text.MCAL_GPIO_DeInit
                0x0000000000000000       0xd4 stm32_f103c6_driver/stm32_f103c6_driver_GPIO.o
 .text.MCAL_GPIO_ReadPin
                0x0000000000000000       0x2e stm32_f103c6_driver/stm32_f103c6_driver_GPIO.o
 .text.MCAL_GPIO_ReadPort
                0x0000000000000000       0x1a stm32_f103c6_driver/stm32_f103c6_driver_GPIO.o
 .text.MCAL_GPIO_WritePin
                0x0000000000000000       0x2e stm32_f103c6_driver/stm32_f103c6_driver_GPIO.o
 .text.MCAL_GPIO_WritePort
                0x0000000000000000       0x1c stm32_f103c6_driver/stm32_f103c6_driver_GPIO.o
 .text.MCAL_GPIO_TogglePin
                0x0000000000000000       0x22 stm32_f103c6_driver/stm32_f103c6_driver_GPIO.o
 .text.MCAL_GPIO_LockPin
                0x0000000000000000       0x4e stm32_f103c6_driver/stm32_f103c6_driver_GPIO.o
 .debug_info    0x0000000000000000      0xd5d stm32_f103c6_driver/stm32_f103c6_driver_GPIO.o
 .debug_abbrev  0x0000000000000000      0x232 stm32_f103c6_driver/stm32_f103c6_driver_GPIO.o
 .debug_loc     0x0000000000000000      0x330 stm32_f103c6_driver/stm32_f103c6_driver_GPIO.o
 .debug_aranges
                0x0000000000000000       0x60 stm32_f103c6_driver/stm32_f103c6_driver_GPIO.o
 .debug_ranges  0x0000000000000000       0x50 stm32_f103c6_driver/stm32_f103c6_driver_GPIO.o
 .debug_macro   0x0000000000000000      0x173 stm32_f103c6_driver/stm32_f103c6_driver_GPIO.o
 .debug_macro   0x0000000000000000      0xa60 stm32_f103c6_driver/stm32_f103c6_driver_GPIO.o
 .debug_macro   0x0000000000000000       0x18 stm32_f103c6_driver/stm32_f103c6_driver_GPIO.o
 .debug_macro   0x0000000000000000       0x22 stm32_f103c6_driver/stm32_f103c6_driver_GPIO.o
 .debug_macro   0x0000000000000000       0x40 stm32_f103c6_driver/stm32_f103c6_driver_GPIO.o
 .debug_macro   0x0000000000000000       0x94 stm32_f103c6_driver/stm32_f103c6_driver_GPIO.o
 .debug_macro   0x0000000000000000       0x3c stm32_f103c6_driver/stm32_f103c6_driver_GPIO.o
 .debug_macro   0x0000000000000000       0x34 stm32_f103c6_driver/stm32_f103c6_driver_GPIO.o
 .debug_macro   0x0000000000000000       0x16 stm32_f103c6_driver/stm32_f103c6_driver_GPIO.o
 .debug_macro   0x0000000000000000      0x10e stm32_f103c6_driver/stm32_f103c6_driver_GPIO.o
 .debug_macro   0x0000000000000000       0x8d stm32_f103c6_driver/stm32_f103c6_driver_GPIO.o
 .debug_macro   0x0000000000000000       0x57 stm32_f103c6_driver/stm32_f103c6_driver_GPIO.o
 .debug_macro   0x0000000000000000       0x52 stm32_f103c6_driver/stm32_f103c6_driver_GPIO.o
 .debug_macro   0x0000000000000000       0x1f stm32_f103c6_driver/stm32_f103c6_driver_GPIO.o
 .debug_macro   0x0000000000000000       0x43 stm32_f103c6_driver/stm32_f103c6_driver_GPIO.o
 .debug_macro   0x0000000000000000       0x20 stm32_f103c6_driver/stm32_f103c6_driver_GPIO.o
 .debug_macro   0x0000000000000000      0x1a3 stm32_f103c6_driver/stm32_f103c6_driver_GPIO.o
 .debug_macro   0x0000000000000000      0x330 stm32_f103c6_driver/stm32_f103c6_driver_GPIO.o
 .debug_macro   0x0000000000000000       0x16 stm32_f103c6_driver/stm32_f103c6_driver_GPIO.o
 .debug_macro   0x0000000000000000       0x29 stm32_f103c6_driver/stm32_f103c6_driver_GPIO.o
 .debug_macro   0x0000000000000000       0x16 stm32_f103c6_driver/stm32_f103c6_driver_GPIO.o
 .debug_macro   0x0000000000000000       0x35 stm32_f103c6_driver/stm32_f103c6_driver_GPIO.o
 .debug_macro   0x0000000000000000       0x20 stm32_f103c6_driver/stm32_f103c6_driver_GPIO.o
 .debug_macro   0x0000000000000000       0xef stm32_f103c6_driver/stm32_f103c6_driver_GPIO.o
 .debug_macro   0x0000000000000000       0x6a stm32_f103c6_driver/stm32_f103c6_driver_GPIO.o
 .debug_macro   0x0000000000000000      0x1df stm32_f103c6_driver/stm32_f103c6_driver_GPIO.o
 .debug_macro   0x0000000000000000      0x392 stm32_f103c6_driver/stm32_f103c6_driver_GPIO.o
 .debug_macro   0x0000000000000000       0xd6 stm32_f103c6_driver/stm32_f103c6_driver_GPIO.o
 .debug_line    0x0000000000000000      0x6d8 stm32_f103c6_driver/stm32_f103c6_driver_GPIO.o
 .debug_str     0x0000000000000000     0x8795 stm32_f103c6_driver/stm32_f103c6_driver_GPIO.o
 .comment       0x0000000000000000       0x7c stm32_f103c6_driver/stm32_f103c6_driver_GPIO.o
 .debug_frame   0x0000000000000000      0x178 stm32_f103c6_driver/stm32_f103c6_driver_GPIO.o
 .ARM.attributes
                0x0000000000000000       0x33 stm32_f103c6_driver/stm32_f103c6_driver_GPIO.o
 .group         0x0000000000000000        0xc stm32_f103c6_driver/stm32_f103c6_driver_RCC.o
 .group         0x0000000000000000        0xc stm32_f103c6_driver/stm32_f103c6_driver_RCC.o
 .group         0x0000000000000000        0xc stm32_f103c6_driver/stm32_f103c6_driver_RCC.o
 .group         0x0000000000000000        0xc stm32_f103c6_driver/stm32_f103c6_driver_RCC.o
 .group         0x0000000000000000        0xc stm32_f103c6_driver/stm32_f103c6_driver_RCC.o
 .group         0x0000000000000000        0xc stm32_f103c6_driver/stm32_f103c6_driver_RCC.o
 .group         0x0000000000000000        0xc stm32_f103c6_driver/stm32_f103c6_driver_RCC.o
 .group         0x0000000000000000        0xc stm32_f103c6_driver/stm32_f103c6_driver_RCC.o
 .group         0x0000000000000000        0xc stm32_f103c6_driver/stm32_f103c6_driver_RCC.o
 .group         0x0000000000000000        0xc stm32_f103c6_driver/stm32_f103c6_driver_RCC.o
 .group         0x0000000000000000        0xc stm32_f103c6_driver/stm32_f103c6_driver_RCC.o
 .group         0x0000000000000000        0xc stm32_f103c6_driver/stm32_f103c6_driver_RCC.o
 .group         0x0000000000000000        0xc stm32_f103c6_driver/stm32_f103c6_driver_RCC.o
 .group         0x0000000000000000        0xc stm32_f103c6_driver/stm32_f103c6_driver_RCC.o
 .group         0x0000000000000000        0xc stm32_f103c6_driver/stm32_f103c6_driver_RCC.o
 .group         0x0000000000000000        0xc stm32_f103c6_driver/stm32_f103c6_driver_RCC.o
 .group         0x0000000000000000        0xc stm32_f103c6_driver/stm32_f103c6_driver_RCC.o
 .group         0x0000000000000000        0xc stm32_f103c6_driver/stm32_f103c6_driver_RCC.o
 .group         0x0000000000000000        0xc stm32_f103c6_driver/stm32_f103c6_driver_RCC.o
 .group         0x0000000000000000        0xc stm32_f103c6_driver/stm32_f103c6_driver_RCC.o
 .group         0x0000000000000000        0xc stm32_f103c6_driver/stm32_f103c6_driver_RCC.o
 .group         0x0000000000000000        0xc stm32_f103c6_driver/stm32_f103c6_driver_RCC.o
 .group         0x0000000000000000        0xc stm32_f103c6_driver/stm32_f103c6_driver_RCC.o
 .group         0x0000000000000000        0xc stm32_f103c6_driver/stm32_f103c6_driver_RCC.o
 .group         0x0000000000000000        0xc stm32_f103c6_driver/stm32_f103c6_driver_RCC.o
 .group         0x0000000000000000        0xc stm32_f103c6_driver/stm32_f103c6_driver_RCC.o
 .group         0x0000000000000000        0xc stm32_f103c6_driver/stm32_f103c6_driver_RCC.o
 .group         0x0000000000000000        0xc stm32_f103c6_driver/stm32_f103c6_driver_RCC.o
 .text          0x0000000000000000        0x0 stm32_f103c6_driver/stm32_f103c6_driver_RCC.o
 .data          0x0000000000000000        0x0 stm32_f103c6_driver/stm32_f103c6_driver_RCC.o
 .bss           0x0000000000000000        0x0 stm32_f103c6_driver/stm32_f103c6_driver_RCC.o
 .rodata.APBPrescTable
                0x0000000000000000        0x8 stm32_f103c6_driver/stm32_f103c6_driver_RCC.o
 .rodata.AHBPrescTable
                0x0000000000000000        0x8 stm32_f103c6_driver/stm32_f103c6_driver_RCC.o
 .text.MCAL_RCC_GetSYS_CLCKFreq
                0x0000000000000000       0x3c stm32_f103c6_driver/stm32_f103c6_driver_RCC.o
 .text.MCAL_RCC_GetHCKFreq
                0x0000000000000000       0x28 stm32_f103c6_driver/stm32_f103c6_driver_RCC.o
 .text.MCAL_RCC_GetPLCK1Freq
                0x0000000000000000       0x28 stm32_f103c6_driver/stm32_f103c6_driver_RCC.o
 .text.MCAL_RCC_GetPLCK2Freq
                0x0000000000000000       0x28 stm32_f103c6_driver/stm32_f103c6_driver_RCC.o
 .debug_info    0x0000000000000000      0xaf4 stm32_f103c6_driver/stm32_f103c6_driver_RCC.o
 .debug_abbrev  0x0000000000000000      0x19b stm32_f103c6_driver/stm32_f103c6_driver_RCC.o
 .debug_loc     0x0000000000000000       0xc8 stm32_f103c6_driver/stm32_f103c6_driver_RCC.o
 .debug_aranges
                0x0000000000000000       0x38 stm32_f103c6_driver/stm32_f103c6_driver_RCC.o
 .debug_ranges  0x0000000000000000       0x28 stm32_f103c6_driver/stm32_f103c6_driver_RCC.o
 .debug_macro   0x0000000000000000      0x17c stm32_f103c6_driver/stm32_f103c6_driver_RCC.o
 .debug_macro   0x0000000000000000      0xa60 stm32_f103c6_driver/stm32_f103c6_driver_RCC.o
 .debug_macro   0x0000000000000000       0x18 stm32_f103c6_driver/stm32_f103c6_driver_RCC.o
 .debug_macro   0x0000000000000000       0x22 stm32_f103c6_driver/stm32_f103c6_driver_RCC.o
 .debug_macro   0x0000000000000000       0x40 stm32_f103c6_driver/stm32_f103c6_driver_RCC.o
 .debug_macro   0x0000000000000000       0x94 stm32_f103c6_driver/stm32_f103c6_driver_RCC.o
 .debug_macro   0x0000000000000000       0x3c stm32_f103c6_driver/stm32_f103c6_driver_RCC.o
 .debug_macro   0x0000000000000000       0x34 stm32_f103c6_driver/stm32_f103c6_driver_RCC.o
 .debug_macro   0x0000000000000000       0x16 stm32_f103c6_driver/stm32_f103c6_driver_RCC.o
 .debug_macro   0x0000000000000000      0x10e stm32_f103c6_driver/stm32_f103c6_driver_RCC.o
 .debug_macro   0x0000000000000000       0x8d stm32_f103c6_driver/stm32_f103c6_driver_RCC.o
 .debug_macro   0x0000000000000000       0x57 stm32_f103c6_driver/stm32_f103c6_driver_RCC.o
 .debug_macro   0x0000000000000000       0x52 stm32_f103c6_driver/stm32_f103c6_driver_RCC.o
 .debug_macro   0x0000000000000000       0x1f stm32_f103c6_driver/stm32_f103c6_driver_RCC.o
 .debug_macro   0x0000000000000000       0x43 stm32_f103c6_driver/stm32_f103c6_driver_RCC.o
 .debug_macro   0x0000000000000000       0x20 stm32_f103c6_driver/stm32_f103c6_driver_RCC.o
 .debug_macro   0x0000000000000000      0x1a3 stm32_f103c6_driver/stm32_f103c6_driver_RCC.o
 .debug_macro   0x0000000000000000      0x330 stm32_f103c6_driver/stm32_f103c6_driver_RCC.o
 .debug_macro   0x0000000000000000       0x16 stm32_f103c6_driver/stm32_f103c6_driver_RCC.o
 .debug_macro   0x0000000000000000       0x29 stm32_f103c6_driver/stm32_f103c6_driver_RCC.o
 .debug_macro   0x0000000000000000       0x16 stm32_f103c6_driver/stm32_f103c6_driver_RCC.o
 .debug_macro   0x0000000000000000       0x35 stm32_f103c6_driver/stm32_f103c6_driver_RCC.o
 .debug_macro   0x0000000000000000       0x20 stm32_f103c6_driver/stm32_f103c6_driver_RCC.o
 .debug_macro   0x0000000000000000       0xef stm32_f103c6_driver/stm32_f103c6_driver_RCC.o
 .debug_macro   0x0000000000000000       0x6a stm32_f103c6_driver/stm32_f103c6_driver_RCC.o
 .debug_macro   0x0000000000000000      0x1df stm32_f103c6_driver/stm32_f103c6_driver_RCC.o
 .debug_macro   0x0000000000000000      0x392 stm32_f103c6_driver/stm32_f103c6_driver_RCC.o
 .debug_macro   0x0000000000000000       0xdc stm32_f103c6_driver/stm32_f103c6_driver_RCC.o
 .debug_macro   0x0000000000000000       0x10 stm32_f103c6_driver/stm32_f103c6_driver_RCC.o
 .debug_line    0x0000000000000000      0x614 stm32_f103c6_driver/stm32_f103c6_driver_RCC.o
 .debug_str     0x0000000000000000     0x8709 stm32_f103c6_driver/stm32_f103c6_driver_RCC.o
 .comment       0x0000000000000000       0x7c stm32_f103c6_driver/stm32_f103c6_driver_RCC.o
 .debug_frame   0x0000000000000000       0x84 stm32_f103c6_driver/stm32_f103c6_driver_RCC.o
 .ARM.attributes
                0x0000000000000000       0x33 stm32_f103c6_driver/stm32_f103c6_driver_RCC.o
 .group         0x0000000000000000        0xc stm32_f103c6_driver/stm32_f103c6_driver_SPI.o
 .group         0x0000000000000000        0xc stm32_f103c6_driver/stm32_f103c6_driver_SPI.o
 .group         0x0000000000000000        0xc stm32_f103c6_driver/stm32_f103c6_driver_SPI.o
 .group         0x0000000000000000        0xc stm32_f103c6_driver/stm32_f103c6_driver_SPI.o
 .group         0x0000000000000000        0xc stm32_f103c6_driver/stm32_f103c6_driver_SPI.o
 .group         0x0000000000000000        0xc stm32_f103c6_driver/stm32_f103c6_driver_SPI.o
 .group         0x0000000000000000        0xc stm32_f103c6_driver/stm32_f103c6_driver_SPI.o
 .group         0x0000000000000000        0xc stm32_f103c6_driver/stm32_f103c6_driver_SPI.o
 .group         0x0000000000000000        0xc stm32_f103c6_driver/stm32_f103c6_driver_SPI.o
 .group         0x0000000000000000        0xc stm32_f103c6_driver/stm32_f103c6_driver_SPI.o
 .group         0x0000000000000000        0xc stm32_f103c6_driver/stm32_f103c6_driver_SPI.o
 .group         0x0000000000000000        0xc stm32_f103c6_driver/stm32_f103c6_driver_SPI.o
 .group         0x0000000000000000        0xc stm32_f103c6_driver/stm32_f103c6_driver_SPI.o
 .group         0x0000000000000000        0xc stm32_f103c6_driver/stm32_f103c6_driver_SPI.o
 .group         0x0000000000000000        0xc stm32_f103c6_driver/stm32_f103c6_driver_SPI.o
 .group         0x0000000000000000        0xc stm32_f103c6_driver/stm32_f103c6_driver_SPI.o
 .group         0x0000000000000000        0xc stm32_f103c6_driver/stm32_f103c6_driver_SPI.o
 .group         0x0000000000000000        0xc stm32_f103c6_driver/stm32_f103c6_driver_SPI.o
 .group         0x0000000000000000        0xc stm32_f103c6_driver/stm32_f103c6_driver_SPI.o
 .group         0x0000000000000000        0xc stm32_f103c6_driver/stm32_f103c6_driver_SPI.o
 .group         0x0000000000000000        0xc stm32_f103c6_driver/stm32_f103c6_driver_SPI.o
 .group         0x0000000000000000        0xc stm32_f103c6_driver/stm32_f103c6_driver_SPI.o
 .group         0x0000000000000000        0xc stm32_f103c6_driver/stm32_f103c6_driver_SPI.o
 .group         0x0000000000000000        0xc stm32_f103c6_driver/stm32_f103c6_driver_SPI.o
 .group         0x0000000000000000        0xc stm32_f103c6_driver/stm32_f103c6_driver_SPI.o
 .group         0x0000000000000000        0xc stm32_f103c6_driver/stm32_f103c6_driver_SPI.o
 .group         0x0000000000000000        0xc stm32_f103c6_driver/stm32_f103c6_driver_SPI.o
 .group         0x0000000000000000        0xc stm32_f103c6_driver/stm32_f103c6_driver_SPI.o
 .group         0x0000000000000000        0xc stm32_f103c6_driver/stm32_f103c6_driver_SPI.o
 .text          0x0000000000000000        0x0 stm32_f103c6_driver/stm32_f103c6_driver_SPI.o
 .data          0x0000000000000000        0x0 stm32_f103c6_driver/stm32_f103c6_driver_SPI.o
 .bss           0x0000000000000000        0x0 stm32_f103c6_driver/stm32_f103c6_driver_SPI.o
 .text.MCAL_SPI_INIT
                0x0000000000000000      0x12c stm32_f103c6_driver/stm32_f103c6_driver_SPI.o
 .text.MCAL_SPI_GPIO_SetPins
                0x0000000000000000      0x268 stm32_f103c6_driver/stm32_f103c6_driver_SPI.o
 .text.MCAL_SPI_SendData
                0x0000000000000000       0x36 stm32_f103c6_driver/stm32_f103c6_driver_SPI.o
 .text.MCAL_SPI_ReceiveData
                0x0000000000000000       0x36 stm32_f103c6_driver/stm32_f103c6_driver_SPI.o
 .text.MCAL_SPI_TX_RX
                0x0000000000000000       0x46 stm32_f103c6_driver/stm32_f103c6_driver_SPI.o
 .text.MCAL_SPI_RESET
                0x0000000000000000       0x64 stm32_f103c6_driver/stm32_f103c6_driver_SPI.o
 .debug_macro   0x0000000000000000      0xa60 stm32_f103c6_driver/stm32_f103c6_driver_SPI.o
 .debug_macro   0x0000000000000000       0x18 stm32_f103c6_driver/stm32_f103c6_driver_SPI.o
 .debug_macro   0x0000000000000000       0x22 stm32_f103c6_driver/stm32_f103c6_driver_SPI.o
 .debug_macro   0x0000000000000000       0x40 stm32_f103c6_driver/stm32_f103c6_driver_SPI.o
 .debug_macro   0x0000000000000000       0x94 stm32_f103c6_driver/stm32_f103c6_driver_SPI.o
 .debug_macro   0x0000000000000000       0x3c stm32_f103c6_driver/stm32_f103c6_driver_SPI.o
 .debug_macro   0x0000000000000000       0x34 stm32_f103c6_driver/stm32_f103c6_driver_SPI.o
 .debug_macro   0x0000000000000000       0x16 stm32_f103c6_driver/stm32_f103c6_driver_SPI.o
 .debug_macro   0x0000000000000000      0x10e stm32_f103c6_driver/stm32_f103c6_driver_SPI.o
 .debug_macro   0x0000000000000000       0x8d stm32_f103c6_driver/stm32_f103c6_driver_SPI.o
 .debug_macro   0x0000000000000000       0x57 stm32_f103c6_driver/stm32_f103c6_driver_SPI.o
 .debug_macro   0x0000000000000000       0x52 stm32_f103c6_driver/stm32_f103c6_driver_SPI.o
 .debug_macro   0x0000000000000000       0x1f stm32_f103c6_driver/stm32_f103c6_driver_SPI.o
 .debug_macro   0x0000000000000000       0x43 stm32_f103c6_driver/stm32_f103c6_driver_SPI.o
 .debug_macro   0x0000000000000000       0x20 stm32_f103c6_driver/stm32_f103c6_driver_SPI.o
 .debug_macro   0x0000000000000000      0x1a3 stm32_f103c6_driver/stm32_f103c6_driver_SPI.o
 .debug_macro   0x0000000000000000      0x330 stm32_f103c6_driver/stm32_f103c6_driver_SPI.o
 .debug_macro   0x0000000000000000       0x16 stm32_f103c6_driver/stm32_f103c6_driver_SPI.o
 .debug_macro   0x0000000000000000       0x29 stm32_f103c6_driver/stm32_f103c6_driver_SPI.o
 .debug_macro   0x0000000000000000       0x16 stm32_f103c6_driver/stm32_f103c6_driver_SPI.o
 .debug_macro   0x0000000000000000       0x35 stm32_f103c6_driver/stm32_f103c6_driver_SPI.o
 .debug_macro   0x0000000000000000       0x20 stm32_f103c6_driver/stm32_f103c6_driver_SPI.o
 .debug_macro   0x0000000000000000       0xef stm32_f103c6_driver/stm32_f103c6_driver_SPI.o
 .debug_macro   0x0000000000000000       0x6a stm32_f103c6_driver/stm32_f103c6_driver_SPI.o
 .debug_macro   0x0000000000000000      0x1df stm32_f103c6_driver/stm32_f103c6_driver_SPI.o
 .debug_macro   0x0000000000000000      0x392 stm32_f103c6_driver/stm32_f103c6_driver_SPI.o
 .debug_macro   0x0000000000000000       0xdc stm32_f103c6_driver/stm32_f103c6_driver_SPI.o
 .group         0x0000000000000000        0xc stm32_f103c6_driver/stm32_f103c6_driver_USART.o
 .group         0x0000000000000000        0xc stm32_f103c6_driver/stm32_f103c6_driver_USART.o
 .group         0x0000000000000000        0xc stm32_f103c6_driver/stm32_f103c6_driver_USART.o
 .group         0x0000000000000000        0xc stm32_f103c6_driver/stm32_f103c6_driver_USART.o
 .group         0x0000000000000000        0xc stm32_f103c6_driver/stm32_f103c6_driver_USART.o
 .group         0x0000000000000000        0xc stm32_f103c6_driver/stm32_f103c6_driver_USART.o
 .group         0x0000000000000000        0xc stm32_f103c6_driver/stm32_f103c6_driver_USART.o
 .group         0x0000000000000000        0xc stm32_f103c6_driver/stm32_f103c6_driver_USART.o
 .group         0x0000000000000000        0xc stm32_f103c6_driver/stm32_f103c6_driver_USART.o
 .group         0x0000000000000000        0xc stm32_f103c6_driver/stm32_f103c6_driver_USART.o
 .group         0x0000000000000000        0xc stm32_f103c6_driver/stm32_f103c6_driver_USART.o
 .group         0x0000000000000000        0xc stm32_f103c6_driver/stm32_f103c6_driver_USART.o
 .group         0x0000000000000000        0xc stm32_f103c6_driver/stm32_f103c6_driver_USART.o
 .group         0x0000000000000000        0xc stm32_f103c6_driver/stm32_f103c6_driver_USART.o
 .group         0x0000000000000000        0xc stm32_f103c6_driver/stm32_f103c6_driver_USART.o
 .group         0x0000000000000000        0xc stm32_f103c6_driver/stm32_f103c6_driver_USART.o
 .group         0x0000000000000000        0xc stm32_f103c6_driver/stm32_f103c6_driver_USART.o
 .group         0x0000000000000000        0xc stm32_f103c6_driver/stm32_f103c6_driver_USART.o
 .group         0x0000000000000000        0xc stm32_f103c6_driver/stm32_f103c6_driver_USART.o
 .group         0x0000000000000000        0xc stm32_f103c6_driver/stm32_f103c6_driver_USART.o
 .group         0x0000000000000000        0xc stm32_f103c6_driver/stm32_f103c6_driver_USART.o
 .group         0x0000000000000000        0xc stm32_f103c6_driver/stm32_f103c6_driver_USART.o
 .group         0x0000000000000000        0xc stm32_f103c6_driver/stm32_f103c6_driver_USART.o
 .group         0x0000000000000000        0xc stm32_f103c6_driver/stm32_f103c6_driver_USART.o
 .group         0x0000000000000000        0xc stm32_f103c6_driver/stm32_f103c6_driver_USART.o
 .group         0x0000000000000000        0xc stm32_f103c6_driver/stm32_f103c6_driver_USART.o
 .group         0x0000000000000000        0xc stm32_f103c6_driver/stm32_f103c6_driver_USART.o
 .group         0x0000000000000000        0xc stm32_f103c6_driver/stm32_f103c6_driver_USART.o
 .group         0x0000000000000000        0xc stm32_f103c6_driver/stm32_f103c6_driver_USART.o
 .text          0x0000000000000000        0x0 stm32_f103c6_driver/stm32_f103c6_driver_USART.o
 .data          0x0000000000000000        0x0 stm32_f103c6_driver/stm32_f103c6_driver_USART.o
 .bss           0x0000000000000000        0x0 stm32_f103c6_driver/stm32_f103c6_driver_USART.o
 .text.MCAL_UART_Init
                0x0000000000000000      0x184 stm32_f103c6_driver/stm32_f103c6_driver_USART.o
 .text.MCAL_UART_Deinit
                0x0000000000000000       0x8c stm32_f103c6_driver/stm32_f103c6_driver_USART.o
 .text.MCAL_UART_SendData
                0x0000000000000000       0x36 stm32_f103c6_driver/stm32_f103c6_driver_USART.o
 .text.MCAL_UART_WAIT_TC
                0x0000000000000000       0x20 stm32_f103c6_driver/stm32_f103c6_driver_USART.o
 .text.MCAL_UART_ReceiveData
                0x0000000000000000       0x5c stm32_f103c6_driver/stm32_f103c6_driver_USART.o
 .text.MCAL_UART_GPIO_Sett_Pins
                0x0000000000000000       0xc8 stm32_f103c6_driver/stm32_f103c6_driver_USART.o
 .debug_macro   0x0000000000000000      0xa60 stm32_f103c6_driver/stm32_f103c6_driver_USART.o
 .debug_macro   0x0000000000000000       0x18 stm32_f103c6_driver/stm32_f103c6_driver_USART.o
 .debug_macro   0x0000000000000000       0x22 stm32_f103c6_driver/stm32_f103c6_driver_USART.o
 .debug_macro   0x0000000000000000       0x40 stm32_f103c6_driver/stm32_f103c6_driver_USART.o
 .debug_macro   0x0000000000000000       0x94 stm32_f103c6_driver/stm32_f103c6_driver_USART.o
 .debug_macro   0x0000000000000000       0x3c stm32_f103c6_driver/stm32_f103c6_driver_USART.o
 .debug_macro   0x0000000000000000       0x34 stm32_f103c6_driver/stm32_f103c6_driver_USART.o
 .debug_macro   0x0000000000000000       0x16 stm32_f103c6_driver/stm32_f103c6_driver_USART.o
 .debug_macro   0x0000000000000000      0x10e stm32_f103c6_driver/stm32_f103c6_driver_USART.o
 .debug_macro   0x0000000000000000       0x8d stm32_f103c6_driver/stm32_f103c6_driver_USART.o
 .debug_macro   0x0000000000000000       0x57 stm32_f103c6_driver/stm32_f103c6_driver_USART.o
 .debug_macro   0x0000000000000000       0x52 stm32_f103c6_driver/stm32_f103c6_driver_USART.o
 .debug_macro   0x0000000000000000       0x1f stm32_f103c6_driver/stm32_f103c6_driver_USART.o
 .debug_macro   0x0000000000000000       0x43 stm32_f103c6_driver/stm32_f103c6_driver_USART.o
 .debug_macro   0x0000000000000000       0x20 stm32_f103c6_driver/stm32_f103c6_driver_USART.o
 .debug_macro   0x0000000000000000      0x1a3 stm32_f103c6_driver/stm32_f103c6_driver_USART.o
 .debug_macro   0x0000000000000000      0x330 stm32_f103c6_driver/stm32_f103c6_driver_USART.o
 .debug_macro   0x0000000000000000       0x16 stm32_f103c6_driver/stm32_f103c6_driver_USART.o
 .debug_macro   0x0000000000000000       0x29 stm32_f103c6_driver/stm32_f103c6_driver_USART.o
 .debug_macro   0x0000000000000000       0x16 stm32_f103c6_driver/stm32_f103c6_driver_USART.o
 .debug_macro   0x0000000000000000       0x35 stm32_f103c6_driver/stm32_f103c6_driver_USART.o
 .debug_macro   0x0000000000000000       0x20 stm32_f103c6_driver/stm32_f103c6_driver_USART.o
 .debug_macro   0x0000000000000000       0xef stm32_f103c6_driver/stm32_f103c6_driver_USART.o
 .debug_macro   0x0000000000000000       0x6a stm32_f103c6_driver/stm32_f103c6_driver_USART.o
 .debug_macro   0x0000000000000000      0x1df stm32_f103c6_driver/stm32_f103c6_driver_USART.o
 .debug_macro   0x0000000000000000      0x392 stm32_f103c6_driver/stm32_f103c6_driver_USART.o
 .debug_macro   0x0000000000000000       0xdc stm32_f103c6_driver/stm32_f103c6_driver_USART.o
 .debug_macro   0x0000000000000000       0x16 stm32_f103c6_driver/stm32_f103c6_driver_USART.o
 .text          0x0000000000000000        0x0 c:/st/stm32cubeide_1.4.0/stm32cubeide/plugins/com.st.stm32cube.ide.mcu.externaltools.gnu-tools-for-stm32.7-2018-q2-update.win32_1.4.0.202007081208/tools/bin/../lib/gcc/arm-none-eabi/7.3.1/../../../../arm-none-eabi/lib/thumb/v7-m\libc_nano.a(lib_a-errno.o)
 .data          0x0000000000000000        0x0 c:/st/stm32cubeide_1.4.0/stm32cubeide/plugins/com.st.stm32cube.ide.mcu.externaltools.gnu-tools-for-stm32.7-2018-q2-update.win32_1.4.0.202007081208/tools/bin/../lib/gcc/arm-none-eabi/7.3.1/../../../../arm-none-eabi/lib/thumb/v7-m\libc_nano.a(lib_a-errno.o)
 .bss           0x0000000000000000        0x0 c:/st/stm32cubeide_1.4.0/stm32cubeide/plugins/com.st.stm32cube.ide.mcu.externaltools.gnu-tools-for-stm32.7-2018-q2-update.win32_1.4.0.202007081208/tools/bin/../lib/gcc/arm-none-eabi/7.3.1/../../../../arm-none-eabi/lib/thumb/v7-m\libc_nano.a(lib_a-errno.o)
 .text.__errno  0x0000000000000000        0xc c:/st/stm32cubeide_1.4.0/stm32cubeide/plugins/com.st.stm32cube.ide.mcu.externaltools.gnu-tools-for-stm32.7-2018-q2-update.win32_1.4.0.202007081208/tools/bin/../lib/gcc/arm-none-eabi/7.3.1/../../../../arm-none-eabi/lib/thumb/v7-m\libc_nano.a(lib_a-errno.o)
 .debug_frame   0x0000000000000000       0x20 c:/st/stm32cubeide_1.4.0/stm32cubeide/plugins/com.st.stm32cube.ide.mcu.externaltools.gnu-tools-for-stm32.7-2018-q2-update.win32_1.4.0.202007081208/tools/bin/../lib/gcc/arm-none-eabi/7.3.1/../../../../arm-none-eabi/lib/thumb/v7-m\libc_nano.a(lib_a-errno.o)
 .ARM.attributes
                0x0000000000000000       0x2d c:/st/stm32cubeide_1.4.0/stm32cubeide/plugins/com.st.stm32cube.ide.mcu.externaltools.gnu-tools-for-stm32.7-2018-q2-update.win32_1.4.0.202007081208/tools/bin/../lib/gcc/arm-none-eabi/7.3.1/../../../../arm-none-eabi/lib/thumb/v7-m\libc_nano.a(lib_a-errno.o)
 .text          0x0000000000000000        0x0 c:/st/stm32cubeide_1.4.0/stm32cubeide/plugins/com.st.stm32cube.ide.mcu.externaltools.gnu-tools-for-stm32.7-2018-q2-update.win32_1.4.0.202007081208/tools/bin/../lib/gcc/arm-none-eabi/7.3.1/../../../../arm-none-eabi/lib/thumb/v7-m\libc_nano.a(lib_a-exit.o)
 .data          0x0000000000000000        0x0 c:/st/stm32cubeide_1.4.0/stm32cubeide/plugins/com.st.stm32cube.ide.mcu.externaltools.gnu-tools-for-stm32.7-2018-q2-update.win32_1.4.0.202007081208/tools/bin/../lib/gcc/arm-none-eabi/7.3.1/../../../../arm-none-eabi/lib/thumb/v7-m\libc_nano.a(lib_a-exit.o)
 .bss           0x0000000000000000        0x0 c:/st/stm32cubeide_1.4.0/stm32cubeide/plugins/com.st.stm32cube.ide.mcu.externaltools.gnu-tools-for-stm32.7-2018-q2-update.win32_1.4.0.202007081208/tools/bin/../lib/gcc/arm-none-eabi/7.3.1/../../../../arm-none-eabi/lib/thumb/v7-m\libc_nano.a(lib_a-exit.o)
 .text.exit     0x0000000000000000       0x28 c:/st/stm32cubeide_1.4.0/stm32cubeide/plugins/com.st.stm32cube.ide.mcu.externaltools.gnu-tools-for-stm32.7-2018-q2-update.win32_1.4.0.202007081208/tools/bin/../lib/gcc/arm-none-eabi/7.3.1/../../../../arm-none-eabi/lib/thumb/v7-m\libc_nano.a(lib_a-exit.o)
 .debug_frame   0x0000000000000000       0x28 c:/st/stm32cubeide_1.4.0/stm32cubeide/plugins/com.st.stm32cube.ide.mcu.externaltools.gnu-tools-for-stm32.7-2018-q2-update.win32_1.4.0.202007081208/tools/bin/../lib/gcc/arm-none-eabi/7.3.1/../../../../arm-none-eabi/lib/thumb/v7-m\libc_nano.a(lib_a-exit.o)
 .ARM.attributes
                0x0000000000000000       0x2d c:/st/stm32cubeide_1.4.0/stm32cubeide/plugins/com.st.stm32cube.ide.mcu.externaltools.gnu-tools-for-stm32.7-2018-q2-update.win32_1.4.0.202007081208/tools/bin/../lib/gcc/arm-none-eabi/7.3.1/../../../../arm-none-eabi/lib/thumb/v7-m\libc_nano.a(lib_a-exit.o)
 .text          0x0000000000000000        0x0 c:/st/stm32cubeide_1.4.0/stm32cubeide/plugins/com.st.stm32cube.ide.mcu.externaltools.gnu-tools-for-stm32.7-2018-q2-update.win32_1.4.0.202007081208/tools/bin/../lib/gcc/arm-none-eabi/7.3.1/../../../../arm-none-eabi/lib/thumb/v7-m\libc_nano.a(lib_a-impure.o)
 .data          0x0000000000000000        0x0 c:/st/stm32cubeide_1.4.0/stm32cubeide/plugins/com.st.stm32cube.ide.mcu.externaltools.gnu-tools-for-stm32.7-2018-q2-update.win32_1.4.0.202007081208/tools/bin/../lib/gcc/arm-none-eabi/7.3.1/../../../../arm-none-eabi/lib/thumb/v7-m\libc_nano.a(lib_a-impure.o)
 .bss           0x0000000000000000        0x0 c:/st/stm32cubeide_1.4.0/stm32cubeide/plugins/com.st.stm32cube.ide.mcu.externaltools.gnu-tools-for-stm32.7-2018-q2-update.win32_1.4.0.202007081208/tools/bin/../lib/gcc/arm-none-eabi/7.3.1/../../../../arm-none-eabi/lib/thumb/v7-m\libc_nano.a(lib_a-impure.o)
 .data._impure_ptr
                0x0000000000000000        0x4 c:/st/stm32cubeide_1.4.0/stm32cubeide/plugins/com.st.stm32cube.ide.mcu.externaltools.gnu-tools-for-stm32.7-2018-q2-update.win32_1.4.0.202007081208/tools/bin/../lib/gcc/arm-none-eabi/7.3.1/../../../../arm-none-eabi/lib/thumb/v7-m\libc_nano.a(lib_a-impure.o)
 .data.impure_data
                0x0000000000000000       0x60 c:/st/stm32cubeide_1.4.0/stm32cubeide/plugins/com.st.stm32cube.ide.mcu.externaltools.gnu-tools-for-stm32.7-2018-q2-update.win32_1.4.0.202007081208/tools/bin/../lib/gcc/arm-none-eabi/7.3.1/../../../../arm-none-eabi/lib/thumb/v7-m\libc_nano.a(lib_a-impure.o)
 .rodata._global_impure_ptr
                0x0000000000000000        0x4 c:/st/stm32cubeide_1.4.0/stm32cubeide/plugins/com.st.stm32cube.ide.mcu.externaltools.gnu-tools-for-stm32.7-2018-q2-update.win32_1.4.0.202007081208/tools/bin/../lib/gcc/arm-none-eabi/7.3.1/../../../../arm-none-eabi/lib/thumb/v7-m\libc_nano.a(lib_a-impure.o)
 .ARM.attributes
                0x0000000000000000       0x2d c:/st/stm32cubeide_1.4.0/stm32cubeide/plugins/com.st.stm32cube.ide.mcu.externaltools.gnu-tools-for-stm32.7-2018-q2-update.win32_1.4.0.202007081208/tools/bin/../lib/gcc/arm-none-eabi/7.3.1/../../../../arm-none-eabi/lib/thumb/v7-m\libc_nano.a(lib_a-impure.o)
 .text          0x0000000000000000        0x0 c:/st/stm32cubeide_1.4.0/stm32cubeide/plugins/com.st.stm32cube.ide.mcu.externaltools.gnu-tools-for-stm32.7-2018-q2-update.win32_1.4.0.202007081208/tools/bin/../lib/gcc/arm-none-eabi/7.3.1/../../../../arm-none-eabi/lib/thumb/v7-m\libc_nano.a(lib_a-init.o)
 .data          0x0000000000000000        0x0 c:/st/stm32cubeide_1.4.0/stm32cubeide/plugins/com.st.stm32cube.ide.mcu.externaltools.gnu-tools-for-stm32.7-2018-q2-update.win32_1.4.0.202007081208/tools/bin/../lib/gcc/arm-none-eabi/7.3.1/../../../../arm-none-eabi/lib/thumb/v7-m\libc_nano.a(lib_a-init.o)
 .bss           0x0000000000000000        0x0 c:/st/stm32cubeide_1.4.0/stm32cubeide/plugins/com.st.stm32cube.ide.mcu.externaltools.gnu-tools-for-stm32.7-2018-q2-update.win32_1.4.0.202007081208/tools/bin/../lib/gcc/arm-none-eabi/7.3.1/../../../../arm-none-eabi/lib/thumb/v7-m\libc_nano.a(lib_a-init.o)
 .text          0x0000000000000000        0x0 c:/st/stm32cubeide_1.4.0/stm32cubeide/plugins/com.st.stm32cube.ide.mcu.externaltools.gnu-tools-for-stm32.7-2018-q2-update.win32_1.4.0.202007081208/tools/bin/../lib/gcc/arm-none-eabi/7.3.1/../../../../arm-none-eabi/lib/thumb/v7-m\libc_nano.a(lib_a-memset.o)
 .data          0x0000000000000000        0x0 c:/st/stm32cubeide_1.4.0/stm32cubeide/plugins/com.st.stm32cube.ide.mcu.externaltools.gnu-tools-for-stm32.7-2018-q2-update.win32_1.4.0.202007081208/tools/bin/../lib/gcc/arm-none-eabi/7.3.1/../../../../arm-none-eabi/lib/thumb/v7-m\libc_nano.a(lib_a-memset.o)
 .bss           0x0000000000000000        0x0 c:/st/stm32cubeide_1.4.0/stm32cubeide/plugins/com.st.stm32cube.ide.mcu.externaltools.gnu-tools-for-stm32.7-2018-q2-update.win32_1.4.0.202007081208/tools/bin/../lib/gcc/arm-none-eabi/7.3.1/../../../../arm-none-eabi/lib/thumb/v7-m\libc_nano.a(lib_a-memset.o)
 .text.memset   0x0000000000000000       0x10 c:/st/stm32cubeide_1.4.0/stm32cubeide/plugins/com.st.stm32cube.ide.mcu.externaltools.gnu-tools-for-stm32.7-2018-q2-update.win32_1.4.0.202007081208/tools/bin/../lib/gcc/arm-none-eabi/7.3.1/../../../../arm-none-eabi/lib/thumb/v7-m\libc_nano.a(lib_a-memset.o)
 .debug_frame   0x0000000000000000       0x20 c:/st/stm32cubeide_1.4.0/stm32cubeide/plugins/com.st.stm32cube.ide.mcu.externaltools.gnu-tools-for-stm32.7-2018-q2-update.win32_1.4.0.202007081208/tools/bin/../lib/gcc/arm-none-eabi/7.3.1/../../../../arm-none-eabi/lib/thumb/v7-m\libc_nano.a(lib_a-memset.o)
 .ARM.attributes
                0x0000000000000000       0x2d c:/st/stm32cubeide_1.4.0/stm32cubeide/plugins/com.st.stm32cube.ide.mcu.externaltools.gnu-tools-for-stm32.7-2018-q2-update.win32_1.4.0.202007081208/tools/bin/../lib/gcc/arm-none-eabi/7.3.1/../../../../arm-none-eabi/lib/thumb/v7-m\libc_nano.a(lib_a-memset.o)
 .text          0x0000000000000000        0x0 c:/st/stm32cubeide_1.4.0/stm32cubeide/plugins/com.st.stm32cube.ide.mcu.externaltools.gnu-tools-for-stm32.7-2018-q2-update.win32_1.4.0.202007081208/tools/bin/../lib/gcc/arm-none-eabi/7.3.1/thumb/v7-m/crtend.o
 .data          0x0000000000000000        0x0 c:/st/stm32cubeide_1.4.0/stm32cubeide/plugins/com.st.stm32cube.ide.mcu.externaltools.gnu-tools-for-stm32.7-2018-q2-update.win32_1.4.0.202007081208/tools/bin/../lib/gcc/arm-none-eabi/7.3.1/thumb/v7-m/crtend.o
 .bss           0x0000000000000000        0x0 c:/st/stm32cubeide_1.4.0/stm32cubeide/plugins/com.st.stm32cube.ide.mcu.externaltools.gnu-tools-for-stm32.7-2018-q2-update.win32_1.4.0.202007081208/tools/bin/../lib/gcc/arm-none-eabi/7.3.1/thumb/v7-m/crtend.o
 .eh_frame      0x0000000000000000        0x4 c:/st/stm32cubeide_1.4.0/stm32cubeide/plugins/com.st.stm32cube.ide.mcu.externaltools.gnu-tools-for-stm32.7-2018-q2-update.win32_1.4.0.202007081208/tools/bin/../lib/gcc/arm-none-eabi/7.3.1/thumb/v7-m/crtend.o
 .ARM.attributes
                0x0000000000000000       0x2d c:/st/stm32cubeide_1.4.0/stm32cubeide/plugins/com.st.stm32cube.ide.mcu.externaltools.gnu-tools-for-stm32.7-2018-q2-update.win32_1.4.0.202007081208/tools/bin/../lib/gcc/arm-none-eabi/7.3.1/thumb/v7-m/crtend.o
 .text          0x0000000000000000        0x0 c:/st/stm32cubeide_1.4.0/stm32cubeide/plugins/com.st.stm32cube.ide.mcu.externaltools.gnu-tools-for-stm32.7-2018-q2-update.win32_1.4.0.202007081208/tools/bin/../lib/gcc/arm-none-eabi/7.3.1/thumb/v7-m/crtn.o
 .data          0x0000000000000000        0x0 c:/st/stm32cubeide_1.4.0/stm32cubeide/plugins/com.st.stm32cube.ide.mcu.externaltools.gnu-tools-for-stm32.7-2018-q2-update.win32_1.4.0.202007081208/tools/bin/../lib/gcc/arm-none-eabi/7.3.1/thumb/v7-m/crtn.o
 .bss           0x0000000000000000        0x0 c:/st/stm32cubeide_1.4.0/stm32cubeide/plugins/com.st.stm32cube.ide.mcu.externaltools.gnu-tools-for-stm32.7-2018-q2-update.win32_1.4.0.202007081208/tools/bin/../lib/gcc/arm-none-eabi/7.3.1/thumb/v7-m/crtn.o

Memory Configuration

Name             Origin             Length             Attributes
RAM              0x0000000020000000 0x0000000000002800 xrw
ROM              0x0000000008000000 0x0000000000008000 xr
*default*        0x0000000000000000 0xffffffffffffffff

Linker script and memory map

LOAD c:/st/stm32cubeide_1.4.0/stm32cubeide/plugins/com.st.stm32cube.ide.mcu.externaltools.gnu-tools-for-stm32.7-2018-q2-update.win32_1.4.0.202007081208/tools/bin/../lib/gcc/arm-none-eabi/7.3.1/thumb/v7-m/crti.o
LOAD c:/st/stm32cubeide_1.4.0/stm32cubeide/plugins/com.st.stm32cube.ide.mcu.externaltools.gnu-tools-for-stm32.7-2018-q2-update.win32_1.4.0.202007081208/tools/bin/../lib/gcc/arm-none-eabi/7.3.1/thumb/v7-m/crtbegin.o
LOAD c:/st/stm32cubeide_1.4.0/stm32cubeide/plugins/com.st.stm32cube.ide.mcu.externaltools.gnu-tools-for-stm32.7-2018-q2-update.win32_1.4.0.202007081208/tools/bin/../lib/gcc/arm-none-eabi/7.3.1/../../../../arm-none-eabi/lib/thumb/v7-m/crt0.o
LOAD Src/main.o
LOAD Src/syscalls.o
LOAD Src/sysmem.o
LOAD Startup/startup_stm32f103c6tx.o
LOAD stm32_f103c6_driver/stm32_f103c6_driver_EXTI.o
LOAD stm32_f103c6_driver/stm32_f103c6_driver_GPIO.o
LOAD stm32_f103c6_driver/stm32_f103c6_driver_RCC.o
LOAD stm32_f103c6_driver/stm32_f103c6_driver_SPI.o
LOAD stm32_f103c6_driver/stm32_f103c6_driver_USART.o
START GROUP
LOAD c:/st/stm32cubeide_1.4.0/stm32cubeide/plugins/com.st.stm32cube.ide.mcu.externaltools.gnu-tools-for-stm32.7-2018-q2-update.win32_1.4.0.202007081208/tools/bin/../lib/gcc/arm-none-eabi/7.3.1/../../../../arm-none-eabi/lib/thumb/v7-m\libc_nano.a
LOAD c:/st/stm32cubeide_1.4.0/stm32cubeide/plugins/com.st.stm32cube.ide.mcu.externaltools.gnu-tools-for-stm32.7-2018-q2-update.win32_1.4.0.202007081208/tools/bin/../lib/gcc/arm-none-eabi/7.3.1/../../../../arm-none-eabi/lib/thumb/v7-m\libm.a
END GROUP
START GROUP
LOAD c:/st/stm32cubeide_1.4.0/stm32cubeide/plugins/com.st.stm32cube.ide.mcu.externaltools.gnu-tools-for-stm32.7-2018-q2-update.win32_1.4.0.202007081208/tools/bin/../lib/gcc/arm-none-eabi/7.3.1/thumb/v7-m\libgcc.a
LOAD c:/st/stm32cubeide_1.4.0/stm32cubeide/plugins/com.st.stm32cube.ide.mcu.externaltools.gnu-tools-for-stm32.7-2018-q2-update.win32_1.4.0.202007081208/tools/bin/../lib/gcc/arm-none-eabi/7.3.1/../../../../arm-none-eabi/lib/thumb/v7-m\libg_nano.a
LOAD c:/st/stm32cubeide_1.4.0/stm32cubeide/plugins/com.st.stm32cube.ide.mcu.externaltools.gnu-tools-for-stm32.7-2018-q2-update.win32_1.4.0.202007081208/tools/bin/../lib/gcc/arm-none-eabi/7.3.1/../../../../arm-none-eabi/lib/thumb/v7-m\libc_nano.a
END GROUP
START GROUP
LOAD c:/st/stm32cubeide_1.4.0/stm32cubeide/plugins/com.st.stm32cube.ide.mcu.externaltools.gnu-tools-for-stm32.7-2018-q2-update.win32_1.4.0.202007081208/tools/bin/../lib/gcc/arm-none-eabi/7.3.1/thumb/v7-m\libgcc.a
LOAD c:/st/stm32cubeide_1.4.0/stm32cubeide/plugins/com.st.stm32cube.ide.mcu.externaltools.gnu-tools-for-stm32.7-2018-q2-update.win32_1.4.0.202007081208/tools/bin/../lib/gcc/arm-none-eabi/7.3.1/../../../../arm-none-eabi/lib/thumb/v7-m\libc_nano.a
LOAD c:/st/stm32cubeide_1.4.0/stm32cubeide/plugins/com.st.stm32cube.ide.mcu.externaltools.gnu-tools-for-stm32.7-2018-q2-update.win32_1.4.0.202007081208/tools/bin/../lib/gcc/arm-none-eabi/7.3.1/../../../../arm-none-eabi/lib/thumb/v7-m\libnosys.a
END GROUP
START GROUP
LOAD c:/st/stm32cubeide_1.4.0/stm32cubeide/plugins/com.st.stm32cube.ide.mcu.externaltools.gnu-tools-for-stm32.7-2018-q2-update.win32_1.4.0.202007081208/tools/bin/../lib/gcc/arm-none-eabi/7.3.1/thumb/v7-m\libgcc.a
LOAD c:/st/stm32cubeide_1.4.0/stm32cubeide/plugins/com.st.stm32cube.ide.mcu.externaltools.gnu-tools-for-stm32.7-2018-q2-update.win32_1.4.0.202007081208/tools/bin/../lib/gcc/arm-none-eabi/7.3.1/../../../../arm-none-eabi/lib/thumb/v7-m\libc_nano.a
LOAD c:/st/stm32cubeide_1.4.0/stm32cubeide/plugins/com.st.stm32cube.ide.mcu.externaltools.gnu-tools-for-stm32.7-2018-q2-update.win32_1.4.0.202007081208/tools/bin/../lib/gcc/arm-none-eabi/7.3.1/../../../../arm-none-eabi/lib/thumb/v7-m\libnosys.a
END GROUP
LOAD c:/st/stm32cubeide_1.4.0/stm32cubeide/plugins/com.st.stm32cube.ide.mcu.externaltools.gnu-tools-for-stm32.7-2018-q2-update.win32_1.4.0.202007081208/tools/bin/../lib/gcc/arm-none-eabi/7.3.1/thumb/v7-m/crtend.o
LOAD c:/st/stm32cubeide_1.4.0/stm32cubeide/plugins/com.st.stm32cube.ide.mcu.externaltools.gnu-tools-for-stm32.7-2018-q2-update.win32_1.4.0.202007081208/tools/bin/../lib/gcc/arm-none-eabi/7.3.1/thumb/v7-m/crtn.o
                0x0000000020002800                _estack = (ORIGIN (RAM) + LENGTH (RAM))
                0x0000000000000200                _Min_Heap_Size = 0x200
                0x0000000000000400                _Min_Stack_Size = 0x400

.isr_vector     0x0000000008000000      0x130
                0x0000000008000000                . = ALIGN (0x4)
 *(.isr_vector)
 .isr_vector    0x0000000008000000      0x130 Startup/startup_stm32f103c6tx.o
                0x0000000008000000                g_pfnVectors
                0x0000000008000130                . = ALIGN (0x4)

.text           0x0000000008000130      0x410
                0x0000000008000130                . = ALIGN (0x4)
 *(.text)
 .text          0x0000000008000130       0x40 c:/st/stm32cubeide_1.4.0/stm32cubeide/plugins/com.st.stm32cube.ide.mcu.externaltools.gnu-tools-for-stm32.7-2018-q2-update.win32_1.4.0.202007081208/tools/bin/../lib/gcc/arm-none-eabi/7.3.1/thumb/v7-m/crtbegin.o
 *(.text*)
 .text.main     0x0000000008000170        0x6 Src/main.o
                0x0000000008000170                main
 *fill*         0x0000000008000176        0x2 
 .text.Reset_Handler
                0x0000000008000178       0x50 Startup/startup_stm32f103c6tx.o
                0x0000000008000178                Reset_Handler
 .text.Default_Handler
                0x00000000080001c8        0x2 Startup/startup_stm32f103c6tx.o
                0x00000000080001c8                TIM8_TRG_COM_IRQHandler
                0x00000000080001c8                TIM8_CC_IRQHandler
                0x00000000080001c8                DebugMon_Handler
                0x00000000080001c8                TIM1_CC_IRQHandler
                0x00000000080001c8                HardFault_Handler
                0x00000000080001c8                TIM6_IRQHandler
                0x00000000080001c8                SysTick_Handler
                0x00000000080001c8                PVD_IRQHandler
                0x00000000080001c8                SDIO_IRQHandler
                0x00000000080001c8                PendSV_Handler
                0x00000000080001c8                NMI_Handler
                0x00000000080001c8                USB_HP_CAN_TX_IRQHandler
                0x00000000080001c8                I2C2_EV_IRQHandler
                0x00000000080001c8                UsageFault_Handler
                0x00000000080001c8                ADC1_2_IRQHandler
                0x00000000080001c8                CAN_SCE_IRQHandler
                0x00000000080001c8                TAMPER_IRQHandler
                0x00000000080001c8                TIM8_UP_IRQHandler
                0x00000000080001c8                DMA2_Channel2_IRQHandler
                0x00000000080001c8                DMA1_Channel4_IRQHandler
                0x00000000080001c8                RTC_IRQHandler
                0x00000000080001c8                DMA1_Channel7_IRQHandler
                0x00000000080001c8                UART5_IRQHandler
                0x00000000080001c8                ADC3_IRQHandler
                0x00000000080001c8                TIM4_IRQHandler
                0x00000000080001c8                CAN_RX1_IRQHandler
                0x00000000080001c8                DMA2_Channel1_IRQHandler
                0x00000000080001c8                I2C1_EV_IRQHandler
                0x00000000080001c8                DMA1_Channel6_IRQHandler
                0x00000000080001c8                UART4_IRQHandler
                0x00000000080001c8                TIM3_IRQHandler
                0x00000000080001c8                RCC_IRQHandler
                0x00000000080001c8                TIM1_TRG_COM_IRQHandler
                0x00000000080001c8                DMA1_Channel1_IRQHandler
                0x00000000080001c8                Default_Handler
                0x00000000080001c8                TIM7_IRQHandler
                0x00000000080001c8                TIM5_IRQHandler
                0x00000000080001c8                USB_LP_CAN_RX0_IRQHandler
                0x00000000080001c8                MemManage_Handler
                0x00000000080001c8                SVC_Handler
                0x00000000080001c8                DMA1_Channel5_IRQHandler
                0x00000000080001c8                DMA1_Channel3_IRQHandler
                0x00000000080001c8                FSMC_IRQHandler
                0x00000000080001c8                TIM1_UP_IRQHandler
                0x00000000080001c8                WWDG_IRQHandler
                0x00000000080001c8                TIM2_IRQHandler
                0x00000000080001c8                TIM1_BRK_IRQHandler
                0x00000000080001c8                RTCAlarm_IRQHandler
                0x00000000080001c8                DMA2_Channel4_5_IRQHandler
                0x00000000080001c8                I2C2_ER_IRQHandler
                0x00000000080001c8                DMA1_Channel2_IRQHandler
                0x00000000080001c8                TIM8_BRK_IRQHandler
                0x00000000080001c8                FLASH_IRQHandler
                0x00000000080001c8                BusFault_Handler
                0x00000000080001c8                SPI3_IRQHandler
                0x00000000080001c8                I2C1_ER_IRQHandler
                0x00000000080001c8                DMA2_Channel3_IRQHandler
 *fill*         0x00000000080001ca        0x2 
 .text.EXTI0_IRQHandler
                0x00000000080001cc       0x24 stm32_f103c6_driver/stm32_f103c6_driver_EXTI.o
                0x00000000080001cc                EXTI0_IRQHandler
 .text.EXTI1_IRQHandler
                0x00000000080001f0       0x24 stm32_f103c6_driver/stm32_f103c6_driver_EXTI.o
                0x00000000080001f0                EXTI1_IRQHandler
 .text.EXTI2_IRQHandler
                0x0000000008000214       0x24 stm32_f103c6_driver/stm32_f103c6_driver_EXTI.o
                0x0000000008000214                EXTI2_IRQHandler
 .text.EXTI3_IRQHandler
                0x0000000008000238       0x24 stm32_f103c6_driver/stm32_f103c6_driver_EXTI.o
                0x0000000008000238                EXTI3_IRQHandler
 .text.EXTI4_IRQHandler
                0x000000000800025c       0x24 stm32_f103c6_driver/stm32_f103c6_driver_EXTI.o
                0x000000000800025c                EXTI4_IRQHandler
 .text.EXTI9_5_IRQHandler
                0x0000000008000280       0xa8 stm32_f103c6_driver/stm32_f103c6_driver_EXTI.o
                0x0000000008000280                EXTI9_5_IRQHandler
 .text.EXTI15_10_IRQHandler
                0x0000000008000328       0xc4 stm32_f103c6_driver/stm32_f103c6_driver_EXTI.o
                0x0000000008000328                EXTI15_10_IRQHandler
 .text.SPI1_IRQHandler
                0x00000000080003ec       0x5c stm32_f103c6_driver/stm32_f103c6_driver_SPI.o
                0x00000000080003ec                SPI1_IRQHandler
 .text.SPI2_IRQHandler
                0x0000000008000448       0x5c stm32_f103c6_driver/stm32_f103c6_driver_SPI.o
                0x0000000008000448                SPI2_IRQHandler
 .text.USART1_IRQHandler
                0x00000000080004a4       0x14 stm32_f103c6_driver/stm32_f103c6_driver_USART.o
                0x00000000080004a4                USART1_IRQHandler
 .text.USART2_IRQHandler
                0x00000000080004b8       0x14 stm32_f103c6_driver/stm32_f103c6_driver_USART.o
                0x00000000080004b8                USART2_IRQHandler
 .text.USART3_IRQHandler
                0x00000000080004cc       0x14 stm32_f103c6_driver/stm32_f103c6_driver_USART.o
                0x00000000080004cc                USART3_IRQHandler
 .text.__libc_init_array
                0x00000000080004e0       0x48 c:/st/stm32cubeide_1.4.0/stm32cubeide/plugins/com.st.stm32cube.ide.mcu.externaltools.gnu-tools-for-stm32.7-2018-q2-update.win32_1.4.0.202007081208/tools/bin/../lib/gcc/arm-none-eabi/7.3.1/../../../../arm-none-eabi/lib/thumb/v7-m\libc_nano.a(lib_a-init.o)
                0x00000000080004e0                __libc_init_array
 *(.glue_7)
 .glue_7        0x0000000008000528        0x0 linker stubs
 *(.glue_7t)
 .glue_7t       0x0000000008000528        0x0 linker stubs
 *(.eh_frame)
 .eh_frame      0x0000000008000528        0x0 c:/st/stm32cubeide_1.4.0/stm32cubeide/plugins/com.st.stm32cube.ide.mcu.externaltools.gnu-tools-for-stm32.7-2018-q2-update.win32_1.4.0.202007081208/tools/bin/../lib/gcc/arm-none-eabi/7.3.1/thumb/v7-m/crtbegin.o
 *(.init)
 .init          0x0000000008000528        0x4 c:/st/stm32cubeide_1.4.0/stm32cubeide/plugins/com.st.stm32cube.ide.mcu.externaltools.gnu-tools-for-stm32.7-2018-q2-update.win32_1.4.0.202007081208/tools/bin/../lib/gcc/arm-none-eabi/7.3.1/thumb/v7-m/crti.o
                0x0000000008000528                _init
 .init          0x000000000800052c        0x8 c:/st/stm32cubeide_1.4.0/stm32cubeide/plugins/com.st.stm32cube.ide.mcu.externaltools.gnu-tools-for-stm32.7-2018-q2-update.win32_1.4.0.202007081208/tools/bin/../lib/gcc/arm-none-eabi/7.3.1/thumb/v7-m/crtn.o
 *(.fini)
 .fini          0x0000000008000534        0x4 c:/st/stm32cubeide_1.4.0/stm32cubeide/plugins/com.st.stm32cube.ide.mcu.externaltools.gnu-tools-for-stm32.7-2018-q2-update.win32_1.4.0.202007081208/tools/bin/../lib/gcc/arm-none-eabi/7.3.1/thumb/v7-m/crti.o
                0x0000000008000534                _fini
 .fini          0x0000000008000538        0x8 c:/st/stm32cubeide_1.4.0/stm32cubeide/plugins/com.st.stm32cube.ide.mcu.externaltools.gnu-tools-for-stm32.7-2018-q2-update.win32_1.4.0.202007081208/tools/bin/../lib/gcc/arm-none-eabi/7.3.1/thumb/v7-m/crtn.o
                0x0000000008000540                . = ALIGN (0x4)
                0x0000000008000540                _etext = .

.vfp11_veneer   0x0000000008000540        0x0
 .vfp11_veneer  0x0000000008000540        0x0 linker stubs

.v4_bx          0x0000000008000540        0x0
 .v4_bx         0x0000000008000540        0x0 linker stubs

.iplt           0x0000000008000540        0x0
 .iplt          0x0000000008000540        0x0 c:/st/stm32cubeide_1.4.0/stm32cubeide/plugins/com.st.stm32cube.ide.mcu.externaltools.gnu-tools-for-stm32.7-2018-q2-update.win32_1.4.0.202007081208/tools/bin/../lib/gcc/arm-none-eabi/7.3.1/thumb/v7-m/crtbegin.o

.rel.dyn        0x0000000008000540        0x0
 .rel.iplt      0x0000000008000540        0x0 c:/st/stm32cubeide_1.4.0/stm32cubeide/plugins/com.st.stm32cube.ide.mcu.externaltools.gnu-tools-for-stm32.7-2018-q2-update.win32_1.4.0.202007081208/tools/bin/../lib/gcc/arm-none-eabi/7.3.1/thumb/v7-m/crtbegin.o

.rodata         0x0000000008000540        0x0
                0x0000000008000540                . = ALIGN (0x4)
 *(.rodata)
 *(.rodata*)
                0x0000000008000540                . = ALIGN (0x4)

.ARM.extab      0x0000000008000540        0x0
                0x0000000008000540                . = ALIGN (0x4)
 *(.ARM.extab* .gnu.linkonce.armextab.*)
                0x0000000008000540                . = ALIGN (0x4)

.ARM            0x0000000008000540        0x0
                0x0000000008000540                . = ALIGN (0x4)
                0x0000000008000540                __exidx_start = .
 *(.ARM.exidx*)
                0x0000000008000540                __exidx_end = .
                0x0000000008000540                . = ALIGN (0x4)

.preinit_array  0x0000000008000540        0x0
                0x0000000008000540                . = ALIGN (0x4)
                0x0000000008000540                PROVIDE (__preinit_array_start = .)
 *(.preinit_array*)
                0x0000000008000540                PROVIDE (__preinit_array_end = .)
                0x0000000008000540                . = ALIGN (0x4)

.init_array     0x0000000008000540        0x4
                0x0000000008000540                . = ALIGN (0x4)
                0x0000000008000540                PROVIDE (__init_array_start = .)
 *(SORT_BY_NAME(.init_array.*))
 *(.init_array*)
 .init_array    0x0000000008000540        0x4 c:/st/stm32cubeide_1.4.0/stm32cubeide/plugins/com.st.stm32cube.ide.mcu.externaltools.gnu-tools-for-stm32.7-2018-q2-update.win32_1.4.0.202007081208/tools/bin/../lib/gcc/arm-none-eabi/7.3.1/thumb/v7-m/crtbegin.o
                0x0000000008000544                PROVIDE (__init_array_end = .)
                0x0000000008000544                . = ALIGN (0x4)

.fini_array     0x0000000008000544        0x4
                0x0000000008000544                . = ALIGN (0x4)
                [!provide]                        PROVIDE (__fini_array_start = .)
 *(SORT_BY_NAME(.fini_array.*))
 *(.fini_array*)
 .fini_array    0x0000000008000544        0x4 c:/st/stm32cubeide_1.4.0/stm32cubeide/plugins/com.st.stm32cube.ide.mcu.externaltools.gnu-tools-for-stm32.7-2018-q2-update.win32_1.4.0.202007081208/tools/bin/../lib/gcc/arm-none-eabi/7.3.1/thumb/v7-m/crtbegin.o
                [!provide]                        PROVIDE (__fini_array_end = .)
                0x0000000008000548                . = ALIGN (0x4)
                0x0000000008000548                _sidata = LOADADDR (.data)

.data           0x0000000020000000        0x0 load address 0x0000000008000548
                0x0000000020000000                . = ALIGN (0x4)
                0x0000000020000000                _sdata = .
 *(.data)
 *(.data*)
                0x0000000020000000                . = ALIGN (0x4)
                0x0000000020000000                _edata = .

.igot.plt       0x0000000020000000        0x0 load address 0x0000000008000548
 .igot.plt      0x0000000020000000        0x0 c:/st/stm32cubeide_1.4.0/stm32cubeide/plugins/com.st.stm32cube.ide.mcu.externaltools.gnu-tools-for-stm32.7-2018-q2-update.win32_1.4.0.202007081208/tools/bin/../lib/gcc/arm-none-eabi/7.3.1/thumb/v7-m/crtbegin.o
                0x0000000020000000                . = ALIGN (0x4)

.bss            0x0000000020000000       0x64 load address 0x0000000008000548
                0x0000000020000000                _sbss = .
                0x0000000020000000                __bss_start__ = _sbss
 *(.bss)
 .bss           0x0000000020000000       0x1c c:/st/stm32cubeide_1.4.0/stm32cubeide/plugins/com.st.stm32cube.ide.mcu.externaltools.gnu-tools-for-stm32.7-2018-q2-update.win32_1.4.0.202007081208/tools/bin/../lib/gcc/arm-none-eabi/7.3.1/thumb/v7-m/crtbegin.o
 *(.bss*)
 .bss.GP_SPI_CFG
                0x000000002000001c        0x8 stm32_f103c6_driver/stm32_f103c6_driver_SPI.o
                0x000000002000001c                GP_SPI_CFG
 .bss.G_UART_config
                0x0000000020000024        0x4 stm32_f103c6_driver/stm32_f103c6_driver_USART.o
                0x0000000020000024                G_UART_config
 *(COMMON)
 COMMON         0x0000000020000028       0x3c stm32_f103c6_driver/stm32_f103c6_driver_EXTI.o
                0x0000000020000028                GP_IRQ_CallBack
                0x0000000020000064                . = ALIGN (0x4)
                0x0000000020000064                _ebss = .
                0x0000000020000064                __bss_end__ = _ebss

._user_heap_stack
                0x0000000020000064      0x604 load address 0x0000000008000548
                0x0000000020000068                . = ALIGN (0x8)
 *fill*         0x0000000020000064        0x4 
                [!provide]                        PROVIDE (end = .)
                0x0000000020000068                PROVIDE (_end = .)
                0x0000000020000268                . = (. + _Min_Heap_Size)
 *fill*         0x0000000020000068      0x200 
                0x0000000020000668                . = (. + _Min_Stack_Size)
 *fill*         0x0000000020000268      0x400 
                0x0000000020000668                . = ALIGN (0x8)

/DISCARD/
 libc.a(*)
 libm.a(*)
 libgcc.a(*)

.ARM.attributes
                0x0000000000000000       0x29
 *(.ARM.attributes)
 .ARM.attributes
                0x0000000000000000       0x1d c:/st/stm32cubeide_1.4.0/stm32cubeide/plugins/com.st.stm32cube.ide.mcu.externaltools.gnu-tools-for-stm32.7-2018-q2-update.win32_1.4.0.202007081208/tools/bin/../lib/gcc/arm-none-eabi/7.3.1/thumb/v7-m/crti.o
 .ARM.attributes
                0x000000000000001d       0x2d c:/st/stm32cubeide_1.4.0/stm32cubeide/plugins/com.st.stm32cube.ide.mcu.externaltools.gnu-tools-for-stm32.7-2018-q2-update.win32_1.4.0.202007081208/tools/bin/../lib/gcc/arm-none-eabi/7.3.1/thumb/v7-m/crtbegin.o
 .ARM.attributes
                0x000000000000004a       0x33 Src/main.o
 .ARM.attributes
                0x000000000000007d       0x21 Startup/startup_stm32f103c6tx.o
 .ARM.attributes
                0x000000000000009e       0x33 stm32_f103c6_driver/stm32_f103c6_driver_EXTI.o
 .ARM.attributes
                0x00000000000000d1       0x33 stm32_f103c6_driver/stm32_f103c6_driver_SPI.o
 .ARM.attributes
                0x0000000000000104       0x33 stm32_f103c6_driver/stm32_f103c6_driver_USART.o
 .ARM.attributes
                0x0000000000000137       0x2d c:/st/stm32cubeide_1.4.0/stm32cubeide/plugins/com.st.stm32cube.ide.mcu.externaltools.gnu-tools-for-stm32.7-2018-q2-update.win32_1.4.0.202007081208/tools/bin/../lib/gcc/arm-none-eabi/7.3.1/../../../../arm-none-eabi/lib/thumb/v7-m\libc_nano.a(lib_a-init.o)
 .ARM.attributes
                0x0000000000000164       0x1d c:/st/stm32cubeide_1.4.0/stm32cubeide/plugins/com.st.stm32cube.ide.mcu.externaltools.gnu-tools-for-stm32.7-2018-q2-update.win32_1.4.0.202007081208/tools/bin/../lib/gcc/arm-none-eabi/7.3.1/thumb/v7-m/crtn.o
OUTPUT(SPI.elf elf32-littlearm)

.debug_info     0x0000000000000000     0x2b1e
 .debug_info    0x0000000000000000       0x4f Src/main.o
 .debug_info    0x000000000000004f       0x22 Startup/startup_stm32f103c6tx.o
 .debug_info    0x0000000000000071      0xdba stm32_f103c6_driver/stm32_f103c6_driver_EXTI.o
 .debug_info    0x0000000000000e2b      0xefa stm32_f103c6_driver/stm32_f103c6_driver_SPI.o
 .debug_info    0x0000000000001d25      0xdf9 stm32_f103c6_driver/stm32_f103c6_driver_USART.o

.debug_abbrev   0x0000000000000000      0x6d9
 .debug_abbrev  0x0000000000000000       0x3e Src/main.o
 .debug_abbrev  0x000000000000003e       0x12 Startup/startup_stm32f103c6tx.o
 .debug_abbrev  0x0000000000000050      0x228 stm32_f103c6_driver/stm32_f103c6_driver_EXTI.o
 .debug_abbrev  0x0000000000000278      0x24d stm32_f103c6_driver/stm32_f103c6_driver_SPI.o
 .debug_abbrev  0x00000000000004c5      0x214 stm32_f103c6_driver/stm32_f103c6_driver_USART.o

.debug_loc      0x0000000000000000      0x89c
 .debug_loc     0x0000000000000000       0x2c Src/main.o
 .debug_loc     0x000000000000002c      0x320 stm32_f103c6_driver/stm32_f103c6_driver_EXTI.o
 .debug_loc     0x000000000000034c      0x2bc stm32_f103c6_driver/stm32_f103c6_driver_SPI.o
 .debug_loc     0x0000000000000608      0x294 stm32_f103c6_driver/stm32_f103c6_driver_USART.o

.debug_aranges  0x0000000000000000      0x180
 .debug_aranges
                0x0000000000000000       0x20 Src/main.o
 .debug_aranges
                0x0000000000000020       0x28 Startup/startup_stm32f103c6tx.o
 .debug_aranges
                0x0000000000000048       0x80 stm32_f103c6_driver/stm32_f103c6_driver_EXTI.o
 .debug_aranges
                0x00000000000000c8       0x58 stm32_f103c6_driver/stm32_f103c6_driver_SPI.o
 .debug_aranges
                0x0000000000000120       0x60 stm32_f103c6_driver/stm32_f103c6_driver_USART.o

.debug_ranges   0x0000000000000000      0x138
 .debug_ranges  0x0000000000000000       0x10 Src/main.o
 .debug_ranges  0x0000000000000010       0x20 Startup/startup_stm32f103c6tx.o
 .debug_ranges  0x0000000000000030       0x70 stm32_f103c6_driver/stm32_f103c6_driver_EXTI.o
 .debug_ranges  0x00000000000000a0       0x48 stm32_f103c6_driver/stm32_f103c6_driver_SPI.o
 .debug_ranges  0x00000000000000e8       0x50 stm32_f103c6_driver/stm32_f103c6_driver_USART.o

.debug_macro    0x0000000000000000     0x191a
 .debug_macro   0x0000000000000000       0x11 Src/main.o
 .debug_macro   0x0000000000000011      0xa60 Src/main.o
 .debug_macro   0x0000000000000a71      0x186 stm32_f103c6_driver/stm32_f103c6_driver_EXTI.o
 .debug_macro   0x0000000000000bf7      0x10e stm32_f103c6_driver/stm32_f103c6_driver_EXTI.o
 .debug_macro   0x0000000000000d05       0x8d stm32_f103c6_driver/stm32_f103c6_driver_EXTI.o
 .debug_macro   0x0000000000000d92       0x16 stm32_f103c6_driver/stm32_f103c6_driver_EXTI.o
 .debug_macro   0x0000000000000da8       0x20 stm32_f103c6_driver/stm32_f103c6_driver_EXTI.o
 .debug_macro   0x0000000000000dc8      0x392 stm32_f103c6_driver/stm32_f103c6_driver_EXTI.o
 .debug_macro   0x000000000000115a       0xdc stm32_f103c6_driver/stm32_f103c6_driver_EXTI.o
 .debug_macro   0x0000000000001236      0x227 stm32_f103c6_driver/stm32_f103c6_driver_EXTI.o
 .debug_macro   0x000000000000145d      0x18d stm32_f103c6_driver/stm32_f103c6_driver_SPI.o
 .debug_macro   0x00000000000015ea       0x16 stm32_f103c6_driver/stm32_f103c6_driver_SPI.o
 .debug_macro   0x0000000000001600       0xb2 stm32_f103c6_driver/stm32_f103c6_driver_SPI.o
 .debug_macro   0x00000000000016b2      0x181 stm32_f103c6_driver/stm32_f103c6_driver_USART.o
 .debug_macro   0x0000000000001833       0xe7 stm32_f103c6_driver/stm32_f103c6_driver_USART.o

.debug_line     0x0000000000000000     0x1674
 .debug_line    0x0000000000000000       0x42 Src/main.o
 .debug_line    0x0000000000000042       0x84 Startup/startup_stm32f103c6tx.o
 .debug_line    0x00000000000000c6      0x78a stm32_f103c6_driver/stm32_f103c6_driver_EXTI.o
 .debug_line    0x0000000000000850      0x727 stm32_f103c6_driver/stm32_f103c6_driver_SPI.o
 .debug_line    0x0000000000000f77      0x6fd stm32_f103c6_driver/stm32_f103c6_driver_USART.o

.debug_str      0x0000000000000000     0xa6c1
 .debug_str     0x0000000000000000     0x2cf5 Src/main.o
 .debug_str     0x0000000000002cf5       0x31 Startup/startup_stm32f103c6tx.o
                                         0x88 (size before relaxing)
 .debug_str     0x0000000000002d26     0x6c53 stm32_f103c6_driver/stm32_f103c6_driver_EXTI.o
                                       0x9baa (size before relaxing)
 .debug_str     0x0000000000009979      0x5ba stm32_f103c6_driver/stm32_f103c6_driver_SPI.o
                                       0x8bff (size before relaxing)
 .debug_str     0x0000000000009f33      0x78e stm32_f103c6_driver/stm32_f103c6_driver_USART.o
                                       0x8e7d (size before relaxing)

.comment        0x0000000000000000       0x7b
 .comment       0x0000000000000000       0x7b Src/main.o
                                         0x7c (size before relaxing)
 .comment       0x000000000000007b       0x7c stm32_f103c6_driver/stm32_f103c6_driver_EXTI.o
 .comment       0x000000000000007b       0x7c stm32_f103c6_driver/stm32_f103c6_driver_SPI.o
 .comment       0x000000000000007b       0x7c stm32_f103c6_driver/stm32_f103c6_driver_USART.o

.debug_frame    0x0000000000000000      0x498
 .debug_frame   0x0000000000000000       0x28 Src/main.o
 .debug_frame   0x0000000000000028      0x1b0 stm32_f103c6_driver/stm32_f103c6_driver_EXTI.o
 .debug_frame   0x00000000000001d8      0x148 stm32_f103c6_driver/stm32_f103c6_driver_SPI.o
 .debug_frame   0x0000000000000320      0x14c stm32_f103c6_driver/stm32_f103c6_driver_USART.o
 .debug_frame   0x000000000000046c       0x2c c:/st/stm32cubeide_1.4.0/stm32cubeide/plugins/com.st.stm32cube.ide.mcu.externaltools.gnu-tools-for-stm32.7-2018-q2-update.win32_1.4.0.202007081208/tools/bin/../lib/gcc/arm-none-eabi/7.3.1/../../../../arm-none-eabi/lib/thumb/v7-m\libc_nano.a(lib_a-init.o)
