
Allocating common symbols
Common symbol       size              file

ALARM_state_id      0x1               alarm.o
CP_state            0x4               CP.o
CP_state_id         0x1               CP.o
ALARM_state         0x4               alarm.o
PS_state            0x4               PS.o
PS_state_id         0x1               PS.o

Memory Configuration

Name             Origin             Length             Attributes
Flash            0x00000000         0x20000000         xr
SRAM             0x20000000         0x20000000         xrw
*default*        0x00000000         0xffffffff

Linker script and memory map


.text           0x00000000      0x3e0
 *(.vectors*)
 .vectors       0x00000000       0x10 startup.o
                0x00000000                fun_to_vectors
                0x00000010                . = ALIGN (0x4)
 *(.text*)
 .text          0x00000010       0xc4 CP.o
                0x00000010                PS_set_pressure
                0x0000006c                State_CP_waiting
                0x000000a0                State_CP_driving
 .text          0x000000d4       0x54 PS.o
                0x000000d4                PS_init
                0x000000e0                State_PS_busy
 .text          0x00000128       0xc0 alarm.o
                0x00000128                ALARM_init
                0x00000134                Set_Alarm_actuator
                0x000001a4                State_ALARM_ideal
                0x000001bc                State_ALARM_busy
 .text          0x000001e8       0xbc driver.o
                0x000001e8                Delay
                0x0000020c                getPressureVal
                0x00000224                GPIO_INITIALIZATION
 .text          0x000002a4       0x80 main.o
                0x000002a4                setup
                0x000002e8                main
 .text          0x00000324       0xbc startup.o
                0x00000324                reset_handler
                0x000003d4                default_handler
                0x000003d4                H_fault_handler
                0x000003d4                NMI_handler
                0x000003e0                . = ALIGN (0x4)
 *(.rodata*)
                0x000003e0                . = ALIGN (0x4)
                0x000003e0                _E_TEXT = .

.glue_7         0x000003e0        0x0
 .glue_7        0x00000000        0x0 linker stubs

.glue_7t        0x000003e0        0x0
 .glue_7t       0x00000000        0x0 linker stubs

.vfp11_veneer   0x000003e0        0x0
 .vfp11_veneer  0x00000000        0x0 linker stubs

.v4_bx          0x000003e0        0x0
 .v4_bx         0x00000000        0x0 linker stubs

.iplt           0x000003e0        0x0
 .iplt          0x00000000        0x0 CP.o

.rel.dyn        0x000003e0        0x0
 .rel.iplt      0x00000000        0x0 CP.o

.data           0x20000000        0x4 load address 0x000003e0
                0x20000000                _S_DATA = .
 *(.data*)
 .data          0x20000000        0x4 CP.o
                0x20000000                CP_threshold
 .data          0x20000004        0x0 PS.o
 .data          0x20000004        0x0 alarm.o
 .data          0x20000004        0x0 driver.o
 .data          0x20000004        0x0 main.o
 .data          0x20000004        0x0 startup.o
                0x20000004                . = ALIGN (0x4)
                0x20000004                _E_DATA = .

.igot.plt       0x20000004        0x0 load address 0x000003e4
 .igot.plt      0x00000000        0x0 CP.o

.bss            0x20000004      0x428 load address 0x000003e4
                0x20000004                _S_bss = .
 *(.bss*)
 .bss           0x20000004        0x8 CP.o
                0x20000004                CP_led
                0x20000008                CP_pressure
 .bss           0x2000000c        0x4 PS.o
                0x2000000c                PS_pressure
 .bss           0x20000010        0x4 alarm.o
                0x20000010                ALARM_led
 .bss           0x20000014        0x0 driver.o
 .bss           0x20000014        0x0 main.o
 .bss           0x20000014      0x400 startup.o
                0x20000414                . = ALIGN (0x4)
                0x20000414                _E_bss = .
 COMMON         0x20000414        0x5 CP.o
                0x20000414                CP_state
                0x20000418                CP_state_id
 *fill*         0x20000419        0x3 
 COMMON         0x2000041c        0x5 PS.o
                0x2000041c                PS_state
                0x20000420                PS_state_id
 *fill*         0x20000421        0x3 
 COMMON         0x20000424        0x8 alarm.o
                0x20000424                ALARM_state_id
                0x20000428                ALARM_state
LOAD CP.o
LOAD PS.o
LOAD alarm.o
LOAD driver.o
LOAD main.o
LOAD startup.o
OUTPUT(pressure_control_system.elf elf32-littlearm)
.comment        0x00000000       0x11
 .comment       0x00000000       0x11 CP.o
                                 0x12 (size before relaxing)
 .comment       0x00000000       0x12 PS.o
 .comment       0x00000000       0x12 alarm.o
 .comment       0x00000000       0x12 driver.o
 .comment       0x00000000       0x12 main.o
 .comment       0x00000000       0x12 startup.o

.ARM.attributes
                0x00000000       0x33
 .ARM.attributes
                0x00000000       0x33 CP.o
 .ARM.attributes
                0x00000033       0x33 PS.o
 .ARM.attributes
                0x00000066       0x33 alarm.o
 .ARM.attributes
                0x00000099       0x33 driver.o
 .ARM.attributes
                0x000000cc       0x33 main.o
 .ARM.attributes
                0x000000ff       0x33 startup.o
