Archive member included to satisfy reference by file (symbol)

c:/st/stm32cubeide_1.4.0/stm32cubeide/plugins/com.st.stm32cube.ide.mcu.externaltools.gnu-tools-for-stm32.7-2018-q2-update.win32_1.4.0.202007081208/tools/bin/../lib/gcc/arm-none-eabi/7.3.1/../../../../arm-none-eabi/lib/thumb/v7-m\libc_nano.a(lib_a-errno.o)
                              Src/syscalls.o (__errno)
c:/st/stm32cubeide_1.4.0/stm32cubeide/plugins/com.st.stm32cube.ide.mcu.externaltools.gnu-tools-for-stm32.7-2018-q2-update.win32_1.4.0.202007081208/tools/bin/../lib/gcc/arm-none-eabi/7.3.1/../../../../arm-none-eabi/lib/thumb/v7-m\libc_nano.a(lib_a-exit.o)
                              c:/st/stm32cubeide_1.4.0/stm32cubeide/plugins/com.st.stm32cube.ide.mcu.externaltools.gnu-tools-for-stm32.7-2018-q2-update.win32_1.4.0.202007081208/tools/bin/../lib/gcc/arm-none-eabi/7.3.1/../../../../arm-none-eabi/lib/thumb/v7-m/crt0.o (exit)
c:/st/stm32cubeide_1.4.0/stm32cubeide/plugins/com.st.stm32cube.ide.mcu.externaltools.gnu-tools-for-stm32.7-2018-q2-update.win32_1.4.0.202007081208/tools/bin/../lib/gcc/arm-none-eabi/7.3.1/../../../../arm-none-eabi/lib/thumb/v7-m\libc_nano.a(lib_a-impure.o)
                              c:/st/stm32cubeide_1.4.0/stm32cubeide/plugins/com.st.stm32cube.ide.mcu.externaltools.gnu-tools-for-stm32.7-2018-q2-update.win32_1.4.0.202007081208/tools/bin/../lib/gcc/arm-none-eabi/7.3.1/../../../../arm-none-eabi/lib/thumb/v7-m\libc_nano.a(lib_a-exit.o) (_global_impure_ptr)
c:/st/stm32cubeide_1.4.0/stm32cubeide/plugins/com.st.stm32cube.ide.mcu.externaltools.gnu-tools-for-stm32.7-2018-q2-update.win32_1.4.0.202007081208/tools/bin/../lib/gcc/arm-none-eabi/7.3.1/../../../../arm-none-eabi/lib/thumb/v7-m\libc_nano.a(lib_a-init.o)
                              c:/st/stm32cubeide_1.4.0/stm32cubeide/plugins/com.st.stm32cube.ide.mcu.externaltools.gnu-tools-for-stm32.7-2018-q2-update.win32_1.4.0.202007081208/tools/bin/../lib/gcc/arm-none-eabi/7.3.1/../../../../arm-none-eabi/lib/thumb/v7-m/crt0.o (__libc_init_array)
c:/st/stm32cubeide_1.4.0/stm32cubeide/plugins/com.st.stm32cube.ide.mcu.externaltools.gnu-tools-for-stm32.7-2018-q2-update.win32_1.4.0.202007081208/tools/bin/../lib/gcc/arm-none-eabi/7.3.1/../../../../arm-none-eabi/lib/thumb/v7-m\libc_nano.a(lib_a-memset.o)
                              c:/st/stm32cubeide_1.4.0/stm32cubeide/plugins/com.st.stm32cube.ide.mcu.externaltools.gnu-tools-for-stm32.7-2018-q2-update.win32_1.4.0.202007081208/tools/bin/../lib/gcc/arm-none-eabi/7.3.1/../../../../arm-none-eabi/lib/thumb/v7-m/crt0.o (memset)

Allocating common symbols
Common symbol       size              file

PinCfg              0x4               HAL/lcd.o
GP_IRQ_CallBack     0x3c              stm32_f103c6_driver/stm32_f103c6_driver_EXTI.o

Discarded input sections

 .text          0x0000000000000000        0x0 c:/st/stm32cubeide_1.4.0/stm32cubeide/plugins/com.st.stm32cube.ide.mcu.externaltools.gnu-tools-for-stm32.7-2018-q2-update.win32_1.4.0.202007081208/tools/bin/../lib/gcc/arm-none-eabi/7.3.1/thumb/v7-m/crti.o
 .data          0x0000000000000000        0x0 c:/st/stm32cubeide_1.4.0/stm32cubeide/plugins/com.st.stm32cube.ide.mcu.externaltools.gnu-tools-for-stm32.7-2018-q2-update.win32_1.4.0.202007081208/tools/bin/../lib/gcc/arm-none-eabi/7.3.1/thumb/v7-m/crti.o
 .bss           0x0000000000000000        0x0 c:/st/stm32cubeide_1.4.0/stm32cubeide/plugins/com.st.stm32cube.ide.mcu.externaltools.gnu-tools-for-stm32.7-2018-q2-update.win32_1.4.0.202007081208/tools/bin/../lib/gcc/arm-none-eabi/7.3.1/thumb/v7-m/crti.o
 .data          0x0000000000000000        0x4 c:/st/stm32cubeide_1.4.0/stm32cubeide/plugins/com.st.stm32cube.ide.mcu.externaltools.gnu-tools-for-stm32.7-2018-q2-update.win32_1.4.0.202007081208/tools/bin/../lib/gcc/arm-none-eabi/7.3.1/thumb/v7-m/crtbegin.o
 .text          0x0000000000000000       0x74 c:/st/stm32cubeide_1.4.0/stm32cubeide/plugins/com.st.stm32cube.ide.mcu.externaltools.gnu-tools-for-stm32.7-2018-q2-update.win32_1.4.0.202007081208/tools/bin/../lib/gcc/arm-none-eabi/7.3.1/../../../../arm-none-eabi/lib/thumb/v7-m/crt0.o
 .data          0x0000000000000000        0x0 c:/st/stm32cubeide_1.4.0/stm32cubeide/plugins/com.st.stm32cube.ide.mcu.externaltools.gnu-tools-for-stm32.7-2018-q2-update.win32_1.4.0.202007081208/tools/bin/../lib/gcc/arm-none-eabi/7.3.1/../../../../arm-none-eabi/lib/thumb/v7-m/crt0.o
 .bss           0x0000000000000000        0x0 c:/st/stm32cubeide_1.4.0/stm32cubeide/plugins/com.st.stm32cube.ide.mcu.externaltools.gnu-tools-for-stm32.7-2018-q2-update.win32_1.4.0.202007081208/tools/bin/../lib/gcc/arm-none-eabi/7.3.1/../../../../arm-none-eabi/lib/thumb/v7-m/crt0.o
 .ARM.extab     0x0000000000000000        0x0 c:/st/stm32cubeide_1.4.0/stm32cubeide/plugins/com.st.stm32cube.ide.mcu.externaltools.gnu-tools-for-stm32.7-2018-q2-update.win32_1.4.0.202007081208/tools/bin/../lib/gcc/arm-none-eabi/7.3.1/../../../../arm-none-eabi/lib/thumb/v7-m/crt0.o
 .ARM.exidx     0x0000000000000000        0x8 c:/st/stm32cubeide_1.4.0/stm32cubeide/plugins/com.st.stm32cube.ide.mcu.externaltools.gnu-tools-for-stm32.7-2018-q2-update.win32_1.4.0.202007081208/tools/bin/../lib/gcc/arm-none-eabi/7.3.1/../../../../arm-none-eabi/lib/thumb/v7-m/crt0.o
 .ARM.attributes
                0x0000000000000000       0x1b c:/st/stm32cubeide_1.4.0/stm32cubeide/plugins/com.st.stm32cube.ide.mcu.externaltools.gnu-tools-for-stm32.7-2018-q2-update.win32_1.4.0.202007081208/tools/bin/../lib/gcc/arm-none-eabi/7.3.1/../../../../arm-none-eabi/lib/thumb/v7-m/crt0.o
 .group         0x0000000000000000        0xc HAL/keypad.o
 .group         0x0000000000000000        0xc HAL/keypad.o
 .group         0x0000000000000000        0xc HAL/keypad.o
 .group         0x0000000000000000        0xc HAL/keypad.o
 .group         0x0000000000000000        0xc HAL/keypad.o
 .group         0x0000000000000000        0xc HAL/keypad.o
 .group         0x0000000000000000        0xc HAL/keypad.o
 .group         0x0000000000000000        0xc HAL/keypad.o
 .group         0x0000000000000000        0xc HAL/keypad.o
 .group         0x0000000000000000        0xc HAL/keypad.o
 .group         0x0000000000000000        0xc HAL/keypad.o
 .group         0x0000000000000000        0xc HAL/keypad.o
 .group         0x0000000000000000        0xc HAL/keypad.o
 .group         0x0000000000000000        0xc HAL/keypad.o
 .group         0x0000000000000000        0xc HAL/keypad.o
 .group         0x0000000000000000        0xc HAL/keypad.o
 .group         0x0000000000000000        0xc HAL/keypad.o
 .group         0x0000000000000000        0xc HAL/keypad.o
 .group         0x0000000000000000        0xc HAL/keypad.o
 .group         0x0000000000000000        0xc HAL/keypad.o
 .group         0x0000000000000000        0xc HAL/keypad.o
 .group         0x0000000000000000        0xc HAL/keypad.o
 .group         0x0000000000000000        0xc HAL/keypad.o
 .group         0x0000000000000000        0xc HAL/keypad.o
 .group         0x0000000000000000        0xc HAL/keypad.o
 .text          0x0000000000000000        0x0 HAL/keypad.o
 .data          0x0000000000000000        0x0 HAL/keypad.o
 .bss           0x0000000000000000        0x0 HAL/keypad.o
 .text.delay_mss
                0x0000000000000000       0x38 HAL/keypad.o
 .group         0x0000000000000000        0xc HAL/lcd.o
 .group         0x0000000000000000        0xc HAL/lcd.o
 .group         0x0000000000000000        0xc HAL/lcd.o
 .group         0x0000000000000000        0xc HAL/lcd.o
 .group         0x0000000000000000        0xc HAL/lcd.o
 .group         0x0000000000000000        0xc HAL/lcd.o
 .group         0x0000000000000000        0xc HAL/lcd.o
 .group         0x0000000000000000        0xc HAL/lcd.o
 .group         0x0000000000000000        0xc HAL/lcd.o
 .group         0x0000000000000000        0xc HAL/lcd.o
 .group         0x0000000000000000        0xc HAL/lcd.o
 .group         0x0000000000000000        0xc HAL/lcd.o
 .group         0x0000000000000000        0xc HAL/lcd.o
 .group         0x0000000000000000        0xc HAL/lcd.o
 .group         0x0000000000000000        0xc HAL/lcd.o
 .group         0x0000000000000000        0xc HAL/lcd.o
 .group         0x0000000000000000        0xc HAL/lcd.o
 .group         0x0000000000000000        0xc HAL/lcd.o
 .group         0x0000000000000000        0xc HAL/lcd.o
 .group         0x0000000000000000        0xc HAL/lcd.o
 .group         0x0000000000000000        0xc HAL/lcd.o
 .group         0x0000000000000000        0xc HAL/lcd.o
 .group         0x0000000000000000        0xc HAL/lcd.o
 .group         0x0000000000000000        0xc HAL/lcd.o
 .group         0x0000000000000000        0xc HAL/lcd.o
 .group         0x0000000000000000        0xc HAL/lcd.o
 .text          0x0000000000000000        0x0 HAL/lcd.o
 .data          0x0000000000000000        0x0 HAL/lcd.o
 .bss           0x0000000000000000        0x0 HAL/lcd.o
 .text.LCD_check_lcd_isbusy
                0x0000000000000000       0xd8 HAL/lcd.o
 .debug_macro   0x0000000000000000      0xa60 HAL/lcd.o
 .debug_macro   0x0000000000000000       0x18 HAL/lcd.o
 .debug_macro   0x0000000000000000       0x22 HAL/lcd.o
 .debug_macro   0x0000000000000000       0x40 HAL/lcd.o
 .debug_macro   0x0000000000000000       0x94 HAL/lcd.o
 .debug_macro   0x0000000000000000       0x3c HAL/lcd.o
 .debug_macro   0x0000000000000000       0x34 HAL/lcd.o
 .debug_macro   0x0000000000000000       0x16 HAL/lcd.o
 .debug_macro   0x0000000000000000      0x10e HAL/lcd.o
 .debug_macro   0x0000000000000000       0x8d HAL/lcd.o
 .debug_macro   0x0000000000000000       0x57 HAL/lcd.o
 .debug_macro   0x0000000000000000       0x52 HAL/lcd.o
 .debug_macro   0x0000000000000000       0x1f HAL/lcd.o
 .debug_macro   0x0000000000000000       0x43 HAL/lcd.o
 .debug_macro   0x0000000000000000       0x20 HAL/lcd.o
 .debug_macro   0x0000000000000000      0x1a3 HAL/lcd.o
 .debug_macro   0x0000000000000000      0x330 HAL/lcd.o
 .debug_macro   0x0000000000000000       0x16 HAL/lcd.o
 .debug_macro   0x0000000000000000       0x29 HAL/lcd.o
 .debug_macro   0x0000000000000000       0xef HAL/lcd.o
 .debug_macro   0x0000000000000000       0x6a HAL/lcd.o
 .debug_macro   0x0000000000000000      0x1df HAL/lcd.o
 .debug_macro   0x0000000000000000      0x1b0 HAL/lcd.o
 .debug_macro   0x0000000000000000       0xd0 HAL/lcd.o
 .group         0x0000000000000000        0xc Src/main.o
 .group         0x0000000000000000        0xc Src/main.o
 .group         0x0000000000000000        0xc Src/main.o
 .group         0x0000000000000000        0xc Src/main.o
 .group         0x0000000000000000        0xc Src/main.o
 .group         0x0000000000000000        0xc Src/main.o
 .group         0x0000000000000000        0xc Src/main.o
 .group         0x0000000000000000        0xc Src/main.o
 .group         0x0000000000000000        0xc Src/main.o
 .group         0x0000000000000000        0xc Src/main.o
 .group         0x0000000000000000        0xc Src/main.o
 .group         0x0000000000000000        0xc Src/main.o
 .group         0x0000000000000000        0xc Src/main.o
 .group         0x0000000000000000        0xc Src/main.o
 .group         0x0000000000000000        0xc Src/main.o
 .group         0x0000000000000000        0xc Src/main.o
 .group         0x0000000000000000        0xc Src/main.o
 .group         0x0000000000000000        0xc Src/main.o
 .group         0x0000000000000000        0xc Src/main.o
 .group         0x0000000000000000        0xc Src/main.o
 .group         0x0000000000000000        0xc Src/main.o
 .group         0x0000000000000000        0xc Src/main.o
 .group         0x0000000000000000        0xc Src/main.o
 .group         0x0000000000000000        0xc Src/main.o
 .group         0x0000000000000000        0xc Src/main.o
 .group         0x0000000000000000        0xc Src/main.o
 .text          0x0000000000000000        0x0 Src/main.o
 .data          0x0000000000000000        0x0 Src/main.o
 .bss           0x0000000000000000        0x0 Src/main.o
 .debug_macro   0x0000000000000000      0xa60 Src/main.o
 .debug_macro   0x0000000000000000       0x18 Src/main.o
 .debug_macro   0x0000000000000000       0x22 Src/main.o
 .debug_macro   0x0000000000000000       0x40 Src/main.o
 .debug_macro   0x0000000000000000       0x94 Src/main.o
 .debug_macro   0x0000000000000000       0x3c Src/main.o
 .debug_macro   0x0000000000000000       0x34 Src/main.o
 .debug_macro   0x0000000000000000       0x16 Src/main.o
 .debug_macro   0x0000000000000000      0x10e Src/main.o
 .debug_macro   0x0000000000000000       0x8d Src/main.o
 .debug_macro   0x0000000000000000       0x57 Src/main.o
 .debug_macro   0x0000000000000000       0x52 Src/main.o
 .debug_macro   0x0000000000000000       0x1f Src/main.o
 .debug_macro   0x0000000000000000       0x43 Src/main.o
 .debug_macro   0x0000000000000000       0x20 Src/main.o
 .debug_macro   0x0000000000000000      0x1a3 Src/main.o
 .debug_macro   0x0000000000000000      0x330 Src/main.o
 .debug_macro   0x0000000000000000       0x16 Src/main.o
 .debug_macro   0x0000000000000000       0x29 Src/main.o
 .debug_macro   0x0000000000000000       0xef Src/main.o
 .debug_macro   0x0000000000000000       0x6a Src/main.o
 .debug_macro   0x0000000000000000      0x1df Src/main.o
 .debug_macro   0x0000000000000000      0x1b0 Src/main.o
 .debug_macro   0x0000000000000000       0xd0 Src/main.o
 .debug_macro   0x0000000000000000       0x40 Src/main.o
 .group         0x0000000000000000        0xc Src/syscalls.o
 .group         0x0000000000000000        0xc Src/syscalls.o
 .group         0x0000000000000000        0xc Src/syscalls.o
 .group         0x0000000000000000        0xc Src/syscalls.o
 .group         0x0000000000000000        0xc Src/syscalls.o
 .group         0x0000000000000000        0xc Src/syscalls.o
 .group         0x0000000000000000        0xc Src/syscalls.o
 .group         0x0000000000000000        0xc Src/syscalls.o
 .group         0x0000000000000000        0xc Src/syscalls.o
 .group         0x0000000000000000        0xc Src/syscalls.o
 .group         0x0000000000000000        0xc Src/syscalls.o
 .group         0x0000000000000000        0xc Src/syscalls.o
 .group         0x0000000000000000        0xc Src/syscalls.o
 .group         0x0000000000000000        0xc Src/syscalls.o
 .group         0x0000000000000000        0xc Src/syscalls.o
 .group         0x0000000000000000        0xc Src/syscalls.o
 .group         0x0000000000000000        0xc Src/syscalls.o
 .group         0x0000000000000000        0xc Src/syscalls.o
 .group         0x0000000000000000        0xc Src/syscalls.o
 .group         0x0000000000000000        0xc Src/syscalls.o
 .group         0x0000000000000000        0xc Src/syscalls.o
 .group         0x0000000000000000        0xc Src/syscalls.o
 .group         0x0000000000000000        0xc Src/syscalls.o
 .group         0x0000000000000000        0xc Src/syscalls.o
 .group         0x0000000000000000        0xc Src/syscalls.o
 .group         0x0000000000000000        0xc Src/syscalls.o
 .group         0x0000000000000000        0xc Src/syscalls.o
 .group         0x0000000000000000        0xc Src/syscalls.o
 .group         0x0000000000000000        0xc Src/syscalls.o
 .group         0x0000000000000000        0xc Src/syscalls.o
 .group         0x0000000000000000        0xc Src/syscalls.o
 .group         0x0000000000000000        0xc Src/syscalls.o
 .group         0x0000000000000000        0xc Src/syscalls.o
 .group         0x0000000000000000        0xc Src/syscalls.o
 .group         0x0000000000000000        0xc Src/syscalls.o
 .group         0x0000000000000000        0xc Src/syscalls.o
 .group         0x0000000000000000        0xc Src/syscalls.o
 .group         0x0000000000000000        0xc Src/syscalls.o
 .group         0x0000000000000000        0xc Src/syscalls.o
 .group         0x0000000000000000        0xc Src/syscalls.o
 .group         0x0000000000000000        0xc Src/syscalls.o
 .group         0x0000000000000000        0xc Src/syscalls.o
 .group         0x0000000000000000        0xc Src/syscalls.o
 .group         0x0000000000000000        0xc Src/syscalls.o
 .text          0x0000000000000000        0x0 Src/syscalls.o
 .data          0x0000000000000000        0x0 Src/syscalls.o
 .bss           0x0000000000000000        0x0 Src/syscalls.o
 .bss.__env     0x0000000000000000        0x4 Src/syscalls.o
 .data.environ  0x0000000000000000        0x4 Src/syscalls.o
 .text.initialise_monitor_handles
                0x0000000000000000        0xc Src/syscalls.o
 .text._getpid  0x0000000000000000        0xe Src/syscalls.o
 .text._kill    0x0000000000000000       0x20 Src/syscalls.o
 .text._exit    0x0000000000000000       0x14 Src/syscalls.o
 .text._read    0x0000000000000000       0x3a Src/syscalls.o
 .text._write   0x0000000000000000       0x38 Src/syscalls.o
 .text._close   0x0000000000000000       0x16 Src/syscalls.o
 .text._fstat   0x0000000000000000       0x1e Src/syscalls.o
 .text._isatty  0x0000000000000000       0x14 Src/syscalls.o
 .text._lseek   0x0000000000000000       0x18 Src/syscalls.o
 .text._open    0x0000000000000000       0x1a Src/syscalls.o
 .text._wait    0x0000000000000000       0x1e Src/syscalls.o
 .text._unlink  0x0000000000000000       0x1e Src/syscalls.o
 .text._times   0x0000000000000000       0x16 Src/syscalls.o
 .text._stat    0x0000000000000000       0x1e Src/syscalls.o
 .text._link    0x0000000000000000       0x20 Src/syscalls.o
 .text._fork    0x0000000000000000       0x16 Src/syscalls.o
 .text._execve  0x0000000000000000       0x22 Src/syscalls.o
 .debug_info    0x0000000000000000     0x1038 Src/syscalls.o
 .debug_abbrev  0x0000000000000000      0x254 Src/syscalls.o
 .debug_loc     0x0000000000000000      0x5b8 Src/syscalls.o
 .debug_aranges
                0x0000000000000000       0xa8 Src/syscalls.o
 .debug_ranges  0x0000000000000000       0x98 Src/syscalls.o
 .debug_macro   0x0000000000000000      0x243 Src/syscalls.o
 .debug_macro   0x0000000000000000      0xa60 Src/syscalls.o
 .debug_macro   0x0000000000000000       0x22 Src/syscalls.o
 .debug_macro   0x0000000000000000       0x40 Src/syscalls.o
 .debug_macro   0x0000000000000000       0x18 Src/syscalls.o
 .debug_macro   0x0000000000000000       0x94 Src/syscalls.o
 .debug_macro   0x0000000000000000       0x3c Src/syscalls.o
 .debug_macro   0x0000000000000000       0x34 Src/syscalls.o
 .debug_macro   0x0000000000000000       0x57 Src/syscalls.o
 .debug_macro   0x0000000000000000      0x174 Src/syscalls.o
 .debug_macro   0x0000000000000000      0x330 Src/syscalls.o
 .debug_macro   0x0000000000000000       0x52 Src/syscalls.o
 .debug_macro   0x0000000000000000       0x1f Src/syscalls.o
 .debug_macro   0x0000000000000000       0x43 Src/syscalls.o
 .debug_macro   0x0000000000000000       0x20 Src/syscalls.o
 .debug_macro   0x0000000000000000      0x1a3 Src/syscalls.o
 .debug_macro   0x0000000000000000       0x10 Src/syscalls.o
 .debug_macro   0x0000000000000000       0x35 Src/syscalls.o
 .debug_macro   0x0000000000000000       0x10 Src/syscalls.o
 .debug_macro   0x0000000000000000       0x10 Src/syscalls.o
 .debug_macro   0x0000000000000000       0x10 Src/syscalls.o
 .debug_macro   0x0000000000000000       0x6a Src/syscalls.o
 .debug_macro   0x0000000000000000       0x1c Src/syscalls.o
 .debug_macro   0x0000000000000000       0x52 Src/syscalls.o
 .debug_macro   0x0000000000000000       0x40 Src/syscalls.o
 .debug_macro   0x0000000000000000       0x10 Src/syscalls.o
 .debug_macro   0x0000000000000000       0x40 Src/syscalls.o
 .debug_macro   0x0000000000000000       0xd7 Src/syscalls.o
 .debug_macro   0x0000000000000000       0x1c Src/syscalls.o
 .debug_macro   0x0000000000000000       0x3d Src/syscalls.o
 .debug_macro   0x0000000000000000       0x35 Src/syscalls.o
 .debug_macro   0x0000000000000000      0x122 Src/syscalls.o
 .debug_macro   0x0000000000000000       0x16 Src/syscalls.o
 .debug_macro   0x0000000000000000       0x16 Src/syscalls.o
 .debug_macro   0x0000000000000000       0x29 Src/syscalls.o
 .debug_macro   0x0000000000000000       0x10 Src/syscalls.o
 .debug_macro   0x0000000000000000      0x241 Src/syscalls.o
 .debug_macro   0x0000000000000000       0x1c Src/syscalls.o
 .debug_macro   0x0000000000000000       0x10 Src/syscalls.o
 .debug_macro   0x0000000000000000       0x10 Src/syscalls.o
 .debug_macro   0x0000000000000000       0x16 Src/syscalls.o
 .debug_macro   0x0000000000000000      0x145 Src/syscalls.o
 .debug_macro   0x0000000000000000      0x189 Src/syscalls.o
 .debug_macro   0x0000000000000000       0x16 Src/syscalls.o
 .debug_macro   0x0000000000000000       0x88 Src/syscalls.o
 .debug_line    0x0000000000000000      0x739 Src/syscalls.o
 .debug_str     0x0000000000000000     0x889a Src/syscalls.o
 .comment       0x0000000000000000       0x7c Src/syscalls.o
 .debug_frame   0x0000000000000000      0x2ac Src/syscalls.o
 .ARM.attributes
                0x0000000000000000       0x33 Src/syscalls.o
 .group         0x0000000000000000        0xc Src/sysmem.o
 .group         0x0000000000000000        0xc Src/sysmem.o
 .group         0x0000000000000000        0xc Src/sysmem.o
 .group         0x0000000000000000        0xc Src/sysmem.o
 .group         0x0000000000000000        0xc Src/sysmem.o
 .group         0x0000000000000000        0xc Src/sysmem.o
 .group         0x0000000000000000        0xc Src/sysmem.o
 .group         0x0000000000000000        0xc Src/sysmem.o
 .group         0x0000000000000000        0xc Src/sysmem.o
 .group         0x0000000000000000        0xc Src/sysmem.o
 .group         0x0000000000000000        0xc Src/sysmem.o
 .group         0x0000000000000000        0xc Src/sysmem.o
 .group         0x0000000000000000        0xc Src/sysmem.o
 .group         0x0000000000000000        0xc Src/sysmem.o
 .group         0x0000000000000000        0xc Src/sysmem.o
 .group         0x0000000000000000        0xc Src/sysmem.o
 .group         0x0000000000000000        0xc Src/sysmem.o
 .group         0x0000000000000000        0xc Src/sysmem.o
 .group         0x0000000000000000        0xc Src/sysmem.o
 .text          0x0000000000000000        0x0 Src/sysmem.o
 .data          0x0000000000000000        0x0 Src/sysmem.o
 .bss           0x0000000000000000        0x0 Src/sysmem.o
 .bss.__sbrk_heap_end
                0x0000000000000000        0x4 Src/sysmem.o
 .text._sbrk    0x0000000000000000       0x6c Src/sysmem.o
 .debug_info    0x0000000000000000      0xa7c Src/sysmem.o
 .debug_abbrev  0x0000000000000000      0x18e Src/sysmem.o
 .debug_loc     0x0000000000000000       0x50 Src/sysmem.o
 .debug_aranges
                0x0000000000000000       0x20 Src/sysmem.o
 .debug_ranges  0x0000000000000000       0x10 Src/sysmem.o
 .debug_macro   0x0000000000000000       0xee Src/sysmem.o
 .debug_macro   0x0000000000000000      0xa60 Src/sysmem.o
 .debug_macro   0x0000000000000000       0x10 Src/sysmem.o
 .debug_macro   0x0000000000000000       0x22 Src/sysmem.o
 .debug_macro   0x0000000000000000       0x40 Src/sysmem.o
 .debug_macro   0x0000000000000000       0x18 Src/sysmem.o
 .debug_macro   0x0000000000000000       0x94 Src/sysmem.o
 .debug_macro   0x0000000000000000       0x3c Src/sysmem.o
 .debug_macro   0x0000000000000000       0x34 Src/sysmem.o
 .debug_macro   0x0000000000000000      0x174 Src/sysmem.o
 .debug_macro   0x0000000000000000       0x57 Src/sysmem.o
 .debug_macro   0x0000000000000000       0x52 Src/sysmem.o
 .debug_macro   0x0000000000000000       0x1f Src/sysmem.o
 .debug_macro   0x0000000000000000       0x43 Src/sysmem.o
 .debug_macro   0x0000000000000000       0x20 Src/sysmem.o
 .debug_macro   0x0000000000000000      0x1a3 Src/sysmem.o
 .debug_macro   0x0000000000000000      0x23b Src/sysmem.o
 .debug_macro   0x0000000000000000       0xef Src/sysmem.o
 .debug_macro   0x0000000000000000       0x6a Src/sysmem.o
 .debug_macro   0x0000000000000000      0x1df Src/sysmem.o
 .debug_line    0x0000000000000000      0x4c2 Src/sysmem.o
 .debug_str     0x0000000000000000     0x5f68 Src/sysmem.o
 .comment       0x0000000000000000       0x7c Src/sysmem.o
 .debug_frame   0x0000000000000000       0x34 Src/sysmem.o
 .ARM.attributes
                0x0000000000000000       0x33 Src/sysmem.o
 .text          0x0000000000000000       0x14 Startup/startup_stm32f103c6tx.o
 .data          0x0000000000000000        0x0 Startup/startup_stm32f103c6tx.o
 .bss           0x0000000000000000        0x0 Startup/startup_stm32f103c6tx.o
 .group         0x0000000000000000        0xc stm32_f103c6_driver/stm32_f103c6_driver_EXTI.o
 .group         0x0000000000000000        0xc stm32_f103c6_driver/stm32_f103c6_driver_EXTI.o
 .group         0x0000000000000000        0xc stm32_f103c6_driver/stm32_f103c6_driver_EXTI.o
 .group         0x0000000000000000        0xc stm32_f103c6_driver/stm32_f103c6_driver_EXTI.o
 .group         0x0000000000000000        0xc stm32_f103c6_driver/stm32_f103c6_driver_EXTI.o
 .group         0x0000000000000000        0xc stm32_f103c6_driver/stm32_f103c6_driver_EXTI.o
 .group         0x0000000000000000        0xc stm32_f103c6_driver/stm32_f103c6_driver_EXTI.o
 .group         0x0000000000000000        0xc stm32_f103c6_driver/stm32_f103c6_driver_EXTI.o
 .group         0x0000000000000000        0xc stm32_f103c6_driver/stm32_f103c6_driver_EXTI.o
 .group         0x0000000000000000        0xc stm32_f103c6_driver/stm32_f103c6_driver_EXTI.o
 .group         0x0000000000000000        0xc stm32_f103c6_driver/stm32_f103c6_driver_EXTI.o
 .group         0x0000000000000000        0xc stm32_f103c6_driver/stm32_f103c6_driver_EXTI.o
 .group         0x0000000000000000        0xc stm32_f103c6_driver/stm32_f103c6_driver_EXTI.o
 .group         0x0000000000000000        0xc stm32_f103c6_driver/stm32_f103c6_driver_EXTI.o
 .group         0x0000000000000000        0xc stm32_f103c6_driver/stm32_f103c6_driver_EXTI.o
 .group         0x0000000000000000        0xc stm32_f103c6_driver/stm32_f103c6_driver_EXTI.o
 .group         0x0000000000000000        0xc stm32_f103c6_driver/stm32_f103c6_driver_EXTI.o
 .group         0x0000000000000000        0xc stm32_f103c6_driver/stm32_f103c6_driver_EXTI.o
 .group         0x0000000000000000        0xc stm32_f103c6_driver/stm32_f103c6_driver_EXTI.o
 .group         0x0000000000000000        0xc stm32_f103c6_driver/stm32_f103c6_driver_EXTI.o
 .group         0x0000000000000000        0xc stm32_f103c6_driver/stm32_f103c6_driver_EXTI.o
 .group         0x0000000000000000        0xc stm32_f103c6_driver/stm32_f103c6_driver_EXTI.o
 .group         0x0000000000000000        0xc stm32_f103c6_driver/stm32_f103c6_driver_EXTI.o
 .group         0x0000000000000000        0xc stm32_f103c6_driver/stm32_f103c6_driver_EXTI.o
 .group         0x0000000000000000        0xc stm32_f103c6_driver/stm32_f103c6_driver_EXTI.o
 .text          0x0000000000000000        0x0 stm32_f103c6_driver/stm32_f103c6_driver_EXTI.o
 .data          0x0000000000000000        0x0 stm32_f103c6_driver/stm32_f103c6_driver_EXTI.o
 .bss           0x0000000000000000        0x0 stm32_f103c6_driver/stm32_f103c6_driver_EXTI.o
 .text.Enable_NVIC
                0x0000000000000000       0xcc stm32_f103c6_driver/stm32_f103c6_driver_EXTI.o
 .text.Disable_NVIC
                0x0000000000000000       0xcc stm32_f103c6_driver/stm32_f103c6_driver_EXTI.o
 .text.Update_EXTI
                0x0000000000000000      0x1d8 stm32_f103c6_driver/stm32_f103c6_driver_EXTI.o
 .text.MCAL_EXTI_GPIO_DeInit
                0x0000000000000000       0x94 stm32_f103c6_driver/stm32_f103c6_driver_EXTI.o
 .text.MCAL_EXTI_GPIO_Init
                0x0000000000000000       0x16 stm32_f103c6_driver/stm32_f103c6_driver_EXTI.o
 .text.MCAL_EXTI_GPIO_Update
                0x0000000000000000       0x16 stm32_f103c6_driver/stm32_f103c6_driver_EXTI.o
 .debug_macro   0x0000000000000000      0xa60 stm32_f103c6_driver/stm32_f103c6_driver_EXTI.o
 .debug_macro   0x0000000000000000       0x18 stm32_f103c6_driver/stm32_f103c6_driver_EXTI.o
 .debug_macro   0x0000000000000000       0x22 stm32_f103c6_driver/stm32_f103c6_driver_EXTI.o
 .debug_macro   0x0000000000000000       0x40 stm32_f103c6_driver/stm32_f103c6_driver_EXTI.o
 .debug_macro   0x0000000000000000       0x94 stm32_f103c6_driver/stm32_f103c6_driver_EXTI.o
 .debug_macro   0x0000000000000000       0x3c stm32_f103c6_driver/stm32_f103c6_driver_EXTI.o
 .debug_macro   0x0000000000000000       0x34 stm32_f103c6_driver/stm32_f103c6_driver_EXTI.o
 .debug_macro   0x0000000000000000       0x16 stm32_f103c6_driver/stm32_f103c6_driver_EXTI.o
 .debug_macro   0x0000000000000000      0x10e stm32_f103c6_driver/stm32_f103c6_driver_EXTI.o
 .debug_macro   0x0000000000000000       0x8d stm32_f103c6_driver/stm32_f103c6_driver_EXTI.o
 .debug_macro   0x0000000000000000       0x57 stm32_f103c6_driver/stm32_f103c6_driver_EXTI.o
 .debug_macro   0x0000000000000000       0x52 stm32_f103c6_driver/stm32_f103c6_driver_EXTI.o
 .debug_macro   0x0000000000000000       0x1f stm32_f103c6_driver/stm32_f103c6_driver_EXTI.o
 .debug_macro   0x0000000000000000       0x43 stm32_f103c6_driver/stm32_f103c6_driver_EXTI.o
 .debug_macro   0x0000000000000000       0x20 stm32_f103c6_driver/stm32_f103c6_driver_EXTI.o
 .debug_macro   0x0000000000000000      0x1a3 stm32_f103c6_driver/stm32_f103c6_driver_EXTI.o
 .debug_macro   0x0000000000000000      0x330 stm32_f103c6_driver/stm32_f103c6_driver_EXTI.o
 .debug_macro   0x0000000000000000       0x16 stm32_f103c6_driver/stm32_f103c6_driver_EXTI.o
 .debug_macro   0x0000000000000000       0x29 stm32_f103c6_driver/stm32_f103c6_driver_EXTI.o
 .debug_macro   0x0000000000000000       0xef stm32_f103c6_driver/stm32_f103c6_driver_EXTI.o
 .debug_macro   0x0000000000000000       0x6a stm32_f103c6_driver/stm32_f103c6_driver_EXTI.o
 .debug_macro   0x0000000000000000      0x1df stm32_f103c6_driver/stm32_f103c6_driver_EXTI.o
 .debug_macro   0x0000000000000000      0x1b0 stm32_f103c6_driver/stm32_f103c6_driver_EXTI.o
 .group         0x0000000000000000        0xc stm32_f103c6_driver/stm32_f103c6_driver_GPIO.o
 .group         0x0000000000000000        0xc stm32_f103c6_driver/stm32_f103c6_driver_GPIO.o
 .group         0x0000000000000000        0xc stm32_f103c6_driver/stm32_f103c6_driver_GPIO.o
 .group         0x0000000000000000        0xc stm32_f103c6_driver/stm32_f103c6_driver_GPIO.o
 .group         0x0000000000000000        0xc stm32_f103c6_driver/stm32_f103c6_driver_GPIO.o
 .group         0x0000000000000000        0xc stm32_f103c6_driver/stm32_f103c6_driver_GPIO.o
 .group         0x0000000000000000        0xc stm32_f103c6_driver/stm32_f103c6_driver_GPIO.o
 .group         0x0000000000000000        0xc stm32_f103c6_driver/stm32_f103c6_driver_GPIO.o
 .group         0x0000000000000000        0xc stm32_f103c6_driver/stm32_f103c6_driver_GPIO.o
 .group         0x0000000000000000        0xc stm32_f103c6_driver/stm32_f103c6_driver_GPIO.o
 .group         0x0000000000000000        0xc stm32_f103c6_driver/stm32_f103c6_driver_GPIO.o
 .group         0x0000000000000000        0xc stm32_f103c6_driver/stm32_f103c6_driver_GPIO.o
 .group         0x0000000000000000        0xc stm32_f103c6_driver/stm32_f103c6_driver_GPIO.o
 .group         0x0000000000000000        0xc stm32_f103c6_driver/stm32_f103c6_driver_GPIO.o
 .group         0x0000000000000000        0xc stm32_f103c6_driver/stm32_f103c6_driver_GPIO.o
 .group         0x0000000000000000        0xc stm32_f103c6_driver/stm32_f103c6_driver_GPIO.o
 .group         0x0000000000000000        0xc stm32_f103c6_driver/stm32_f103c6_driver_GPIO.o
 .group         0x0000000000000000        0xc stm32_f103c6_driver/stm32_f103c6_driver_GPIO.o
 .group         0x0000000000000000        0xc stm32_f103c6_driver/stm32_f103c6_driver_GPIO.o
 .group         0x0000000000000000        0xc stm32_f103c6_driver/stm32_f103c6_driver_GPIO.o
 .group         0x0000000000000000        0xc stm32_f103c6_driver/stm32_f103c6_driver_GPIO.o
 .group         0x0000000000000000        0xc stm32_f103c6_driver/stm32_f103c6_driver_GPIO.o
 .group         0x0000000000000000        0xc stm32_f103c6_driver/stm32_f103c6_driver_GPIO.o
 .group         0x0000000000000000        0xc stm32_f103c6_driver/stm32_f103c6_driver_GPIO.o
 .text          0x0000000000000000        0x0 stm32_f103c6_driver/stm32_f103c6_driver_GPIO.o
 .data          0x0000000000000000        0x0 stm32_f103c6_driver/stm32_f103c6_driver_GPIO.o
 .bss           0x0000000000000000        0x0 stm32_f103c6_driver/stm32_f103c6_driver_GPIO.o
 .text.MCAL_GPIO_DeInit
                0x0000000000000000       0xd4 stm32_f103c6_driver/stm32_f103c6_driver_GPIO.o
 .text.MCAL_GPIO_ReadPort
                0x0000000000000000       0x1a stm32_f103c6_driver/stm32_f103c6_driver_GPIO.o
 .text.MCAL_GPIO_TogglePin
                0x0000000000000000       0x22 stm32_f103c6_driver/stm32_f103c6_driver_GPIO.o
 .text.MCAL_GPIO_LockPin
                0x0000000000000000       0x4e stm32_f103c6_driver/stm32_f103c6_driver_GPIO.o
 .debug_macro   0x0000000000000000      0xa60 stm32_f103c6_driver/stm32_f103c6_driver_GPIO.o
 .debug_macro   0x0000000000000000       0x18 stm32_f103c6_driver/stm32_f103c6_driver_GPIO.o
 .debug_macro   0x0000000000000000       0x22 stm32_f103c6_driver/stm32_f103c6_driver_GPIO.o
 .debug_macro   0x0000000000000000       0x40 stm32_f103c6_driver/stm32_f103c6_driver_GPIO.o
 .debug_macro   0x0000000000000000       0x94 stm32_f103c6_driver/stm32_f103c6_driver_GPIO.o
 .debug_macro   0x0000000000000000       0x3c stm32_f103c6_driver/stm32_f103c6_driver_GPIO.o
 .debug_macro   0x0000000000000000       0x34 stm32_f103c6_driver/stm32_f103c6_driver_GPIO.o
 .debug_macro   0x0000000000000000       0x16 stm32_f103c6_driver/stm32_f103c6_driver_GPIO.o
 .debug_macro   0x0000000000000000      0x10e stm32_f103c6_driver/stm32_f103c6_driver_GPIO.o
 .debug_macro   0x0000000000000000       0x8d stm32_f103c6_driver/stm32_f103c6_driver_GPIO.o
 .debug_macro   0x0000000000000000       0x57 stm32_f103c6_driver/stm32_f103c6_driver_GPIO.o
 .debug_macro   0x0000000000000000       0x52 stm32_f103c6_driver/stm32_f103c6_driver_GPIO.o
 .debug_macro   0x0000000000000000       0x1f stm32_f103c6_driver/stm32_f103c6_driver_GPIO.o
 .debug_macro   0x0000000000000000       0x43 stm32_f103c6_driver/stm32_f103c6_driver_GPIO.o
 .debug_macro   0x0000000000000000       0x20 stm32_f103c6_driver/stm32_f103c6_driver_GPIO.o
 .debug_macro   0x0000000000000000      0x1a3 stm32_f103c6_driver/stm32_f103c6_driver_GPIO.o
 .debug_macro   0x0000000000000000      0x330 stm32_f103c6_driver/stm32_f103c6_driver_GPIO.o
 .debug_macro   0x0000000000000000       0x16 stm32_f103c6_driver/stm32_f103c6_driver_GPIO.o
 .debug_macro   0x0000000000000000       0x29 stm32_f103c6_driver/stm32_f103c6_driver_GPIO.o
 .debug_macro   0x0000000000000000       0xef stm32_f103c6_driver/stm32_f103c6_driver_GPIO.o
 .debug_macro   0x0000000000000000       0x6a stm32_f103c6_driver/stm32_f103c6_driver_GPIO.o
 .debug_macro   0x0000000000000000      0x1df stm32_f103c6_driver/stm32_f103c6_driver_GPIO.o
 .debug_macro   0x0000000000000000      0x1b0 stm32_f103c6_driver/stm32_f103c6_driver_GPIO.o
 .debug_macro   0x0000000000000000       0xd0 stm32_f103c6_driver/stm32_f103c6_driver_GPIO.o
 .text          0x0000000000000000        0x0 c:/st/stm32cubeide_1.4.0/stm32cubeide/plugins/com.st.stm32cube.ide.mcu.externaltools.gnu-tools-for-stm32.7-2018-q2-update.win32_1.4.0.202007081208/tools/bin/../lib/gcc/arm-none-eabi/7.3.1/../../../../arm-none-eabi/lib/thumb/v7-m\libc_nano.a(lib_a-errno.o)
 .data          0x0000000000000000        0x0 c:/st/stm32cubeide_1.4.0/stm32cubeide/plugins/com.st.stm32cube.ide.mcu.externaltools.gnu-tools-for-stm32.7-2018-q2-update.win32_1.4.0.202007081208/tools/bin/../lib/gcc/arm-none-eabi/7.3.1/../../../../arm-none-eabi/lib/thumb/v7-m\libc_nano.a(lib_a-errno.o)
 .bss           0x0000000000000000        0x0 c:/st/stm32cubeide_1.4.0/stm32cubeide/plugins/com.st.stm32cube.ide.mcu.externaltools.gnu-tools-for-stm32.7-2018-q2-update.win32_1.4.0.202007081208/tools/bin/../lib/gcc/arm-none-eabi/7.3.1/../../../../arm-none-eabi/lib/thumb/v7-m\libc_nano.a(lib_a-errno.o)
 .text.__errno  0x0000000000000000        0xc c:/st/stm32cubeide_1.4.0/stm32cubeide/plugins/com.st.stm32cube.ide.mcu.externaltools.gnu-tools-for-stm32.7-2018-q2-update.win32_1.4.0.202007081208/tools/bin/../lib/gcc/arm-none-eabi/7.3.1/../../../../arm-none-eabi/lib/thumb/v7-m\libc_nano.a(lib_a-errno.o)
 .debug_frame   0x0000000000000000       0x20 c:/st/stm32cubeide_1.4.0/stm32cubeide/plugins/com.st.stm32cube.ide.mcu.externaltools.gnu-tools-for-stm32.7-2018-q2-update.win32_1.4.0.202007081208/tools/bin/../lib/gcc/arm-none-eabi/7.3.1/../../../../arm-none-eabi/lib/thumb/v7-m\libc_nano.a(lib_a-errno.o)
 .ARM.attributes
                0x0000000000000000       0x2d c:/st/stm32cubeide_1.4.0/stm32cubeide/plugins/com.st.stm32cube.ide.mcu.externaltools.gnu-tools-for-stm32.7-2018-q2-update.win32_1.4.0.202007081208/tools/bin/../lib/gcc/arm-none-eabi/7.3.1/../../../../arm-none-eabi/lib/thumb/v7-m\libc_nano.a(lib_a-errno.o)
 .text          0x0000000000000000        0x0 c:/st/stm32cubeide_1.4.0/stm32cubeide/plugins/com.st.stm32cube.ide.mcu.externaltools.gnu-tools-for-stm32.7-2018-q2-update.win32_1.4.0.202007081208/tools/bin/../lib/gcc/arm-none-eabi/7.3.1/../../../../arm-none-eabi/lib/thumb/v7-m\libc_nano.a(lib_a-exit.o)
 .data          0x0000000000000000        0x0 c:/st/stm32cubeide_1.4.0/stm32cubeide/plugins/com.st.stm32cube.ide.mcu.externaltools.gnu-tools-for-stm32.7-2018-q2-update.win32_1.4.0.202007081208/tools/bin/../lib/gcc/arm-none-eabi/7.3.1/../../../../arm-none-eabi/lib/thumb/v7-m\libc_nano.a(lib_a-exit.o)
 .bss           0x0000000000000000        0x0 c:/st/stm32cubeide_1.4.0/stm32cubeide/plugins/com.st.stm32cube.ide.mcu.externaltools.gnu-tools-for-stm32.7-2018-q2-update.win32_1.4.0.202007081208/tools/bin/../lib/gcc/arm-none-eabi/7.3.1/../../../../arm-none-eabi/lib/thumb/v7-m\libc_nano.a(lib_a-exit.o)
 .text.exit     0x0000000000000000       0x28 c:/st/stm32cubeide_1.4.0/stm32cubeide/plugins/com.st.stm32cube.ide.mcu.externaltools.gnu-tools-for-stm32.7-2018-q2-update.win32_1.4.0.202007081208/tools/bin/../lib/gcc/arm-none-eabi/7.3.1/../../../../arm-none-eabi/lib/thumb/v7-m\libc_nano.a(lib_a-exit.o)
 .debug_frame   0x0000000000000000       0x28 c:/st/stm32cubeide_1.4.0/stm32cubeide/plugins/com.st.stm32cube.ide.mcu.externaltools.gnu-tools-for-stm32.7-2018-q2-update.win32_1.4.0.202007081208/tools/bin/../lib/gcc/arm-none-eabi/7.3.1/../../../../arm-none-eabi/lib/thumb/v7-m\libc_nano.a(lib_a-exit.o)
 .ARM.attributes
                0x0000000000000000       0x2d c:/st/stm32cubeide_1.4.0/stm32cubeide/plugins/com.st.stm32cube.ide.mcu.externaltools.gnu-tools-for-stm32.7-2018-q2-update.win32_1.4.0.202007081208/tools/bin/../lib/gcc/arm-none-eabi/7.3.1/../../../../arm-none-eabi/lib/thumb/v7-m\libc_nano.a(lib_a-exit.o)
 .text          0x0000000000000000        0x0 c:/st/stm32cubeide_1.4.0/stm32cubeide/plugins/com.st.stm32cube.ide.mcu.externaltools.gnu-tools-for-stm32.7-2018-q2-update.win32_1.4.0.202007081208/tools/bin/../lib/gcc/arm-none-eabi/7.3.1/../../../../arm-none-eabi/lib/thumb/v7-m\libc_nano.a(lib_a-impure.o)
 .data          0x0000000000000000        0x0 c:/st/stm32cubeide_1.4.0/stm32cubeide/plugins/com.st.stm32cube.ide.mcu.externaltools.gnu-tools-for-stm32.7-2018-q2-update.win32_1.4.0.202007081208/tools/bin/../lib/gcc/arm-none-eabi/7.3.1/../../../../arm-none-eabi/lib/thumb/v7-m\libc_nano.a(lib_a-impure.o)
 .bss           0x0000000000000000        0x0 c:/st/stm32cubeide_1.4.0/stm32cubeide/plugins/com.st.stm32cube.ide.mcu.externaltools.gnu-tools-for-stm32.7-2018-q2-update.win32_1.4.0.202007081208/tools/bin/../lib/gcc/arm-none-eabi/7.3.1/../../../../arm-none-eabi/lib/thumb/v7-m\libc_nano.a(lib_a-impure.o)
 .data._impure_ptr
                0x0000000000000000        0x4 c:/st/stm32cubeide_1.4.0/stm32cubeide/plugins/com.st.stm32cube.ide.mcu.externaltools.gnu-tools-for-stm32.7-2018-q2-update.win32_1.4.0.202007081208/tools/bin/../lib/gcc/arm-none-eabi/7.3.1/../../../../arm-none-eabi/lib/thumb/v7-m\libc_nano.a(lib_a-impure.o)
 .data.impure_data
                0x0000000000000000       0x60 c:/st/stm32cubeide_1.4.0/stm32cubeide/plugins/com.st.stm32cube.ide.mcu.externaltools.gnu-tools-for-stm32.7-2018-q2-update.win32_1.4.0.202007081208/tools/bin/../lib/gcc/arm-none-eabi/7.3.1/../../../../arm-none-eabi/lib/thumb/v7-m\libc_nano.a(lib_a-impure.o)
 .rodata._global_impure_ptr
                0x0000000000000000        0x4 c:/st/stm32cubeide_1.4.0/stm32cubeide/plugins/com.st.stm32cube.ide.mcu.externaltools.gnu-tools-for-stm32.7-2018-q2-update.win32_1.4.0.202007081208/tools/bin/../lib/gcc/arm-none-eabi/7.3.1/../../../../arm-none-eabi/lib/thumb/v7-m\libc_nano.a(lib_a-impure.o)
 .ARM.attributes
                0x0000000000000000       0x2d c:/st/stm32cubeide_1.4.0/stm32cubeide/plugins/com.st.stm32cube.ide.mcu.externaltools.gnu-tools-for-stm32.7-2018-q2-update.win32_1.4.0.202007081208/tools/bin/../lib/gcc/arm-none-eabi/7.3.1/../../../../arm-none-eabi/lib/thumb/v7-m\libc_nano.a(lib_a-impure.o)
 .text          0x0000000000000000        0x0 c:/st/stm32cubeide_1.4.0/stm32cubeide/plugins/com.st.stm32cube.ide.mcu.externaltools.gnu-tools-for-stm32.7-2018-q2-update.win32_1.4.0.202007081208/tools/bin/../lib/gcc/arm-none-eabi/7.3.1/../../../../arm-none-eabi/lib/thumb/v7-m\libc_nano.a(lib_a-init.o)
 .data          0x0000000000000000        0x0 c:/st/stm32cubeide_1.4.0/stm32cubeide/plugins/com.st.stm32cube.ide.mcu.externaltools.gnu-tools-for-stm32.7-2018-q2-update.win32_1.4.0.202007081208/tools/bin/../lib/gcc/arm-none-eabi/7.3.1/../../../../arm-none-eabi/lib/thumb/v7-m\libc_nano.a(lib_a-init.o)
 .bss           0x0000000000000000        0x0 c:/st/stm32cubeide_1.4.0/stm32cubeide/plugins/com.st.stm32cube.ide.mcu.externaltools.gnu-tools-for-stm32.7-2018-q2-update.win32_1.4.0.202007081208/tools/bin/../lib/gcc/arm-none-eabi/7.3.1/../../../../arm-none-eabi/lib/thumb/v7-m\libc_nano.a(lib_a-init.o)
 .text          0x0000000000000000        0x0 c:/st/stm32cubeide_1.4.0/stm32cubeide/plugins/com.st.stm32cube.ide.mcu.externaltools.gnu-tools-for-stm32.7-2018-q2-update.win32_1.4.0.202007081208/tools/bin/../lib/gcc/arm-none-eabi/7.3.1/../../../../arm-none-eabi/lib/thumb/v7-m\libc_nano.a(lib_a-memset.o)
 .data          0x0000000000000000        0x0 c:/st/stm32cubeide_1.4.0/stm32cubeide/plugins/com.st.stm32cube.ide.mcu.externaltools.gnu-tools-for-stm32.7-2018-q2-update.win32_1.4.0.202007081208/tools/bin/../lib/gcc/arm-none-eabi/7.3.1/../../../../arm-none-eabi/lib/thumb/v7-m\libc_nano.a(lib_a-memset.o)
 .bss           0x0000000000000000        0x0 c:/st/stm32cubeide_1.4.0/stm32cubeide/plugins/com.st.stm32cube.ide.mcu.externaltools.gnu-tools-for-stm32.7-2018-q2-update.win32_1.4.0.202007081208/tools/bin/../lib/gcc/arm-none-eabi/7.3.1/../../../../arm-none-eabi/lib/thumb/v7-m\libc_nano.a(lib_a-memset.o)
 .text.memset   0x0000000000000000       0x10 c:/st/stm32cubeide_1.4.0/stm32cubeide/plugins/com.st.stm32cube.ide.mcu.externaltools.gnu-tools-for-stm32.7-2018-q2-update.win32_1.4.0.202007081208/tools/bin/../lib/gcc/arm-none-eabi/7.3.1/../../../../arm-none-eabi/lib/thumb/v7-m\libc_nano.a(lib_a-memset.o)
 .debug_frame   0x0000000000000000       0x20 c:/st/stm32cubeide_1.4.0/stm32cubeide/plugins/com.st.stm32cube.ide.mcu.externaltools.gnu-tools-for-stm32.7-2018-q2-update.win32_1.4.0.202007081208/tools/bin/../lib/gcc/arm-none-eabi/7.3.1/../../../../arm-none-eabi/lib/thumb/v7-m\libc_nano.a(lib_a-memset.o)
 .ARM.attributes
                0x0000000000000000       0x2d c:/st/stm32cubeide_1.4.0/stm32cubeide/plugins/com.st.stm32cube.ide.mcu.externaltools.gnu-tools-for-stm32.7-2018-q2-update.win32_1.4.0.202007081208/tools/bin/../lib/gcc/arm-none-eabi/7.3.1/../../../../arm-none-eabi/lib/thumb/v7-m\libc_nano.a(lib_a-memset.o)
 .text          0x0000000000000000        0x0 c:/st/stm32cubeide_1.4.0/stm32cubeide/plugins/com.st.stm32cube.ide.mcu.externaltools.gnu-tools-for-stm32.7-2018-q2-update.win32_1.4.0.202007081208/tools/bin/../lib/gcc/arm-none-eabi/7.3.1/thumb/v7-m/crtend.o
 .data          0x0000000000000000        0x0 c:/st/stm32cubeide_1.4.0/stm32cubeide/plugins/com.st.stm32cube.ide.mcu.externaltools.gnu-tools-for-stm32.7-2018-q2-update.win32_1.4.0.202007081208/tools/bin/../lib/gcc/arm-none-eabi/7.3.1/thumb/v7-m/crtend.o
 .bss           0x0000000000000000        0x0 c:/st/stm32cubeide_1.4.0/stm32cubeide/plugins/com.st.stm32cube.ide.mcu.externaltools.gnu-tools-for-stm32.7-2018-q2-update.win32_1.4.0.202007081208/tools/bin/../lib/gcc/arm-none-eabi/7.3.1/thumb/v7-m/crtend.o
 .eh_frame      0x0000000000000000        0x4 c:/st/stm32cubeide_1.4.0/stm32cubeide/plugins/com.st.stm32cube.ide.mcu.externaltools.gnu-tools-for-stm32.7-2018-q2-update.win32_1.4.0.202007081208/tools/bin/../lib/gcc/arm-none-eabi/7.3.1/thumb/v7-m/crtend.o
 .ARM.attributes
                0x0000000000000000       0x2d c:/st/stm32cubeide_1.4.0/stm32cubeide/plugins/com.st.stm32cube.ide.mcu.externaltools.gnu-tools-for-stm32.7-2018-q2-update.win32_1.4.0.202007081208/tools/bin/../lib/gcc/arm-none-eabi/7.3.1/thumb/v7-m/crtend.o
 .text          0x0000000000000000        0x0 c:/st/stm32cubeide_1.4.0/stm32cubeide/plugins/com.st.stm32cube.ide.mcu.externaltools.gnu-tools-for-stm32.7-2018-q2-update.win32_1.4.0.202007081208/tools/bin/../lib/gcc/arm-none-eabi/7.3.1/thumb/v7-m/crtn.o
 .data          0x0000000000000000        0x0 c:/st/stm32cubeide_1.4.0/stm32cubeide/plugins/com.st.stm32cube.ide.mcu.externaltools.gnu-tools-for-stm32.7-2018-q2-update.win32_1.4.0.202007081208/tools/bin/../lib/gcc/arm-none-eabi/7.3.1/thumb/v7-m/crtn.o
 .bss           0x0000000000000000        0x0 c:/st/stm32cubeide_1.4.0/stm32cubeide/plugins/com.st.stm32cube.ide.mcu.externaltools.gnu-tools-for-stm32.7-2018-q2-update.win32_1.4.0.202007081208/tools/bin/../lib/gcc/arm-none-eabi/7.3.1/thumb/v7-m/crtn.o

Memory Configuration

Name             Origin             Length             Attributes
RAM              0x0000000020000000 0x0000000000002800 xrw
ROM              0x0000000008000000 0x0000000000008000 xr
*default*        0x0000000000000000 0xffffffffffffffff

Linker script and memory map

LOAD c:/st/stm32cubeide_1.4.0/stm32cubeide/plugins/com.st.stm32cube.ide.mcu.externaltools.gnu-tools-for-stm32.7-2018-q2-update.win32_1.4.0.202007081208/tools/bin/../lib/gcc/arm-none-eabi/7.3.1/thumb/v7-m/crti.o
LOAD c:/st/stm32cubeide_1.4.0/stm32cubeide/plugins/com.st.stm32cube.ide.mcu.externaltools.gnu-tools-for-stm32.7-2018-q2-update.win32_1.4.0.202007081208/tools/bin/../lib/gcc/arm-none-eabi/7.3.1/thumb/v7-m/crtbegin.o
LOAD c:/st/stm32cubeide_1.4.0/stm32cubeide/plugins/com.st.stm32cube.ide.mcu.externaltools.gnu-tools-for-stm32.7-2018-q2-update.win32_1.4.0.202007081208/tools/bin/../lib/gcc/arm-none-eabi/7.3.1/../../../../arm-none-eabi/lib/thumb/v7-m/crt0.o
LOAD HAL/keypad.o
LOAD HAL/lcd.o
LOAD Src/main.o
LOAD Src/syscalls.o
LOAD Src/sysmem.o
LOAD Startup/startup_stm32f103c6tx.o
LOAD stm32_f103c6_driver/stm32_f103c6_driver_EXTI.o
LOAD stm32_f103c6_driver/stm32_f103c6_driver_GPIO.o
START GROUP
LOAD c:/st/stm32cubeide_1.4.0/stm32cubeide/plugins/com.st.stm32cube.ide.mcu.externaltools.gnu-tools-for-stm32.7-2018-q2-update.win32_1.4.0.202007081208/tools/bin/../lib/gcc/arm-none-eabi/7.3.1/../../../../arm-none-eabi/lib/thumb/v7-m\libc_nano.a
LOAD c:/st/stm32cubeide_1.4.0/stm32cubeide/plugins/com.st.stm32cube.ide.mcu.externaltools.gnu-tools-for-stm32.7-2018-q2-update.win32_1.4.0.202007081208/tools/bin/../lib/gcc/arm-none-eabi/7.3.1/../../../../arm-none-eabi/lib/thumb/v7-m\libm.a
END GROUP
START GROUP
LOAD c:/st/stm32cubeide_1.4.0/stm32cubeide/plugins/com.st.stm32cube.ide.mcu.externaltools.gnu-tools-for-stm32.7-2018-q2-update.win32_1.4.0.202007081208/tools/bin/../lib/gcc/arm-none-eabi/7.3.1/thumb/v7-m\libgcc.a
LOAD c:/st/stm32cubeide_1.4.0/stm32cubeide/plugins/com.st.stm32cube.ide.mcu.externaltools.gnu-tools-for-stm32.7-2018-q2-update.win32_1.4.0.202007081208/tools/bin/../lib/gcc/arm-none-eabi/7.3.1/../../../../arm-none-eabi/lib/thumb/v7-m\libg_nano.a
LOAD c:/st/stm32cubeide_1.4.0/stm32cubeide/plugins/com.st.stm32cube.ide.mcu.externaltools.gnu-tools-for-stm32.7-2018-q2-update.win32_1.4.0.202007081208/tools/bin/../lib/gcc/arm-none-eabi/7.3.1/../../../../arm-none-eabi/lib/thumb/v7-m\libc_nano.a
END GROUP
START GROUP
LOAD c:/st/stm32cubeide_1.4.0/stm32cubeide/plugins/com.st.stm32cube.ide.mcu.externaltools.gnu-tools-for-stm32.7-2018-q2-update.win32_1.4.0.202007081208/tools/bin/../lib/gcc/arm-none-eabi/7.3.1/thumb/v7-m\libgcc.a
LOAD c:/st/stm32cubeide_1.4.0/stm32cubeide/plugins/com.st.stm32cube.ide.mcu.externaltools.gnu-tools-for-stm32.7-2018-q2-update.win32_1.4.0.202007081208/tools/bin/../lib/gcc/arm-none-eabi/7.3.1/../../../../arm-none-eabi/lib/thumb/v7-m\libc_nano.a
LOAD c:/st/stm32cubeide_1.4.0/stm32cubeide/plugins/com.st.stm32cube.ide.mcu.externaltools.gnu-tools-for-stm32.7-2018-q2-update.win32_1.4.0.202007081208/tools/bin/../lib/gcc/arm-none-eabi/7.3.1/../../../../arm-none-eabi/lib/thumb/v7-m\libnosys.a
END GROUP
START GROUP
LOAD c:/st/stm32cubeide_1.4.0/stm32cubeide/plugins/com.st.stm32cube.ide.mcu.externaltools.gnu-tools-for-stm32.7-2018-q2-update.win32_1.4.0.202007081208/tools/bin/../lib/gcc/arm-none-eabi/7.3.1/thumb/v7-m\libgcc.a
LOAD c:/st/stm32cubeide_1.4.0/stm32cubeide/plugins/com.st.stm32cube.ide.mcu.externaltools.gnu-tools-for-stm32.7-2018-q2-update.win32_1.4.0.202007081208/tools/bin/../lib/gcc/arm-none-eabi/7.3.1/../../../../arm-none-eabi/lib/thumb/v7-m\libc_nano.a
LOAD c:/st/stm32cubeide_1.4.0/stm32cubeide/plugins/com.st.stm32cube.ide.mcu.externaltools.gnu-tools-for-stm32.7-2018-q2-update.win32_1.4.0.202007081208/tools/bin/../lib/gcc/arm-none-eabi/7.3.1/../../../../arm-none-eabi/lib/thumb/v7-m\libnosys.a
END GROUP
LOAD c:/st/stm32cubeide_1.4.0/stm32cubeide/plugins/com.st.stm32cube.ide.mcu.externaltools.gnu-tools-for-stm32.7-2018-q2-update.win32_1.4.0.202007081208/tools/bin/../lib/gcc/arm-none-eabi/7.3.1/thumb/v7-m/crtend.o
LOAD c:/st/stm32cubeide_1.4.0/stm32cubeide/plugins/com.st.stm32cube.ide.mcu.externaltools.gnu-tools-for-stm32.7-2018-q2-update.win32_1.4.0.202007081208/tools/bin/../lib/gcc/arm-none-eabi/7.3.1/thumb/v7-m/crtn.o
                0x0000000020002800                _estack = (ORIGIN (RAM) + LENGTH (RAM))
                0x0000000000000200                _Min_Heap_Size = 0x200
                0x0000000000000400                _Min_Stack_Size = 0x400

.isr_vector     0x0000000008000000      0x130
                0x0000000008000000                . = ALIGN (0x4)
 *(.isr_vector)
 .isr_vector    0x0000000008000000      0x130 Startup/startup_stm32f103c6tx.o
                0x0000000008000000                g_pfnVectors
                0x0000000008000130                . = ALIGN (0x4)

.text           0x0000000008000130      0xcd8
                0x0000000008000130                . = ALIGN (0x4)
 *(.text)
 .text          0x0000000008000130       0x40 c:/st/stm32cubeide_1.4.0/stm32cubeide/plugins/com.st.stm32cube.ide.mcu.externaltools.gnu-tools-for-stm32.7-2018-q2-update.win32_1.4.0.202007081208/tools/bin/../lib/gcc/arm-none-eabi/7.3.1/thumb/v7-m/crtbegin.o
 *(.text*)
 .text.Keypad_init
                0x0000000008000170       0xcc HAL/keypad.o
                0x0000000008000170                Keypad_init
 .text.Keypad_getkey
                0x000000000800023c      0x194 HAL/keypad.o
                0x000000000800023c                Keypad_getkey
 .text.delay_ms
                0x00000000080003d0       0x38 HAL/lcd.o
                0x00000000080003d0                delay_ms
 .text.LCD_GPIO_init
                0x0000000008000408      0x158 HAL/lcd.o
                0x0000000008000408                LCD_GPIO_init
 .text.LCD_clear_screen
                0x0000000008000560        0xe HAL/lcd.o
                0x0000000008000560                LCD_clear_screen
 *fill*         0x000000000800056e        0x2 
 .text.LCD_lcd_kick
                0x0000000008000570       0x2c HAL/lcd.o
                0x0000000008000570                LCD_lcd_kick
 .text.LCD_GOTO_XY
                0x000000000800059c       0x48 HAL/lcd.o
                0x000000000800059c                LCD_GOTO_XY
 .text.LCD_INIT
                0x00000000080005e4       0x3a HAL/lcd.o
                0x00000000080005e4                LCD_INIT
 *fill*         0x000000000800061e        0x2 
 .text.LCD_WRITE_COMMAND
                0x0000000008000620       0x44 HAL/lcd.o
                0x0000000008000620                LCD_WRITE_COMMAND
 .text.LCD_WRITE_CHAR
                0x0000000008000664       0x44 HAL/lcd.o
                0x0000000008000664                LCD_WRITE_CHAR
 .text.LCD_WRITE_STRING
                0x00000000080006a8       0x58 HAL/lcd.o
                0x00000000080006a8                LCD_WRITE_STRING
 .text.clock_init
                0x0000000008000700       0x28 Src/main.o
                0x0000000008000700                clock_init
 .text.GPIO_init
                0x0000000008000728       0xbc Src/main.o
                0x0000000008000728                GPIO_init
 .text.wait_ms  0x00000000080007e4       0x38 Src/main.o
                0x00000000080007e4                wait_ms
 .text.main     0x000000000800081c       0xdc Src/main.o
                0x000000000800081c                main
 .text.Reset_Handler
                0x00000000080008f8       0x50 Startup/startup_stm32f103c6tx.o
                0x00000000080008f8                Reset_Handler
 .text.Default_Handler
                0x0000000008000948        0x2 Startup/startup_stm32f103c6tx.o
                0x0000000008000948                TIM8_TRG_COM_IRQHandler
                0x0000000008000948                TIM8_CC_IRQHandler
                0x0000000008000948                DebugMon_Handler
                0x0000000008000948                TIM1_CC_IRQHandler
                0x0000000008000948                HardFault_Handler
                0x0000000008000948                TIM6_IRQHandler
                0x0000000008000948                SysTick_Handler
                0x0000000008000948                PVD_IRQHandler
                0x0000000008000948                SDIO_IRQHandler
                0x0000000008000948                PendSV_Handler
                0x0000000008000948                NMI_Handler
                0x0000000008000948                USB_HP_CAN_TX_IRQHandler
                0x0000000008000948                I2C2_EV_IRQHandler
                0x0000000008000948                UsageFault_Handler
                0x0000000008000948                ADC1_2_IRQHandler
                0x0000000008000948                SPI1_IRQHandler
                0x0000000008000948                CAN_SCE_IRQHandler
                0x0000000008000948                TAMPER_IRQHandler
                0x0000000008000948                TIM8_UP_IRQHandler
                0x0000000008000948                DMA2_Channel2_IRQHandler
                0x0000000008000948                DMA1_Channel4_IRQHandler
                0x0000000008000948                USART3_IRQHandler
                0x0000000008000948                RTC_IRQHandler
                0x0000000008000948                DMA1_Channel7_IRQHandler
                0x0000000008000948                UART5_IRQHandler
                0x0000000008000948                ADC3_IRQHandler
                0x0000000008000948                TIM4_IRQHandler
                0x0000000008000948                CAN_RX1_IRQHandler
                0x0000000008000948                DMA2_Channel1_IRQHandler
                0x0000000008000948                I2C1_EV_IRQHandler
                0x0000000008000948                DMA1_Channel6_IRQHandler
                0x0000000008000948                UART4_IRQHandler
                0x0000000008000948                TIM3_IRQHandler
                0x0000000008000948                RCC_IRQHandler
                0x0000000008000948                TIM1_TRG_COM_IRQHandler
                0x0000000008000948                DMA1_Channel1_IRQHandler
                0x0000000008000948                Default_Handler
                0x0000000008000948                TIM7_IRQHandler
                0x0000000008000948                TIM5_IRQHandler
                0x0000000008000948                SPI2_IRQHandler
                0x0000000008000948                USB_LP_CAN_RX0_IRQHandler
                0x0000000008000948                MemManage_Handler
                0x0000000008000948                SVC_Handler
                0x0000000008000948                DMA1_Channel5_IRQHandler
                0x0000000008000948                DMA1_Channel3_IRQHandler
                0x0000000008000948                FSMC_IRQHandler
                0x0000000008000948                TIM1_UP_IRQHandler
                0x0000000008000948                WWDG_IRQHandler
                0x0000000008000948                TIM2_IRQHandler
                0x0000000008000948                TIM1_BRK_IRQHandler
                0x0000000008000948                RTCAlarm_IRQHandler
                0x0000000008000948                DMA2_Channel4_5_IRQHandler
                0x0000000008000948                USART2_IRQHandler
                0x0000000008000948                I2C2_ER_IRQHandler
                0x0000000008000948                DMA1_Channel2_IRQHandler
                0x0000000008000948                TIM8_BRK_IRQHandler
                0x0000000008000948                FLASH_IRQHandler
                0x0000000008000948                BusFault_Handler
                0x0000000008000948                USART1_IRQHandler
                0x0000000008000948                SPI3_IRQHandler
                0x0000000008000948                I2C1_ER_IRQHandler
                0x0000000008000948                DMA2_Channel3_IRQHandler
 *fill*         0x000000000800094a        0x2 
 .text.EXTI0_IRQHandler
                0x000000000800094c       0x24 stm32_f103c6_driver/stm32_f103c6_driver_EXTI.o
                0x000000000800094c                EXTI0_IRQHandler
 .text.EXTI1_IRQHandler
                0x0000000008000970       0x24 stm32_f103c6_driver/stm32_f103c6_driver_EXTI.o
                0x0000000008000970                EXTI1_IRQHandler
 .text.EXTI2_IRQHandler
                0x0000000008000994       0x24 stm32_f103c6_driver/stm32_f103c6_driver_EXTI.o
                0x0000000008000994                EXTI2_IRQHandler
 .text.EXTI3_IRQHandler
                0x00000000080009b8       0x24 stm32_f103c6_driver/stm32_f103c6_driver_EXTI.o
                0x00000000080009b8                EXTI3_IRQHandler
 .text.EXTI4_IRQHandler
                0x00000000080009dc       0x24 stm32_f103c6_driver/stm32_f103c6_driver_EXTI.o
                0x00000000080009dc                EXTI4_IRQHandler
 .text.EXTI9_5_IRQHandler
                0x0000000008000a00       0xa8 stm32_f103c6_driver/stm32_f103c6_driver_EXTI.o
                0x0000000008000a00                EXTI9_5_IRQHandler
 .text.EXTI15_10_IRQHandler
                0x0000000008000aa8       0xc4 stm32_f103c6_driver/stm32_f103c6_driver_EXTI.o
                0x0000000008000aa8                EXTI15_10_IRQHandler
 .text.Get_CRLH_Position
                0x0000000008000b6c       0xc6 stm32_f103c6_driver/stm32_f103c6_driver_GPIO.o
                0x0000000008000b6c                Get_CRLH_Position
 .text.MCAL_GPIO_Init
                0x0000000008000c32       0xfe stm32_f103c6_driver/stm32_f103c6_driver_GPIO.o
                0x0000000008000c32                MCAL_GPIO_Init
 .text.MCAL_GPIO_ReadPin
                0x0000000008000d30       0x2e stm32_f103c6_driver/stm32_f103c6_driver_GPIO.o
                0x0000000008000d30                MCAL_GPIO_ReadPin
 .text.MCAL_GPIO_WritePin
                0x0000000008000d5e       0x2e stm32_f103c6_driver/stm32_f103c6_driver_GPIO.o
                0x0000000008000d5e                MCAL_GPIO_WritePin
 .text.MCAL_GPIO_WritePort
                0x0000000008000d8c       0x1c stm32_f103c6_driver/stm32_f103c6_driver_GPIO.o
                0x0000000008000d8c                MCAL_GPIO_WritePort
 .text.__libc_init_array
                0x0000000008000da8       0x48 c:/st/stm32cubeide_1.4.0/stm32cubeide/plugins/com.st.stm32cube.ide.mcu.externaltools.gnu-tools-for-stm32.7-2018-q2-update.win32_1.4.0.202007081208/tools/bin/../lib/gcc/arm-none-eabi/7.3.1/../../../../arm-none-eabi/lib/thumb/v7-m\libc_nano.a(lib_a-init.o)
                0x0000000008000da8                __libc_init_array
 *(.glue_7)
 .glue_7        0x0000000008000df0        0x0 linker stubs
 *(.glue_7t)
 .glue_7t       0x0000000008000df0        0x0 linker stubs
 *(.eh_frame)
 .eh_frame      0x0000000008000df0        0x0 c:/st/stm32cubeide_1.4.0/stm32cubeide/plugins/com.st.stm32cube.ide.mcu.externaltools.gnu-tools-for-stm32.7-2018-q2-update.win32_1.4.0.202007081208/tools/bin/../lib/gcc/arm-none-eabi/7.3.1/thumb/v7-m/crtbegin.o
 *(.init)
 .init          0x0000000008000df0        0x4 c:/st/stm32cubeide_1.4.0/stm32cubeide/plugins/com.st.stm32cube.ide.mcu.externaltools.gnu-tools-for-stm32.7-2018-q2-update.win32_1.4.0.202007081208/tools/bin/../lib/gcc/arm-none-eabi/7.3.1/thumb/v7-m/crti.o
                0x0000000008000df0                _init
 .init          0x0000000008000df4        0x8 c:/st/stm32cubeide_1.4.0/stm32cubeide/plugins/com.st.stm32cube.ide.mcu.externaltools.gnu-tools-for-stm32.7-2018-q2-update.win32_1.4.0.202007081208/tools/bin/../lib/gcc/arm-none-eabi/7.3.1/thumb/v7-m/crtn.o
 *(.fini)
 .fini          0x0000000008000dfc        0x4 c:/st/stm32cubeide_1.4.0/stm32cubeide/plugins/com.st.stm32cube.ide.mcu.externaltools.gnu-tools-for-stm32.7-2018-q2-update.win32_1.4.0.202007081208/tools/bin/../lib/gcc/arm-none-eabi/7.3.1/thumb/v7-m/crti.o
                0x0000000008000dfc                _fini
 .fini          0x0000000008000e00        0x8 c:/st/stm32cubeide_1.4.0/stm32cubeide/plugins/com.st.stm32cube.ide.mcu.externaltools.gnu-tools-for-stm32.7-2018-q2-update.win32_1.4.0.202007081208/tools/bin/../lib/gcc/arm-none-eabi/7.3.1/thumb/v7-m/crtn.o
                0x0000000008000e08                . = ALIGN (0x4)
                0x0000000008000e08                _etext = .

.vfp11_veneer   0x0000000008000e08        0x0
 .vfp11_veneer  0x0000000008000e08        0x0 linker stubs

.v4_bx          0x0000000008000e08        0x0
 .v4_bx         0x0000000008000e08        0x0 linker stubs

.iplt           0x0000000008000e08        0x0
 .iplt          0x0000000008000e08        0x0 c:/st/stm32cubeide_1.4.0/stm32cubeide/plugins/com.st.stm32cube.ide.mcu.externaltools.gnu-tools-for-stm32.7-2018-q2-update.win32_1.4.0.202007081208/tools/bin/../lib/gcc/arm-none-eabi/7.3.1/thumb/v7-m/crtbegin.o

.rodata         0x0000000008000e08       0x2c
                0x0000000008000e08                . = ALIGN (0x4)
 *(.rodata)
 .rodata        0x0000000008000e08       0x2b Src/main.o
 *(.rodata*)
                0x0000000008000e34                . = ALIGN (0x4)
 *fill*         0x0000000008000e33        0x1 

.rel.dyn        0x0000000008000e34        0x0
 .rel.iplt      0x0000000008000e34        0x0 c:/st/stm32cubeide_1.4.0/stm32cubeide/plugins/com.st.stm32cube.ide.mcu.externaltools.gnu-tools-for-stm32.7-2018-q2-update.win32_1.4.0.202007081208/tools/bin/../lib/gcc/arm-none-eabi/7.3.1/thumb/v7-m/crtbegin.o

.ARM.extab      0x0000000008000e34        0x0
                0x0000000008000e34                . = ALIGN (0x4)
 *(.ARM.extab* .gnu.linkonce.armextab.*)
                0x0000000008000e34                . = ALIGN (0x4)

.ARM            0x0000000008000e34        0x0
                0x0000000008000e34                . = ALIGN (0x4)
                0x0000000008000e34                __exidx_start = .
 *(.ARM.exidx*)
                0x0000000008000e34                __exidx_end = .
                0x0000000008000e34                . = ALIGN (0x4)

.preinit_array  0x0000000008000e34        0x0
                0x0000000008000e34                . = ALIGN (0x4)
                0x0000000008000e34                PROVIDE (__preinit_array_start = .)
 *(.preinit_array*)
                0x0000000008000e34                PROVIDE (__preinit_array_end = .)
                0x0000000008000e34                . = ALIGN (0x4)

.init_array     0x0000000008000e34        0x4
                0x0000000008000e34                . = ALIGN (0x4)
                0x0000000008000e34                PROVIDE (__init_array_start = .)
 *(SORT_BY_NAME(.init_array.*))
 *(.init_array*)
 .init_array    0x0000000008000e34        0x4 c:/st/stm32cubeide_1.4.0/stm32cubeide/plugins/com.st.stm32cube.ide.mcu.externaltools.gnu-tools-for-stm32.7-2018-q2-update.win32_1.4.0.202007081208/tools/bin/../lib/gcc/arm-none-eabi/7.3.1/thumb/v7-m/crtbegin.o
                0x0000000008000e38                PROVIDE (__init_array_end = .)
                0x0000000008000e38                . = ALIGN (0x4)

.fini_array     0x0000000008000e38        0x4
                0x0000000008000e38                . = ALIGN (0x4)
                [!provide]                        PROVIDE (__fini_array_start = .)
 *(SORT_BY_NAME(.fini_array.*))
 *(.fini_array*)
 .fini_array    0x0000000008000e38        0x4 c:/st/stm32cubeide_1.4.0/stm32cubeide/plugins/com.st.stm32cube.ide.mcu.externaltools.gnu-tools-for-stm32.7-2018-q2-update.win32_1.4.0.202007081208/tools/bin/../lib/gcc/arm-none-eabi/7.3.1/thumb/v7-m/crtbegin.o
                [!provide]                        PROVIDE (__fini_array_end = .)
                0x0000000008000e3c                . = ALIGN (0x4)
                0x0000000008000e3c                _sidata = LOADADDR (.data)

.data           0x0000000020000000       0x20 load address 0x0000000008000e3c
                0x0000000020000000                . = ALIGN (0x4)
                0x0000000020000000                _sdata = .
 *(.data)
 *(.data*)
 .data.Key_padRow
                0x0000000020000000       0x10 HAL/keypad.o
                0x0000000020000000                Key_padRow
 .data.Key_padCol
                0x0000000020000010       0x10 HAL/keypad.o
                0x0000000020000010                Key_padCol
                0x0000000020000020                . = ALIGN (0x4)
                0x0000000020000020                _edata = .

.igot.plt       0x0000000020000020        0x0 load address 0x0000000008000e5c
 .igot.plt      0x0000000020000020        0x0 c:/st/stm32cubeide_1.4.0/stm32cubeide/plugins/com.st.stm32cube.ide.mcu.externaltools.gnu-tools-for-stm32.7-2018-q2-update.win32_1.4.0.202007081208/tools/bin/../lib/gcc/arm-none-eabi/7.3.1/thumb/v7-m/crtbegin.o
                0x0000000020000020                . = ALIGN (0x4)

.bss            0x0000000020000020       0x5c load address 0x0000000008000e5c
                0x0000000020000020                _sbss = .
                0x0000000020000020                __bss_start__ = _sbss
 *(.bss)
 .bss           0x0000000020000020       0x1c c:/st/stm32cubeide_1.4.0/stm32cubeide/plugins/com.st.stm32cube.ide.mcu.externaltools.gnu-tools-for-stm32.7-2018-q2-update.win32_1.4.0.202007081208/tools/bin/../lib/gcc/arm-none-eabi/7.3.1/thumb/v7-m/crtbegin.o
 *(.bss*)
 *(COMMON)
 COMMON         0x000000002000003c        0x4 HAL/lcd.o
                0x000000002000003c                PinCfg
 COMMON         0x0000000020000040       0x3c stm32_f103c6_driver/stm32_f103c6_driver_EXTI.o
                0x0000000020000040                GP_IRQ_CallBack
                0x000000002000007c                . = ALIGN (0x4)
                0x000000002000007c                _ebss = .
                0x000000002000007c                __bss_end__ = _ebss

._user_heap_stack
                0x000000002000007c      0x604 load address 0x0000000008000e5c
                0x0000000020000080                . = ALIGN (0x8)
 *fill*         0x000000002000007c        0x4 
                [!provide]                        PROVIDE (end = .)
                0x0000000020000080                PROVIDE (_end = .)
                0x0000000020000280                . = (. + _Min_Heap_Size)
 *fill*         0x0000000020000080      0x200 
                0x0000000020000680                . = (. + _Min_Stack_Size)
 *fill*         0x0000000020000280      0x400 
                0x0000000020000680                . = ALIGN (0x8)

/DISCARD/
 libc.a(*)
 libm.a(*)
 libgcc.a(*)

.ARM.attributes
                0x0000000000000000       0x29
 *(.ARM.attributes)
 .ARM.attributes
                0x0000000000000000       0x1d c:/st/stm32cubeide_1.4.0/stm32cubeide/plugins/com.st.stm32cube.ide.mcu.externaltools.gnu-tools-for-stm32.7-2018-q2-update.win32_1.4.0.202007081208/tools/bin/../lib/gcc/arm-none-eabi/7.3.1/thumb/v7-m/crti.o
 .ARM.attributes
                0x000000000000001d       0x2d c:/st/stm32cubeide_1.4.0/stm32cubeide/plugins/com.st.stm32cube.ide.mcu.externaltools.gnu-tools-for-stm32.7-2018-q2-update.win32_1.4.0.202007081208/tools/bin/../lib/gcc/arm-none-eabi/7.3.1/thumb/v7-m/crtbegin.o
 .ARM.attributes
                0x000000000000004a       0x33 HAL/keypad.o
 .ARM.attributes
                0x000000000000007d       0x33 HAL/lcd.o
 .ARM.attributes
                0x00000000000000b0       0x33 Src/main.o
 .ARM.attributes
                0x00000000000000e3       0x21 Startup/startup_stm32f103c6tx.o
 .ARM.attributes
                0x0000000000000104       0x33 stm32_f103c6_driver/stm32_f103c6_driver_EXTI.o
 .ARM.attributes
                0x0000000000000137       0x33 stm32_f103c6_driver/stm32_f103c6_driver_GPIO.o
 .ARM.attributes
                0x000000000000016a       0x2d c:/st/stm32cubeide_1.4.0/stm32cubeide/plugins/com.st.stm32cube.ide.mcu.externaltools.gnu-tools-for-stm32.7-2018-q2-update.win32_1.4.0.202007081208/tools/bin/../lib/gcc/arm-none-eabi/7.3.1/../../../../arm-none-eabi/lib/thumb/v7-m\libc_nano.a(lib_a-init.o)
 .ARM.attributes
                0x0000000000000197       0x1d c:/st/stm32cubeide_1.4.0/stm32cubeide/plugins/com.st.stm32cube.ide.mcu.externaltools.gnu-tools-for-stm32.7-2018-q2-update.win32_1.4.0.202007081208/tools/bin/../lib/gcc/arm-none-eabi/7.3.1/thumb/v7-m/crtn.o
OUTPUT(Keypad.elf elf32-littlearm)

.debug_info     0x0000000000000000     0x3e8b
 .debug_info    0x0000000000000000      0xb48 HAL/keypad.o
 .debug_info    0x0000000000000b48      0xbf3 HAL/lcd.o
 .debug_info    0x000000000000173b      0xc17 Src/main.o
 .debug_info    0x0000000000002352       0x22 Startup/startup_stm32f103c6tx.o
 .debug_info    0x0000000000002374      0xdba stm32_f103c6_driver/stm32_f103c6_driver_EXTI.o
 .debug_info    0x000000000000312e      0xd5d stm32_f103c6_driver/stm32_f103c6_driver_GPIO.o

.debug_abbrev   0x0000000000000000      0xa3f
 .debug_abbrev  0x0000000000000000      0x1de HAL/keypad.o
 .debug_abbrev  0x00000000000001de      0x1f4 HAL/lcd.o
 .debug_abbrev  0x00000000000003d2      0x201 Src/main.o
 .debug_abbrev  0x00000000000005d3       0x12 Startup/startup_stm32f103c6tx.o
 .debug_abbrev  0x00000000000005e5      0x228 stm32_f103c6_driver/stm32_f103c6_driver_EXTI.o
 .debug_abbrev  0x000000000000080d      0x232 stm32_f103c6_driver/stm32_f103c6_driver_GPIO.o

.debug_loc      0x0000000000000000      0xaec
 .debug_loc     0x0000000000000000       0xfc HAL/keypad.o
 .debug_loc     0x00000000000000fc      0x278 HAL/lcd.o
 .debug_loc     0x0000000000000374      0x128 Src/main.o
 .debug_loc     0x000000000000049c      0x320 stm32_f103c6_driver/stm32_f103c6_driver_EXTI.o
 .debug_loc     0x00000000000007bc      0x330 stm32_f103c6_driver/stm32_f103c6_driver_GPIO.o

.debug_aranges  0x0000000000000000      0x1d8
 .debug_aranges
                0x0000000000000000       0x30 HAL/keypad.o
 .debug_aranges
                0x0000000000000030       0x68 HAL/lcd.o
 .debug_aranges
                0x0000000000000098       0x38 Src/main.o
 .debug_aranges
                0x00000000000000d0       0x28 Startup/startup_stm32f103c6tx.o
 .debug_aranges
                0x00000000000000f8       0x80 stm32_f103c6_driver/stm32_f103c6_driver_EXTI.o
 .debug_aranges
                0x0000000000000178       0x60 stm32_f103c6_driver/stm32_f103c6_driver_GPIO.o

.debug_ranges   0x0000000000000000      0x180
 .debug_ranges  0x0000000000000000       0x20 HAL/keypad.o
 .debug_ranges  0x0000000000000020       0x58 HAL/lcd.o
 .debug_ranges  0x0000000000000078       0x28 Src/main.o
 .debug_ranges  0x00000000000000a0       0x20 Startup/startup_stm32f103c6tx.o
 .debug_ranges  0x00000000000000c0       0x70 stm32_f103c6_driver/stm32_f103c6_driver_EXTI.o
 .debug_ranges  0x0000000000000130       0x50 stm32_f103c6_driver/stm32_f103c6_driver_GPIO.o

.debug_macro    0x0000000000000000     0x24d8
 .debug_macro   0x0000000000000000      0x14c HAL/keypad.o
 .debug_macro   0x000000000000014c      0xa60 HAL/keypad.o
 .debug_macro   0x0000000000000bac       0x18 HAL/keypad.o
 .debug_macro   0x0000000000000bc4       0x22 HAL/keypad.o
 .debug_macro   0x0000000000000be6       0x40 HAL/keypad.o
 .debug_macro   0x0000000000000c26       0x94 HAL/keypad.o
 .debug_macro   0x0000000000000cba       0x3c HAL/keypad.o
 .debug_macro   0x0000000000000cf6       0x34 HAL/keypad.o
 .debug_macro   0x0000000000000d2a       0x16 HAL/keypad.o
 .debug_macro   0x0000000000000d40      0x10e HAL/keypad.o
 .debug_macro   0x0000000000000e4e       0x8d HAL/keypad.o
 .debug_macro   0x0000000000000edb       0x57 HAL/keypad.o
 .debug_macro   0x0000000000000f32       0x52 HAL/keypad.o
 .debug_macro   0x0000000000000f84       0x1f HAL/keypad.o
 .debug_macro   0x0000000000000fa3       0x43 HAL/keypad.o
 .debug_macro   0x0000000000000fe6       0x20 HAL/keypad.o
 .debug_macro   0x0000000000001006      0x1a3 HAL/keypad.o
 .debug_macro   0x00000000000011a9      0x330 HAL/keypad.o
 .debug_macro   0x00000000000014d9       0x16 HAL/keypad.o
 .debug_macro   0x00000000000014ef       0x29 HAL/keypad.o
 .debug_macro   0x0000000000001518       0xef HAL/keypad.o
 .debug_macro   0x0000000000001607       0x6a HAL/keypad.o
 .debug_macro   0x0000000000001671      0x1df HAL/keypad.o
 .debug_macro   0x0000000000001850      0x1b0 HAL/keypad.o
 .debug_macro   0x0000000000001a00       0xd0 HAL/keypad.o
 .debug_macro   0x0000000000001ad0       0x40 HAL/keypad.o
 .debug_macro   0x0000000000001b10      0x151 HAL/lcd.o
 .debug_macro   0x0000000000001c61       0x10 HAL/lcd.o
 .debug_macro   0x0000000000001c71       0x9a HAL/lcd.o
 .debug_macro   0x0000000000001d0b      0x191 Src/main.o
 .debug_macro   0x0000000000001e9c       0xa6 Src/main.o
 .debug_macro   0x0000000000001f42      0x156 stm32_f103c6_driver/stm32_f103c6_driver_EXTI.o
 .debug_macro   0x0000000000002098       0xd6 stm32_f103c6_driver/stm32_f103c6_driver_EXTI.o
 .debug_macro   0x000000000000216e      0x227 stm32_f103c6_driver/stm32_f103c6_driver_EXTI.o
 .debug_macro   0x0000000000002395      0x143 stm32_f103c6_driver/stm32_f103c6_driver_GPIO.o

.debug_line     0x0000000000000000     0x2287
 .debug_line    0x0000000000000000      0x68d HAL/keypad.o
 .debug_line    0x000000000000068d      0x6f8 HAL/lcd.o
 .debug_line    0x0000000000000d85      0x67a Src/main.o
 .debug_line    0x00000000000013ff       0x84 Startup/startup_stm32f103c6tx.o
 .debug_line    0x0000000000001483      0x75b stm32_f103c6_driver/stm32_f103c6_driver_EXTI.o
 .debug_line    0x0000000000001bde      0x6a9 stm32_f103c6_driver/stm32_f103c6_driver_GPIO.o

.debug_str      0x0000000000000000     0x954d
 .debug_str     0x0000000000000000     0x7a7a HAL/keypad.o
                                       0x7cdb (size before relaxing)
 .debug_str     0x0000000000007a7a      0x348 HAL/lcd.o
                                       0x7f4e (size before relaxing)
 .debug_str     0x0000000000007dc2       0xe1 Src/main.o
                                       0x8007 (size before relaxing)
 .debug_str     0x0000000000007ea3       0x31 Startup/startup_stm32f103c6tx.o
                                         0x8b (size before relaxing)
 .debug_str     0x0000000000007ed4     0x155e stm32_f103c6_driver/stm32_f103c6_driver_EXTI.o
                                       0x916d (size before relaxing)
 .debug_str     0x0000000000009432      0x11b stm32_f103c6_driver/stm32_f103c6_driver_GPIO.o
                                       0x7d58 (size before relaxing)

.comment        0x0000000000000000       0x7b
 .comment       0x0000000000000000       0x7b HAL/keypad.o
                                         0x7c (size before relaxing)
 .comment       0x000000000000007b       0x7c HAL/lcd.o
 .comment       0x000000000000007b       0x7c Src/main.o
 .comment       0x000000000000007b       0x7c stm32_f103c6_driver/stm32_f103c6_driver_EXTI.o
 .comment       0x000000000000007b       0x7c stm32_f103c6_driver/stm32_f103c6_driver_GPIO.o

.debug_frame    0x0000000000000000      0x5c4
 .debug_frame   0x0000000000000000       0x80 HAL/keypad.o
 .debug_frame   0x0000000000000080      0x154 HAL/lcd.o
 .debug_frame   0x00000000000001d4       0x9c Src/main.o
 .debug_frame   0x0000000000000270      0x1b0 stm32_f103c6_driver/stm32_f103c6_driver_EXTI.o
 .debug_frame   0x0000000000000420      0x178 stm32_f103c6_driver/stm32_f103c6_driver_GPIO.o
 .debug_frame   0x0000000000000598       0x2c c:/st/stm32cubeide_1.4.0/stm32cubeide/plugins/com.st.stm32cube.ide.mcu.externaltools.gnu-tools-for-stm32.7-2018-q2-update.win32_1.4.0.202007081208/tools/bin/../lib/gcc/arm-none-eabi/7.3.1/../../../../arm-none-eabi/lib/thumb/v7-m\libc_nano.a(lib_a-init.o)
